******************************************************************************
                  TI ARM Linker PC v20.2.7                     
******************************************************************************
>> Linked Wed Aug 28 16:41:11 2024

OUTPUT FILE NAME:   <uartecho_MSP_EXP432E401Y_tirtos_ccs.out>
ENTRY POINT SYMBOL: "_c_int00"  address: 00004a7d


MEMORY CONFIGURATION

         name            origin    length      used     unused   attr    fill
----------------------  --------  ---------  --------  --------  ----  --------
  FLASH                 00000000   00100000  000079b8  000f8648  R  X
  SRAM                  20000000   00040000  00021498  0001eb68  RW X


SEGMENT ALLOCATION MAP

run origin  load origin   length   init length attrs members
----------  ----------- ---------- ----------- ----- -------
00000000    00000000    000079c0   000079c0    r-x
  00000000    00000000    0000003c   0000003c    r-- .resetVecs
  00000040    00000040    00006d2a   00006d2a    r-x .text
  00006d6c    00006d6c    00000982   00000982    r-- .const
  000076f0    000076f0    000002d0   000002d0    r-- .cinit
20000360    20000360    00020000   00000000    r--
  20000360    20000360    00020000   00000000    r-- .priheap
20020360    20020360    00000d38   00000000    rw-
  20020360    20020360    00000704   00000000    rw- .bss
  20020a64    20020a64    00000634   00000000    rw- .data
2003fc00    2003fc00    00000400   00000000    rw-
  2003fc00    2003fc00    00000400   00000000    rw- .stack


SECTION ALLOCATION MAP

 output                                  attributes/
section   page    origin      length       input sections
--------  ----  ----------  ----------   ----------------
.text      0    00000040    00006d2a     
                  00000040    00000a4e     rtsv7M4_T_le_v4SPD16_eabi.lib : _printfi.c.obj (.text:__TI_printfi)
                  00000a8e    00000002     ti_drivers_config.obj (.text:Board_initHook)
                  00000a90    000002f0     drivers_msp432e4.aem4f : UARTMSP432E4.oem4f (.text:UARTMSP432E4_open)
                  00000d80    000002a0     sysbios.aem4f : BIOS.obj (.text:ti_sysbios_family_arm_msp432e4_init_Boot_sysCtlClockFreqSetI__I)
                  00001020    00000270     rtsv7M4_T_le_v4SPD16_eabi.lib : _printfi.c.obj (.text:_pconv_a)
                  00001290    0000023a     msp432e4_driverlib.a : gpio.o (.text:GPIOPadConfigSet)
                  000014ca    00000002     drivers_msp432e4.aem4f : UARTMSP432E4.oem4f (.text:UARTMSP432E4_init)
                  000014cc    000001d0     rtsv7M4_T_le_v4SPD16_eabi.lib : _printfi.c.obj (.text:_pconv_g)
                  0000169c    000001b6                                   : fd_add_t2.asm.obj (.text)
                  00001852    00000002                                   : _lock.c.obj (.text:_nop)
                  00001854    00000184     drivers_msp432e4.aem4f : GPIOMSP432E4.oem4f (.text:GPIO_setConfig)
                  000019d8    00000174     uartecho.obj (.text:mainThread)
                  00001b4c    00000004     dpl_msp432e4.aem4f : ClockP_tirtos.oem4f (.text:ClockP_getCpuFreq)
                  00001b50    00000154     sysbios.aem4f : BIOS.obj (.text:ti_sysbios_knl_Task_Instance_finalize__E)
                  00001ca4    0000013c     rtsv7M4_T_le_v4SPD16_eabi.lib : _printfi.c.obj (.text:_pconv_e)
                  00001de0    00000136                                   : fd_div_t2.asm.obj (.text)
                  00001f16    00000002                                   : div0.asm.obj (.text)
                  00001f18    00000131     CommandTerminal.obj (.text:AboutMsg)
                  00002049    00000001     --HOLE-- [fill = 0]
                  0000204a    00000004     dpl_msp432e4.aem4f : ClockP_tirtos.oem4f (.text:ClockP_setTimeout)
                  0000204e    00000002     release_pem4f.oem4f (.text:ti_sysbios_BIOS_nullFunc__I)
                  00002050    00000130     sysbios.aem4f : BIOS.obj (.text:ti_sysbios_knl_Semaphore_pend__E)
                  00002180    00000124     rtsv7M4_T_le_v4SPD16_eabi.lib : _printfi.c.obj (.text:fcvt)
                  000022a4    00000004     dpl_msp432e4.aem4f : ClockP_tirtos.oem4f (.text:ClockP_start)
                  000022a8    00000120     sysbios.aem4f : BIOS.obj (.text:xdc_runtime_Startup_startMods__I)
                  000023c8    00000117     CommandTerminal.obj (.text:HelpMsg)
                  000024df    00000001     --HOLE-- [fill = 0]
                  000024e0    00000110     rtsv7M4_T_le_v4SPD16_eabi.lib : s_scalbn.c.obj (.text:scalbn)
                  000025f0    00000110     sysbios.aem4f : BIOS.obj (.text:ti_sysbios_knl_Task_postInit__I)
                  00002700    0000010c                   : BIOS.obj (.text:ti_sysbios_family_arm_lm4_Timer_start__E)
                  0000280c    000000fc     rtsv7M4_T_le_v4SPD16_eabi.lib : fd_mul_t2.asm.obj (.text)
                  00002908    000000f0     sysbios.aem4f : BIOS.obj (.text:pthread_create)
                  000029f8    000000f0                   : m3_Hwi_asm.obj (.text:ti_sysbios_family_arm_m3_Hwi_dispatch__I)
                  00002ae8    000000e8                   : BIOS.obj (.text:ti_sysbios_knl_Task_Instance_init__E)
                  00002bd0    000000d0                   : BIOS.obj (.text:ti_sysbios_heaps_HeapMem_alloc__E)
                  00002ca0    000000be     drivers_msp432e4.aem4f : UARTMSP432E4.oem4f (.text:UARTMSP432E4_close)
                  00002d5e    00000002     --HOLE-- [fill = 0]
                  00002d60    000000bc     sysbios.aem4f : BIOS.obj (.text:ti_sysbios_knl_Task_exit__E)
                  00002e1c    00000004     dpl_msp432e4.aem4f : ClockP_tirtos.oem4f (.text:ClockP_stop)
                  00002e20    000000bc     sysbios.aem4f : BIOS.obj (.text:xdc_runtime_Core_createObject__I)
                  00002edc    00000004     dpl_msp432e4.aem4f : HwiP_tirtos.oem4f (.text:HwiP_disable)
                  00002ee0    000000b8     sysbios.aem4f : BIOS.obj (.text:ti_sysbios_family_arm_m3_Hwi_Instance_init__E)
                  00002f98    000000b6     drivers_msp432e4.aem4f : UARTMSP432E4.oem4f (.text:readTaskCallback)
                  0000304e    00000002     --HOLE-- [fill = 0]
                  00003050    000000b1     rtsv7M4_T_le_v4SPD16_eabi.lib : _printfi.c.obj (.text:_ltostr)
                  00003101    00000001     --HOLE-- [fill = 0]
                  00003102    000000b0     drivers_msp432e4.aem4f : UARTMSP432E4.oem4f (.text:readTaskBlocking)
                  000031b2    00000004     dpl_msp432e4.aem4f : SemaphoreP_tirtos.oem4f (.text:SemaphoreP_post)
                  000031b6    00000002     --HOLE-- [fill = 0]
                  000031b8    000000b0     sysbios.aem4f : BIOS.obj (.text:ti_sysbios_family_arm_lm4_Timer_enableTiva__I)
                  00003268    000000ac     drivers_msp432e4.aem4f : GPIOMSP432E4.oem4f (.text:GPIO_init)
                  00003314    000000a4     msp432e4_driverlib.a : gpio.o (.text:GPIOIntTypeSet)
                  000033b8    000000a4     sysbios.aem4f : BIOS.obj (.text:ti_sysbios_knl_Task_setPri__E)
                  0000345c    000000a0     auto_init.aem4f : auto_init.oem4f (.text)
                  000034fc    0000009e     drivers_msp432e4.aem4f : UARTMSP432E4.oem4f (.text:UARTMSP432E4_readPolling)
                  0000359a    00000004     release_pem4f.oem4f (.text:ti_sysbios_BIOS_RtsGateProxy_enter__E)
                  0000359e    00000002     --HOLE-- [fill = 0]
                  000035a0    0000009c     sysbios.aem4f : BIOS.obj (.text:_pthread_removeThreadKeys)
                  0000363c    0000009c     rtsv7M4_T_le_v4SPD16_eabi.lib : memcpy_t2.asm.obj (.text)
                  000036d8    00000098     drivers_msp432e4.aem4f : UARTMSP432E4.oem4f (.text:UARTMSP432E4_write)
                  00003770    00000096     rtsv7M4_T_le_v4SPD16_eabi.lib : ull_div_t2.asm.obj (.text)
                  00003806    00000094     drivers_msp432e4.aem4f : UARTMSP432E4.oem4f (.text:readIsrTextBlocking)
                  0000389a    00000004     release_pem4f.oem4f (.text:ti_sysbios_BIOS_RtsGateProxy_leave__E)
                  0000389e    00000002     --HOLE-- [fill = 0]
                  000038a0    00000094     sysbios.aem4f : BIOS.obj (.text:ti_sysbios_family_arm_m3_Hwi_initNVIC__E)
                  00003934    00000090     drivers_msp432e4.aem4f : UARTMSP432E4.oem4f (.text:UARTMSP432E4_control)
                  000039c4    00000004     sysbios.aem4f : BIOS.obj (.text:ti_sysbios_family_arm_lm4_Timer_masterEnable__I)
                  000039c8    00000090                   : BIOS.obj (.text:ti_sysbios_knl_Task_Module_startup__E)
                  00003a58    0000008c                   : m3_TaskSupport_asm.obj (.text:ti_sysbios_family_arm_m3_TaskSupport_buildTaskStack)
                  00003ae4    00000004     release_pem4f.oem4f (.text:ti_sysbios_family_arm_m3_Hwi_delete)
                  00003ae8    0000008c     sysbios.aem4f : BIOS.obj (.text:xdc_runtime_Memory_alloc__E)
                  00003b74    00000088     drivers_msp432e4.aem4f : UARTMSP432E4.oem4f (.text:readIsrTextCallback)
                  00003bfc    00000086     rtsv7M4_T_le_v4SPD16_eabi.lib : fd_cmp_t2.asm.obj (.text:__aeabi_cdcmple)
                  00003c82    00000086                                   : fd_cmp_t2.asm.obj (.text:__aeabi_cdrcmple)
                  00003d08    00000086     sysbios.aem4f : BIOS.obj (.text:xdc_runtime_Core_constructObject__I)
                  00003d8e    00000002     --HOLE-- [fill = 0]
                  00003d90    00000084                   : BIOS.obj (.text:ti_sysbios_family_arm_m3_Hwi_postInit__I)
                  00003e14    00000004     release_pem4f.oem4f (.text:ti_sysbios_family_arm_m3_TaskSupport_Module__startupDone__S)
                  00003e18    00000084     sysbios.aem4f : BIOS.obj (.text:ti_sysbios_heaps_HeapMem_free__E)
                  00003e9c    00000004     release_pem4f.oem4f (.text:ti_sysbios_heaps_HeapMem_Module_GateProxy_enter__E)
                  00003ea0    00000080     sysbios.aem4f : BIOS.obj (.text:ti_sysbios_knl_Clock_workFunc__E)
                  00003f20    0000007c     drivers_msp432e4.aem4f : UARTMSP432E4.oem4f (.text:writeData)
                  00003f9c    0000007a     rtsv7M4_T_le_v4SPD16_eabi.lib : memset_t2.asm.obj (.text)
                  00004016    00000076     msp432e4_driverlib.a : uart.o (.text:UARTConfigSetExpClk)
                  0000408c    00000004     release_pem4f.oem4f (.text:ti_sysbios_heaps_HeapMem_Module_GateProxy_leave__E)
                  00004090    00000074     sysbios.aem4f : BIOS.obj (.text:xdc_runtime_Core_deleteObject__I)
                  00004104    00000004     release_pem4f.oem4f (.text:ti_sysbios_knl_Clock_TimerProxy_getMaxTicks__E)
                  00004108    00000070     sysbios.aem4f : BIOS.obj (.text:ti_sysbios_heaps_HeapMem_initPrimary__I)
                  00004178    0000006e     rtsv7M4_T_le_v4SPD16_eabi.lib : _printfi.c.obj (.text:_mcpy)
                  000041e6    00000002     --HOLE-- [fill = 0]
                  000041e8    0000006c     drivers_msp432e4.aem4f : PowerMSP432E4.oem4f (.text:Power_releaseDependency)
                  00004254    00000004     release_pem4f.oem4f (.text:ti_sysbios_knl_Clock_delete)
                  00004258    0000006c     sysbios.aem4f : BIOS.obj (.text:ti_sysbios_knl_Swi_restoreHwi__E)
                  000042c4    00000068     drivers_msp432e4.aem4f : GPIOMSP432E4.oem4f (.text:GPIO_hwiIntFxn)
                  0000432c    00000068                            : PowerMSP432E4.oem4f (.text:Power_setDependency)
                  00004394    00000068     rtsv7M4_T_le_v4SPD16_eabi.lib : copy_decompress_lzss.c.obj (.text:decompress:lzss:__TI_decompress_lzss)
                  000043fc    00000004     release_pem4f.oem4f (.text:ti_sysbios_knl_Semaphore_delete)
                  00004400    00000068     sysbios.aem4f : BIOS.obj (.text:pthread_exit)
                  00004468    00000068     drivers_msp432e4.aem4f : UARTMSP432E4.oem4f (.text:readIsrBinaryBlocking)
                  000044d0    00000064                            : PowerMSP432E4.oem4f (.text:Power_init)
                  00004534    00000064     rtsv7M4_T_le_v4SPD16_eabi.lib : s_frexp.c.obj (.text:frexp)
                  00004598    00000064     main_tirtos.obj (.text:main)
                  000045fc    00000064     drivers_msp432e4.aem4f : UARTMSP432E4.oem4f (.text:readIsrBinaryCallback)
                  00004660    00000064     sysbios.aem4f : BIOS.obj (.text:ti_sysbios_family_arm_lm4_Timer_Module_startup__E)
                  000046c4    00000004     release_pem4f.oem4f (.text:ti_sysbios_knl_Task_delete)
                  000046c8    00000064     sysbios.aem4f : BIOS.obj (.text:ti_sysbios_family_arm_m3_Hwi_dispatchC__I)
                  0000472c    00000004     release_pem4f.oem4f (.text:xdc_runtime_System_Module_GateProxy_enter__E)
                  00004730    00000060     sysbios.aem4f : BIOS.obj (.text:ti_sysbios_knl_Semaphore_post__E)
                  00004790    00000060                   : BIOS.obj (.text:ti_sysbios_knl_Swi_run__I)
                  000047f0    0000005c     msp432e4_driverlib.a : gpio.o (.text:GPIODirModeSet)
                  0000484c    0000005c     CommandTerminal.obj (.text:MsgParser)
                  000048a8    0000005c     drivers_msp432e4.aem4f : UARTMSP432E4.oem4f (.text:getPowerResourceId)
                  00004904    00000004     release_pem4f.oem4f (.text:xdc_runtime_System_Module_GateProxy_leave__E)
                  00004908    0000005c     sysbios.aem4f : BIOS.obj (.text:ti_sysbios_knl_Swi_schedule__I)
                  00004964    00000004     --HOLE-- [fill = 0]
                  00004968    0000005c                   : BIOS.obj (.text:ti_sysbios_knl_Task_startCore__E)
                  000049c4    00000004     --HOLE-- [fill = 0]
                  000049c8    0000005c                   : BIOS.obj (.text:xdc_runtime_Startup_exec__E)
                  00004a24    00000058     drivers_msp432e4.aem4f : GPIOMSP432E4.oem4f (.text:GPIO_setCallback)
                  00004a7c    00000058     boot.aem4f : boot.oem4f (.text)
                  00004ad4    00000058     sysbios.aem4f : m3_Hwi_asm_switch.obj (.text:ti_sysbios_family_arm_m3_Hwi_initStacks__E)
                  00004b2c    00000056     rtsv7M4_T_le_v4SPD16_eabi.lib : _printfi.c.obj (.text:_pconv_f)
                  00004b82    00000002     --HOLE-- [fill = 0]
                  00004b84    00000054     drivers_msp432e4.aem4f : GPIOMSP432E4.oem4f (.text:GPIO_write)
                  00004bd8    00000054     rtsv7M4_T_le_v4SPD16_eabi.lib : _ltoa.c.obj (.text:__TI_ltoa)
                  00004c2c    00000004     --HOLE-- [fill = 0]
                  00004c30    00000054     sysbios.aem4f : BIOS.obj (.text:ti_sysbios_family_arm_lm4_Timer_initDevice__I)
                  00004c84    00000054     release_pem4f.oem4f (.text:ti_sysbios_family_arm_m3_Hwi_create)
                  00004cd8    00000052     rtsv7M4_T_le_v4SPD16_eabi.lib : _printfi.c.obj (.text:_ecpy)
                  00004d2a    00000050     drivers_msp432e4.aem4f : UARTMSP432E4.oem4f (.text:UARTMSP432E4_hwiIntFxn)
                  00004d7a    00000006     --HOLE-- [fill = 0]
                  00004d80    00000050     sysbios.aem4f : BIOS.obj (.text:ti_sysbios_family_arm_m3_Hwi_Module_startup__E)
                  00004dd0    00000050                   : BIOS.obj (.text:ti_sysbios_knl_Clock_Instance_init__E)
                  00004e20    00000050     release_pem4f.oem4f (.text:ti_sysbios_knl_Task_create)
                  00004e70    0000004c     drivers_msp432e4.aem4f : UARTMSP432E4.oem4f (.text:UARTMSP432E4_writePolling)
                  00004ebc    0000004c     rtsv7M4_T_le_v4SPD16_eabi.lib : atoi.c.obj (.text:atoi)
                  00004f08    0000004c                                   : cpy_tbl.c.obj (.text:copy_in)
                  00004f54    0000004c     drivers_msp432e4.aem4f : UARTMSP432E4.oem4f (.text:ringBufGet)
                  00004fa0    0000004c     sysbios.aem4f : BIOS.obj (.text:ti_sysbios_heaps_HeapMem_getStats__E)
                  00004fec    00000004     --HOLE-- [fill = 0]
                  00004ff0    0000004c                   : BIOS.obj (.text:ti_sysbios_knl_Swi_runLoop__I)
                  0000503c    00000004     --HOLE-- [fill = 0]
                  00005040    0000004c                   : BIOS.obj (.text:ti_sysbios_knl_Task_allBlockedFunction__I)
                  0000508c    00000004     --HOLE-- [fill = 0]
                  00005090    0000004c                   : BIOS.obj (.text:ti_sysbios_knl_Task_schedule__I)
                  000050dc    00000048     drivers_msp432e4.aem4f : UARTMSP432E4.oem4f (.text:UARTMSP432E4_writeCancel)
                  00005124    00000048     rtsv7M4_T_le_v4SPD16_eabi.lib : fd_toi_t2.asm.obj (.text)
                  0000516c    00000004     --HOLE-- [fill = 0]
                  00005170    00000048     sysbios.aem4f : BIOS.obj (.text:ti_sysbios_family_arm_lm4_Timer_enableTimers__I)
                  000051b8    00000048                   : BIOS.obj (.text:ti_sysbios_family_arm_m3_Hwi_disableInterrupt__E)
                  00005200    00000048                   : BIOS.obj (.text:ti_sysbios_family_arm_m3_Hwi_enableInterrupt__E)
                  00005248    00000048                   : BIOS.obj (.text:ti_sysbios_knl_Mailbox_Module_startup__E)
                  00005290    00000048                   : BIOS.obj (.text:ti_sysbios_knl_Task_deleteTerminatedTasksFunc__I)
                  000052d8    00000048                   : BIOS.obj (.text:xdc_runtime_Core_assignParams__I)
                  00005320    00000046     drivers_msp432e4.aem4f : RingBuf.oem4f (.text:RingBuf_put)
                  00005366    00000002     --HOLE-- [fill = 0]
                  00005368    00000044     msp432e4_driverlib.a : gpio.o (.text:GPIOPinConfigure)
                  000053ac    00000044                          : sysctl.o (.text:SysCtlPeripheralPresent)
                  000053f0    00000044                          : sysctl.o (.text:SysCtlPeripheralReady)
                  00005434    00000044     drivers_msp432e4.aem4f : UART.oem4f (.text:UART_init)
                  00005478    00000044     sysbios.aem4f : BIOS.obj (.text:ti_sysbios_family_arm_lm4_Timer_isrStub__E)
                  000054bc    00000004     --HOLE-- [fill = 0]
                  000054c0    00000044                   : BIOS.obj (.text:ti_sysbios_family_arm_m3_Hwi_getStackInfo__E)
                  00005504    00000004     --HOLE-- [fill = 0]
                  00005508    00000044                   : BIOS.obj (.text:ti_sysbios_knl_Mailbox_postInit__I)
                  0000554c    00000004     --HOLE-- [fill = 0]
                  00005550    00000044                   : BIOS.obj (.text:ti_sysbios_knl_Swi_post__E)
                  00005594    00000004     --HOLE-- [fill = 0]
                  00005598    00000044                   : BIOS.obj (.text:xdc_runtime_System_atexit__E)
                  000055dc    00000040     dpl_msp432e4.aem4f : ClockP_tirtos.oem4f (.text:ClockP_create)
                  0000561c    00000040                        : HwiP_tirtos.oem4f (.text:HwiP_create)
                  0000565c    00000040     drivers_msp432e4.aem4f : RingBuf.oem4f (.text:RingBuf_get)
                  0000569c    00000040     msp432e4_driverlib.a : sysctl.o (.text:SysCtlPeripheralDisable)
                  000056dc    00000040                          : sysctl.o (.text:SysCtlPeripheralEnable)
                  0000571c    00000040                          : sysctl.o (.text:SysCtlPeripheralPowerOff)
                  0000575c    00000040                          : sysctl.o (.text:SysCtlPeripheralPowerOn)
                  0000579c    00000040                          : sysctl.o (.text:SysCtlPeripheralSleepDisable)
                  000057dc    00000040                          : sysctl.o (.text:SysCtlPeripheralSleepEnable)
                  0000581c    00000040     drivers_msp432e4.aem4f : UARTMSP432E4.oem4f (.text:UARTMSP432E4_read)
                  0000585c    00000040                            : UART.oem4f (.text:UART_open)
                  0000589c    00000040     rtsv7M4_T_le_v4SPD16_eabi.lib : sprintf.c.obj (.text:sprintf)
                  000058dc    00000004     --HOLE-- [fill = 0]
                  000058e0    00000040     sysbios.aem4f : BIOS.obj (.text:ti_sysbios_family_arm_lm4_Timer_startup__E)
                  00005920    00000040                   : BIOS.obj (.text:ti_sysbios_heaps_HeapMem_Instance_init__E)
                  00005960    0000003e     CommandTerminal.obj (.text:InvalidMsg)
                  0000599e    0000003e     rtsv7M4_T_le_v4SPD16_eabi.lib : _printfi.c.obj (.text:_fcpy)
                  000059dc    00000004     --HOLE-- [fill = 0]
                  000059e0    0000003c     sysbios.aem4f : BIOS.obj (.text:ti_sysbios_family_arm_m3_Hwi_Instance_finalize__E)
                  00005a1c    0000003c     release_pem4f.oem4f (.text:ti_sysbios_knl_Clock_create)
                  00005a58    0000003c     sysbios.aem4f : BIOS.obj (.text:ti_sysbios_knl_Swi_restore__E)
                  00005a94    00000004     --HOLE-- [fill = 0]
                  00005a98    0000003c                   : BIOS.obj (.text:xdc_runtime_System_processAtExit__E)
                  00005ad4    00000004     --HOLE-- [fill = 0]
                  00005ad8    00000038                   : BIOS.obj (.text:ti_sysbios_knl_Task_processVitalTaskFlag__I)
                  00005b10    00000036     drivers_msp432e4.aem4f : UARTMSP432E4.oem4f (.text:UARTMSP432E4_readCancel)
                  00005b46    00000002     --HOLE-- [fill = 0]
                  00005b48    00000034     sysbios.aem4f : BIOS.obj (.text:_pthread_delete$43)
                  00005b7c    00000034     release_pem4f.oem4f (.text:ti_sysbios_knl_Semaphore_create)
                  00005bb0    00000032     sysbios.aem4f : BIOS.obj (.text:ti_sysbios_hal_Hwi_initStack)
                  00005be2    00000002     --HOLE-- [fill = 0]
                  00005be4    00000030     ti_drivers_config.obj (.text:Board_init)
                  00005c14    00000030     drivers_msp432e4.aem4f : GPIOMSP432E4.oem4f (.text:GPIOMSP432E4_undoPinConfig)
                  00005c44    00000030     msp432e4_driverlib.a : uart.o (.text:UARTDisable)
                  00005c74    00000030     release_pem4f.oem4f (.text:ti_sysbios_BIOS_atExitFunc__I)
                  00005ca4    00000030     release_pem4f.oem4f (.text:ti_sysbios_BIOS_startFunc__I)
                  00005cd4    00000004     --HOLE-- [fill = 0]
                  00005cd8    00000030     sysbios.aem4f : BIOS.obj (.text:ti_sysbios_family_arm_lm4_Timer_stop__E)
                  00005d08    00000030                   : BIOS.obj (.text:ti_sysbios_family_arm_m3_TaskSupport_start__E)
                  00005d38    00000030     release_pem4f.oem4f (.text:ti_sysbios_gates_GateHwi_Object__create__S)
                  00005d68    00000030     release_pem4f.oem4f (.text:ti_sysbios_gates_GateMutex_Object__create__S)
                  00005d98    00000030     sysbios.aem4f : BIOS.obj (.text:ti_sysbios_gates_GateMutex_enter__E)
                  00005dc8    00000030     release_pem4f.oem4f (.text:ti_sysbios_heaps_HeapMem_Object__create__S)
                  00005df8    00000030     release_pem4f.oem4f (.text:ti_sysbios_knl_Semaphore_construct)
                  00005e28    00000030     sysbios.aem4f : BIOS.obj (.text:ti_sysbios_knl_Semaphore_pendTimeout__I)
                  00005e58    00000030                   : BIOS.obj (.text:ti_sysbios_knl_Task_restore__E)
                  00005e88    00000030                   : BIOS.obj (.text:ti_sysbios_knl_Task_unblockI__E)
                  00005eb8    0000002e     rtsv7M4_T_le_v4SPD16_eabi.lib : i_tofd_t2.asm.obj (.text)
                  00005ee6    0000002e                                   : strcasecmp.c.obj (.text:strcasecmp)
                  00005f14    0000002c     dpl_msp432e4.aem4f : SemaphoreP_tirtos.oem4f (.text:SemaphoreP_createBinary)
                  00005f40    0000002c     msp432e4_driverlib.a : sysctl.o (.text:SysCtlPeripheralClockGating)
                  00005f6c    00000004     --HOLE-- [fill = 0]
                  00005f70    0000002c     sysbios.aem4f : BIOS.obj (.text:_pthread_cleanupFxn)
                  00005f9c    0000002c     release_pem4f.oem4f (.text:ti_sysbios_gates_GateHwi_Handle__label__S)
                  00005fc8    0000002c     release_pem4f.oem4f (.text:ti_sysbios_gates_GateMutex_Handle__label__S)
                  00005ff4    0000002c     release_pem4f.oem4f (.text:ti_sysbios_heaps_HeapMem_Handle__label__S)
                  00006020    0000002c     release_pem4f.oem4f (.text:ti_sysbios_knl_Clock_doTick__I)
                  0000604c    0000002c     release_pem4f.oem4f (.text:ti_sysbios_knl_Queue_construct)
                  00006078    0000002b     CommandTerminal.obj (.text:ClearMsg)
                  000060a3    00000001     --HOLE-- [fill = 0]
                  000060a4    00000028     sysbios.aem4f : m3_Hwi_asm.obj (.text:ti_sysbios_family_arm_m3_Hwi_excHandlerAsm__I)
                  000060cc    00000004     --HOLE-- [fill = 0]
                  000060d0    00000028                   : BIOS.obj (.text:ti_sysbios_knl_Clock_addI__E)
                  000060f8    00000028                   : BIOS.obj (.text:ti_sysbios_knl_Swi_Module_startup__E)
                  00006120    00000026                   : m3_Hwi_asm.obj (.text:ti_sysbios_family_arm_m3_Hwi_pendSV__I)
                  00006146    00000024     msp432e4_driverlib.a : gpio.o (.text:GPIOPinTypeUART)
                  0000616a    00000024                          : uart.o (.text:UARTCharPutNonBlocking)
                  0000618e    00000024                          : uart.o (.text:UARTEnable)
                  000061b2    00000006     --HOLE-- [fill = 0]
                  000061b8    00000024     sysbios.aem4f : BIOS.obj (.text:pthread_attr_init)
                  000061dc    00000024     release_pem4f.oem4f (.text:ti_sysbios_BIOS_registerRTSLock__I)
                  00006200    00000024     release_pem4f.oem4f (.text:ti_sysbios_BIOS_removeRTSLock__I)
                  00006224    00000024     release_pem4f.oem4f (.text:ti_sysbios_gates_GateMutex_Object__delete__S)
                  00006248    00000024     sysbios.aem4f : BIOS.obj (.text:ti_sysbios_knl_Clock_Module_startup__E)
                  0000626c    00000024     release_pem4f.oem4f (.text:ti_sysbios_knl_Clock_Object__delete__S)
                  00006290    00000024     sysbios.aem4f : BIOS.obj (.text:ti_sysbios_knl_Clock_start__E)
                  000062b4    00000004     --HOLE-- [fill = 0]
                  000062b8    00000024                   : BIOS.obj (.text:ti_sysbios_knl_Semaphore_Instance_init__E)
                  000062dc    00000024     release_pem4f.oem4f (.text:ti_sysbios_knl_Semaphore_Object__delete__S)
                  00006300    00000024     sysbios.aem4f : BIOS.obj (.text:ti_sysbios_knl_Task_restoreHwi__E)
                  00006324    00000004     --HOLE-- [fill = 0]
                  00006328    00000024                   : BIOS.obj (.text:xdc_runtime_Error_policyMin__E)
                  0000634c    00000022     msp432e4_driverlib.a : gpio.o (.text:GPIOIntStatus)
                  0000636e    00000002     --HOLE-- [fill = 0]
                  00006370    00000022     sysbios.aem4f : BIOS.obj (.text:ti_sysbios_family_arm_lm4_Timer_write__I)
                  00006392    00000020     msp432e4_driverlib.a : gpio.o (.text:GPIOPinWrite)
                  000063b2    00000020     drivers_msp432e4.aem4f : RingBuf.oem4f (.text:RingBuf_peek)
                  000063d2    00000020                            : GPIOMSP432E4.oem4f (.text:getGpioIntIndex)
                  000063f2    00000002     --HOLE-- [fill = 0]
                  000063f4    00000020     release_pem4f.oem4f (.text:ti_sysbios_BIOS_rtsLock__I)
                  00006414    00000020     release_pem4f.oem4f (.text:ti_sysbios_family_arm_m3_Hwi_Object__delete__S)
                  00006434    00000020     release_pem4f.oem4f (.text:ti_sysbios_gates_GateHwi_Object__delete__S)
                  00006454    00000020     release_pem4f.oem4f (.text:ti_sysbios_heaps_HeapMem_Object__delete__S)
                  00006474    00000004     --HOLE-- [fill = 0]
                  00006478    00000020     sysbios.aem4f : BIOS.obj (.text:ti_sysbios_knl_Idle_run__E)
                  00006498    00000020     release_pem4f.oem4f (.text:ti_sysbios_knl_Semaphore_destruct)
                  000064b8    00000020     release_pem4f.oem4f (.text:ti_sysbios_knl_Task_Object__delete__S)
                  000064d8    0000001e     msp432e4_driverlib.a : uart.o (.text:UARTBusy)
                  000064f6    0000001e                          : uart.o (.text:UARTCharPut)
                  00006514    0000001e                          : uart.o (.text:UARTCharsAvail)
                  00006532    0000001e                          : uart.o (.text:UARTIntStatus)
                  00006550    0000001e     sysbios.aem4f : m3_Hwi_asm_switch.obj (.text:ti_sysbios_family_xxx_Hwi_switchAndRunFunc)
                  0000656e    0000001c     msp432e4_driverlib.a : uart.o (.text:UARTCharGetNonBlocking)
                  0000658a    0000001c                          : uart.o (.text:UARTFlowControlSet)
                  000065a6    0000001c                          : uart.o (.text:UARTTxIntModeSet)
                  000065c2    0000001c     rtsv7M4_T_le_v4SPD16_eabi.lib : memccpy.c.obj (.text:memccpy)
                  000065de    00000002     --HOLE-- [fill = 0]
                  000065e0    0000001c     sysbios.aem4f : BIOS.obj (.text:ti_sysbios_family_arm_m3_Hwi_excHandler__I)
                  000065fc    00000004     --HOLE-- [fill = 0]
                  00006600    0000001c                   : BIOS.obj (.text:ti_sysbios_gates_GateMutex_Instance_init__E)
                  0000661c    00000004     --HOLE-- [fill = 0]
                  00006620    0000001c                   : BIOS.obj (.text:ti_sysbios_knl_Clock_Instance_finalize__E)
                  0000663c    0000001c     release_pem4f.oem4f (.text:ti_sysbios_knl_Queue_destruct)
                  00006658    0000001c     sysbios.aem4f : BIOS.obj (.text:ti_sysbios_knl_Queue_put__E)
                  00006674    00000004     --HOLE-- [fill = 0]
                  00006678    0000001c                   : BIOS.obj (.text:ti_sysbios_knl_Task_enter__I)
                  00006694    00000004     --HOLE-- [fill = 0]
                  00006698    0000001c                   : BIOS.obj (.text:ti_sysbios_rts_ti_ReentSupport_getReent__F)
                  000066b4    0000001a     rtsv7M4_T_le_v4SPD16_eabi.lib : s_copysign.c.obj (.text:copysign)
                  000066ce    00000002     --HOLE-- [fill = 0]
                  000066d0    00000018     drivers_msp432e4.aem4f : PowerMSP432E4.oem4f (.text:Power_idleFunc)
                  000066e8    00000018     msp432e4_driverlib.a : uart.o (.text:UARTFIFOLevelSet)
                  00006700    00000018                          : uart.o (.text:UARTIntDisable)
                  00006718    00000018                          : uart.o (.text:UARTIntEnable)
                  00006730    00000018     drivers_msp432e4.aem4f : UART.oem4f (.text:UART_Params_init)
                  00006748    00000018     rtsv7M4_T_le_v4SPD16_eabi.lib : args_main.c.obj (.text:_args_main)
                  00006760    00000018                                   : sprintf.c.obj (.text:_outs)
                  00006778    00000018     release_pem4f.oem4f (.text:ti_sysbios_BIOS_rtsUnlock__I)
                  00006790    00000018     release_pem4f.oem4f (.text:ti_sysbios_family_arm_lm4_Timer_Module__startupDone__F)
                  000067a8    00000018     release_pem4f.oem4f (.text:ti_sysbios_family_arm_m3_Hwi_Module__startupDone__F)
                  000067c0    00000018     sysbios.aem4f : m3_TaskSupport_asm.obj (.text:ti_sysbios_family_arm_m3_TaskSupport_swap__E)
                  000067d8    00000018                   : BIOS.obj (.text:ti_sysbios_gates_GateMutex_leave__E)
                  000067f0    00000018     release_pem4f.oem4f (.text:ti_sysbios_rts_ti_ReentSupport_getTlsAddr__I)
                  00006808    00000018     sysbios.aem4f : BIOS.obj (.text:xdc_runtime_Error_init__E)
                  00006820    00000018                   : BIOS.obj (.text:xdc_runtime_System_exit__E)
                  00006838    00000016     msp432e4_driverlib.a : uart.o (.text:UARTCharGet)
                  0000684e    00000016     rtsv7M4_T_le_v4SPD16_eabi.lib : strchr.c.obj (.text:strchr)
                  00006864    00000016     release_pem4f.oem4f (.text:ti_sysbios_BIOS_exitFunc__I)
                  0000687a    00000014     msp432e4_driverlib.a : gpio.o (.text:GPIOIntClear)
                  0000688e    00000002     --HOLE-- [fill = 0]
                  00006890    00000014     drivers_msp432e4.aem4f : GPIOMSP432E4.oem4f (.text:GPIOMSP432E4_getGpioBaseAddr)
                  000068a4    00000014                            : GPIOMSP432E4.oem4f (.text:GPIOMSP432E4_getPowerResourceId)
                  000068b8    00000014     sysbios.aem4f : BIOS.obj (.text:pthread_attr_setschedparam)
                  000068cc    00000014     rtsv7M4_T_le_v4SPD16_eabi.lib : strlen.c.obj (.text:strlen)
                  000068e0    00000014     release_pem4f.oem4f (.text:ti_sysbios_family_arm_m3_Hwi_Object__get__S)
                  000068f4    00000004     --HOLE-- [fill = 0]
                  000068f8    00000014     sysbios.aem4f : BIOS.obj (.text:ti_sysbios_family_arm_m3_Hwi_switchFromBootStack__E)
                  0000690c    00000014     release_pem4f.oem4f (.text:ti_sysbios_heaps_HeapMem_Object__get__S)
                  00006920    00000014     release_pem4f.oem4f (.text:ti_sysbios_knl_Swi_Object__get__S)
                  00006934    00000014     release_pem4f.oem4f (.text:ti_sysbios_knl_Task_Object__first__S)
                  00006948    00000014     release_pem4f.oem4f (.text:ti_sysbios_knl_Task_Object__next__S)
                  0000695c    00000012     drivers_msp432e4.aem4f : RingBuf.oem4f (.text:RingBuf_construct)
                  0000696e    00000012     dpl_msp432e4.aem4f : SemaphoreP_tirtos.oem4f (.text:SemaphoreP_pend)
                  00006980    00000012     msp432e4_driverlib.a : uart.o (.text:UARTIntClear)
                  00006992    00000012                          : uart.o (.text:UARTRxErrorGet)
                  000069a4    00000004     --HOLE-- [fill = 0]
                  000069a8    00000012     sysbios.aem4f : BIOS.obj (.text:_pthread_runStub$43)
                  000069ba    00000006     --HOLE-- [fill = 0]
                  000069c0    00000012                   : BIOS.obj (.text:ti_sysbios_hal_Hwi_Module_startup__E)
                  000069d2    00000012     rtsv7M4_T_le_v4SPD16_eabi.lib : wcslen.c.obj (.text:wcslen)
                  000069e4    00000012     release_pem4f.oem4f (.text:xdc_runtime_Startup_exec__I)
                  000069f6    00000002     --HOLE-- [fill = 0]
                  000069f8    00000010     release_pem4f.oem4f (.text:.bootCodeSection:ti_sysbios_family_arm_msp432e4_init_Boot_init__I)
                  00006a08    00000010     dpl_msp432e4.aem4f : HwiP_tirtos.oem4f (.text:HwiP_Params_init)
                  00006a18    00000010                        : PowerMSP432E4_tirtos.oem4f (.text:PowerMSP432E4_sleepPolicy)
                  00006a28    00000010     msp432e4_driverlib.a : uart.o (.text:UARTRxErrorClear)
                  00006a38    00000010     drivers_msp432e4.aem4f : UARTMSP432E4.oem4f (.text:readBlockingTimeout)
                  00006a48    00000010     sysbios.aem4f : BIOS.obj (.text:ti_sysbios_BIOS_getCpuFreq__E)
                  00006a58    00000010                   : BIOS.obj (.text:ti_sysbios_BIOS_setThreadType__E)
                  00006a68    00000010                   : BIOS.obj (.text:ti_sysbios_BIOS_start__E)
                  00006a78    00000010                   : m3_TaskSupport_asm.obj (.text:ti_sysbios_family_arm_m3_TaskSupport_glue)
                  00006a88    00000010                   : BIOS.obj (.text:ti_sysbios_gates_GateMutex_Instance_finalize__E)
                  00006a98    00000010     release_pem4f.oem4f (.text:ti_sysbios_knl_Mailbox_Object__get__S)
                  00006aa8    00000010     sysbios.aem4f : BIOS.obj (.text:ti_sysbios_knl_Semaphore_Instance_finalize__E)
                  00006ab8    00000010                   : BIOS.obj (.text:ti_sysbios_knl_Swi_disable__E)
                  00006ac8    00000010     release_pem4f.oem4f (.text:ti_sysbios_knl_Task_Object__get__S)
                  00006ad8    00000010     sysbios.aem4f : BIOS.obj (.text:ti_sysbios_knl_Task_disable__E)
                  00006ae8    00000010                   : BIOS.obj (.text:xdc_runtime_Memory_free__E)
                  00006af8    00000010                   : BIOS.obj (.text:xdc_runtime_SysCallback_abort__E)
                  00006b08    00000010                   : BIOS.obj (.text:xdc_runtime_SysCallback_exit__E)
                  00006b18    0000000e     drivers_msp432e4.aem4f : RingBuf.oem4f (.text:RingBuf_isFull)
                  00006b26    0000000e     rtsv7M4_T_le_v4SPD16_eabi.lib : copy_decompress_none.c.obj (.text:decompress:none:__TI_decompress_none)
                  00006b34    00000004     --HOLE-- [fill = 0]
                  00006b38    0000000e     sysbios.aem4f : BIOS.obj (.text:pthread_attr_setdetachstate)
                  00006b46    00000002     --HOLE-- [fill = 0]
                  00006b48    0000000e                   : BIOS.obj (.text:ti_sysbios_knl_Idle_loop__E)
                  00006b56    00000002     --HOLE-- [fill = 0]
                  00006b58    0000000e                   : BIOS.obj (.text:ti_sysbios_knl_Queue_empty__E)
                  00006b66    0000000c     dpl_msp432e4.aem4f : ClockP_tirtos.oem4f (.text:ClockP_delete)
                  00006b72    0000000c                        : HwiP_tirtos.oem4f (.text:HwiP_delete)
                  00006b7e    0000000c                        : SemaphoreP_tirtos.oem4f (.text:SemaphoreP_delete)
                  00006b8a    00000002     --HOLE-- [fill = 0]
                  00006b8c    0000000c     rtsv7M4_T_le_v4SPD16_eabi.lib : _lock.c.obj (.text:_register_lock)
                  00006b98    0000000c                                   : _lock.c.obj (.text:_register_unlock)
                  00006ba4    0000000c                                   : copy_zero_init.c.obj (.text:decompress:ZI:__TI_zero_init)
                  00006bb0    0000000c     sysbios.aem4f : BIOS.obj (.text:ti_sysbios_family_arm_lm4_Timer_getMaxTicks__E)
                  00006bbc    0000000c     release_pem4f.oem4f (.text:ti_sysbios_family_arm_m3_Hwi_Params__init__S)
                  00006bc8    0000000c     sysbios.aem4f : BIOS.obj (.text:ti_sysbios_family_arm_m3_Hwi_disableFxn__E)
                  00006bd4    00000004     --HOLE-- [fill = 0]
                  00006bd8    0000000c                   : BIOS.obj (.text:ti_sysbios_family_arm_m3_TaskSupport_getStackAlignment__E)
                  00006be4    00000004     --HOLE-- [fill = 0]
                  00006be8    0000000c                   : BIOS.obj (.text:ti_sysbios_gates_GateHwi_enter__E)
                  00006bf4    0000000c     release_pem4f.oem4f (.text:ti_sysbios_knl_Clock_Params__init__S)
                  00006c00    0000000c     release_pem4f.oem4f (.text:ti_sysbios_knl_Queue_Object__get__S)
                  00006c0c    0000000c     release_pem4f.oem4f (.text:ti_sysbios_knl_Semaphore_Params__init__S)
                  00006c18    0000000c     release_pem4f.oem4f (.text:ti_sysbios_knl_Task_Params__init__S)
                  00006c24    00000004     --HOLE-- [fill = 0]
                  00006c28    0000000c     sysbios.aem4f : BIOS.obj (.text:ti_sysbios_knl_Task_self__E)
                  00006c34    00000004     --HOLE-- [fill = 0]
                  00006c38    0000000c                   : BIOS.obj (.text:ti_sysbios_rts_ti_ReentSupport_taskRegHook__I)
                  00006c44    00000004     --HOLE-- [fill = 0]
                  00006c48    0000000c                   : BIOS.obj (.text:xdc_runtime_Startup_rtsDone__E)
                  00006c54    0000000a     dpl_msp432e4.aem4f : ClockP_tirtos.oem4f (.text:ClockP_Params_init)
                  00006c5e    0000000a     main_tirtos.obj (.text:NDK_hookInit)
                  00006c68    0000000a     drivers_msp432e4.aem4f : UART.oem4f (.text:UART_read)
                  00006c72    0000000a                            : UART.oem4f (.text:UART_write)
                  00006c7c    0000000a     rtsv7M4_T_le_v4SPD16_eabi.lib : sprintf.c.obj (.text:_outc)
                  00006c86    0000000a     release_pem4f.oem4f (.text:xdc_runtime_IHeap_alloc)
                  00006c90    0000000a     release_pem4f.oem4f (.text:xdc_runtime_IHeap_free)
                  00006c9a    00000006     --HOLE-- [fill = 0]
                  00006ca0    00000008     sysbios.aem4f : BIOS.obj (.text:pthread_attr_setstacksize)
                  00006ca8    00000008     drivers_msp432e4.aem4f : UARTMSP432E4.oem4f (.text:readSemCallback)
                  00006cb0    00000008     sysbios.aem4f : BIOS.obj (.text:ti_sysbios_family_arm_lm4_Timer_masterDisable__I)
                  00006cb8    00000008                   : BIOS.obj (.text:ti_sysbios_family_arm_m3_Hwi_doSwiRestore__I)
                  00006cc0    00000008                   : BIOS.obj (.text:ti_sysbios_family_arm_m3_Hwi_startup__E)
                  00006cc8    00000008     drivers_msp432e4.aem4f : UARTMSP432E4.oem4f (.text:writeSemCallback)
                  00006cd0    00000006     sysbios.aem4f : BIOS.obj (.text:ti_sysbios_family_arm_m3_Hwi_doTaskRestore__I)
                  00006cd6    00000002     --HOLE-- [fill = 0]
                  00006cd8    00000006                   : BIOS.obj (.text:ti_sysbios_family_arm_m3_Hwi_restoreFxn__E)
                  00006cde    00000002     --HOLE-- [fill = 0]
                  00006ce0    00000006                   : BIOS.obj (.text:ti_sysbios_gates_GateHwi_leave__E)
                  00006ce6    00000002     --HOLE-- [fill = 0]
                  00006ce8    00000006                   : BIOS.obj (.text:ti_sysbios_heaps_HeapMem_isBlocking__E)
                  00006cee    00000002     --HOLE-- [fill = 0]
                  00006cf0    00000006                   : BIOS.obj (.text:ti_sysbios_knl_Clock_stop__E)
                  00006cf6    00000002     --HOLE-- [fill = 0]
                  00006cf8    00000006                   : BIOS.obj (.text:ti_sysbios_knl_Queue_Instance_init__E)
                  00006cfe    00000002     --HOLE-- [fill = 0]
                  00006d00    00000006                   : BIOS.obj (.text:ti_sysbios_knl_Swi_startup__E)
                  00006d06    00000002     --HOLE-- [fill = 0]
                  00006d08    00000006                   : BIOS.obj (.text:xdc_runtime_System_Module_startup__E)
                  00006d0e    00000002     --HOLE-- [fill = 0]
                  00006d10    00000004                   : BIOS.obj (.text:__aeabi_errno_addr)
                  00006d14    00000004     --HOLE-- [fill = 0]
                  00006d18    00000004                   : BIOS.obj (.text:ti_sysbios_gates_GateHwi_query__E)
                  00006d1c    00000004     --HOLE-- [fill = 0]
                  00006d20    00000004                   : BIOS.obj (.text:ti_sysbios_gates_GateMutex_query__E)
                  00006d24    00000004     --HOLE-- [fill = 0]
                  00006d28    00000004                   : BIOS.obj (.text:ti_sysbios_knl_Clock_setTimeout__E)
                  00006d2c    00000004     --HOLE-- [fill = 0]
                  00006d30    00000004                   : BIOS.obj (.text:ti_sysbios_knl_Task_startup__E)
                  00006d34    00000004     --HOLE-- [fill = 0]
                  00006d38    00000002                   : BIOS.obj (.text:ti_sysbios_BIOS_linkedWithIncorrectBootLibrary__E)
                  00006d3a    00000006     --HOLE-- [fill = 0]
                  00006d40    00000002                   : BIOS.obj (.text:ti_sysbios_gates_GateHwi_Instance_init__E)
                  00006d42    00000006     --HOLE-- [fill = 0]
                  00006d48    00000002                   : BIOS.obj (.text:ti_sysbios_knl_Clock_logTick__E)
                  00006d4a    00000006     --HOLE-- [fill = 0]
                  00006d50    00000002                   : BIOS.obj (.text:xdc_runtime_SysCallback_defaultAbort)
                  00006d52    00000006     --HOLE-- [fill = 0]
                  00006d58    00000002                   : BIOS.obj (.text:xdc_runtime_SysCallback_defaultExit)
                  00006d5a    00000006     --HOLE-- [fill = 0]
                  00006d60    00000002                   : BIOS.obj (.text:xdc_runtime_System_abortSpin__E)
                  00006d62    00000006     --HOLE-- [fill = 0]
                  00006d68    00000002                   : BIOS.obj (.text:xdc_runtime_System_exitSpin__E)

.const     0    00006d6c    00000982     
                  00006d6c    00000210     sysbios.aem4f : BIOS.obj (.const:$O2$$)
                  00006f7c    00000101     rtsv7M4_T_le_v4SPD16_eabi.lib : ctype.c.obj (.const:.string:_ctypes_)
                  0000707d    00000003     drivers_msp432e4.aem4f : GPIOMSP432E4.oem4f (.const:.string:inPinTypes)
                  00007080    00000058     ti_drivers_config.obj (.const:uartMSP432E4HWAttrs)
                  000070d8    00000048     msp432e4_driverlib.a : gpio.o (.const:g_pui32GPIOBaseAddrs)
                  00007120    00000048     drivers_msp432e4.aem4f : GPIOMSP432E4.oem4f (.const:gpioBaseAddresses)
                  00007168    00000048                            : GPIOMSP432E4.oem4f (.const:powerMgrIds)
                  000071b0    0000003f     uartecho.obj (.const:.string:$P$T0$1)
                  000071ef    00000001     release_pem4f.oem4f (.const:xdc_runtime_Error_policy__C)
                  000071f0    0000003c     release_pem4f.oem4f (.const:ti_sysbios_knl_Task_Object__PARAMS__C)
                  0000722c    00000030     release_pem4f.oem4f (.const:ti_sysbios_family_arm_m3_Hwi_Object__PARAMS__C)
                  0000725c    00000030     release_pem4f.oem4f (.const:ti_sysbios_knl_Task_hooks__A)
                  0000728c    00000028     drivers_msp432e4.aem4f : UARTMSP432E4.oem4f (.const:UARTMSP432E4_fxnTable)
                  000072b4    00000028     release_pem4f.oem4f (.const:ti_sysbios_heaps_HeapMem_Module__FXNS__C)
                  000072dc    00000024     drivers_msp432e4.aem4f : UART.oem4f (.const:UART_defaultParams)
                  00007300    00000024     release_pem4f.oem4f (.const:ti_sysbios_gates_GateHwi_Module__FXNS__C)
                  00007324    00000024     release_pem4f.oem4f (.const:ti_sysbios_gates_GateMutex_Module__FXNS__C)
                  00007348    00000024     release_pem4f.oem4f (.const:ti_sysbios_heaps_HeapMem_Object__PARAMS__C)
                  0000736c    00000024     release_pem4f.oem4f (.const:ti_sysbios_knl_Clock_Object__PARAMS__C)
                  00007390    00000024     release_pem4f.oem4f (.const:ti_sysbios_knl_Semaphore_Object__PARAMS__C)
                  000073b4    00000020     drivers_msp432e4.aem4f : GPIOMSP432E4.oem4f (.const:.string:gpioInterruptVectors)
                  000073d4    00000020                            : UARTMSP432E4.oem4f (.const:staticFxnTable)
                  000073f4    00000020     release_pem4f.oem4f (.const:ti_sysbios_family_arm_m3_Hwi_Object__DESC__C)
                  00007414    00000020     release_pem4f.oem4f (.const:ti_sysbios_gates_GateHwi_Object__DESC__C)
                  00007434    00000020     release_pem4f.oem4f (.const:ti_sysbios_gates_GateMutex_Object__DESC__C)
                  00007454    00000020     release_pem4f.oem4f (.const:ti_sysbios_heaps_HeapMem_Object__DESC__C)
                  00007474    00000020     release_pem4f.oem4f (.const:ti_sysbios_knl_Clock_Object__DESC__C)
                  00007494    00000020     release_pem4f.oem4f (.const:ti_sysbios_knl_Queue_Object__DESC__C)
                  000074b4    00000020     release_pem4f.oem4f (.const:ti_sysbios_knl_Semaphore_Object__DESC__C)
                  000074d4    00000020     release_pem4f.oem4f (.const:ti_sysbios_knl_Task_Object__DESC__C)
                  000074f4    00000020     release_pem4f.oem4f (.const:xdc_runtime_Startup_sfxnTab__A)
                  00007514    00000018     ti_drivers_config.obj (.const:UART_config)
                  0000752c    00000018     release_pem4f.oem4f (.const:ti_sysbios_gates_GateHwi_Object__PARAMS__C)
                  00007544    00000018     release_pem4f.oem4f (.const:ti_sysbios_gates_GateMutex_Object__PARAMS__C)
                  0000755c    00000018     release_pem4f.oem4f (.const:ti_sysbios_knl_Queue_Object__PARAMS__C)
                  00007574    00000014     ti_drivers_config.obj (.const:GPIOMSP432E4_config)
                  00007588    00000014     drivers_msp432e4.aem4f : UARTMSP432E4.oem4f (.const:parityType)
                  0000759c    00000010                            : UARTMSP432E4.oem4f (.const:dataLength)
                  000075ac    00000010     release_pem4f.oem4f (.const:xdc_runtime_Startup_firstFxns__A)
                  000075bc    00000010     release_pem4f.oem4f (.const:xdc_runtime_Startup_sfxnRts__A)
                  000075cc    0000000c     release_pem4f.oem4f (.const:ti_sysbios_knl_Idle_funcList__A)
                  000075d8    00000008     ti_drivers_config.obj (.const:PowerMSP432E4_config)
                  000075e0    00000008     drivers_msp432e4.aem4f : UARTMSP432E4.oem4f (.const:stopBits)
                  000075e8    00000008     release_pem4f.oem4f (.const:ti_sysbios_knl_Idle_funcList__C)
                  000075f0    00000008     release_pem4f.oem4f (.const:ti_sysbios_knl_Task_hooks__C)
                  000075f8    00000008     release_pem4f.oem4f (.const:xdc_runtime_Startup_firstFxns__C)
                  00007600    00000008     release_pem4f.oem4f (.const:xdc_runtime_Startup_lastFxns__C)
                  00007608    00000007     drivers_msp432e4.aem4f : GPIOMSP432E4.oem4f (.const:.string:outPinStrengths)
                  0000760f    00000006                            : GPIOMSP432E4.oem4f (.const:.string:interruptType)
                  00007615    00000004                            : GPIOMSP432E4.oem4f (.const:.string:outPinTypes)
                  00007619    00000004     ti_drivers_config.obj (.const)
                  0000761d    00000001     --HOLE-- [fill = 0]
                  0000761e    00000002     release_pem4f.oem4f (.const:ti_sysbios_family_arm_m3_Hwi_Module__id__C)
                  00007620    00000004     release_pem4f.oem4f (.const:ti_sysbios_family_arm_lm4_Timer_enableFunc__C)
                  00007624    00000004     release_pem4f.oem4f (.const:ti_sysbios_family_arm_lm4_Timer_numTimerDevices__C)
                  00007628    00000004     release_pem4f.oem4f (.const:ti_sysbios_family_arm_lm4_Timer_startupNeeded__C)
                  0000762c    00000004     release_pem4f.oem4f (.const:ti_sysbios_family_arm_m3_Hwi_E_alreadyDefined__C)
                  00007630    00000004     release_pem4f.oem4f (.const:ti_sysbios_family_arm_m3_Hwi_E_badIntNum__C)
                  00007634    00000004     release_pem4f.oem4f (.const:ti_sysbios_family_arm_m3_Hwi_NUM_INTERRUPTS__C)
                  00007638    00000004     release_pem4f.oem4f (.const:ti_sysbios_family_arm_m3_Hwi_Object__count__C)
                  0000763c    00000004     release_pem4f.oem4f (.const:ti_sysbios_family_arm_m3_Hwi_ccr__C)
                  00007640    00000004     release_pem4f.oem4f (.const:ti_sysbios_family_arm_m3_Hwi_excHandlerFunc__C)
                  00007644    00000004     release_pem4f.oem4f (.const:ti_sysbios_family_arm_m3_Hwi_nullIsrFunc__C)
                  00007648    00000004     release_pem4f.oem4f (.const:ti_sysbios_family_arm_m3_Hwi_priGroup__C)
                  0000764c    00000004     release_pem4f.oem4f (.const:ti_sysbios_family_arm_m3_TaskSupport_stackAlignment__C)
                  00007650    00000004     release_pem4f.oem4f (.const:ti_sysbios_gates_GateMutex_Instance_State_sem__O)
                  00007654    00000004     release_pem4f.oem4f (.const:ti_sysbios_heaps_HeapMem_E_memory__C)
                  00007658    00000004     release_pem4f.oem4f (.const:ti_sysbios_heaps_HeapMem_Module__gateObj__C)
                  0000765c    00000004     release_pem4f.oem4f (.const:ti_sysbios_heaps_HeapMem_Object__count__C)
                  00007660    00000004     release_pem4f.oem4f (.const:ti_sysbios_heaps_HeapMem_primaryHeapBaseAddr__C)
                  00007664    00000004     release_pem4f.oem4f (.const:ti_sysbios_heaps_HeapMem_primaryHeapEndAddr__C)
                  00007668    00000004     release_pem4f.oem4f (.const:ti_sysbios_heaps_HeapMem_reqAlign__C)
                  0000766c    00000004     release_pem4f.oem4f (.const:ti_sysbios_knl_Clock_Module_State_clockQ__O)
                  00007670    00000004     release_pem4f.oem4f (.const:ti_sysbios_knl_Mailbox_Instance_State_freeQue__O)
                  00007674    00000004     release_pem4f.oem4f (.const:ti_sysbios_knl_Mailbox_Object__count__C)
                  00007678    00000004     release_pem4f.oem4f (.const:ti_sysbios_knl_Mailbox_maxTypeAlign__C)
                  0000767c    00000004     release_pem4f.oem4f (.const:ti_sysbios_knl_Semaphore_Instance_State_pendQ__O)
                  00007680    00000004     release_pem4f.oem4f (.const:ti_sysbios_knl_Swi_Object__count__C)
                  00007684    00000004     release_pem4f.oem4f (.const:ti_sysbios_knl_Task_E_deleteNotAllowed__C)
                  00007688    00000004     release_pem4f.oem4f (.const:ti_sysbios_knl_Task_Module_State_inactiveQ__O)
                  0000768c    00000004     release_pem4f.oem4f (.const:ti_sysbios_knl_Task_Module_State_terminatedQ__O)
                  00007690    00000004     release_pem4f.oem4f (.const:ti_sysbios_knl_Task_Object__count__C)
                  00007694    00000004     release_pem4f.oem4f (.const:ti_sysbios_knl_Task_Object__heap__C)
                  00007698    00000004     release_pem4f.oem4f (.const:ti_sysbios_knl_Task_allBlockedFunc__C)
                  0000769c    00000004     release_pem4f.oem4f (.const:ti_sysbios_knl_Task_defaultStackHeap__C)
                  000076a0    00000004     release_pem4f.oem4f (.const:ti_sysbios_knl_Task_defaultStackSize__C)
                  000076a4    00000004     release_pem4f.oem4f (.const:ti_sysbios_knl_Task_numConstructedTasks__C)
                  000076a8    00000004     release_pem4f.oem4f (.const:xdc_runtime_Error_E_memory__C)
                  000076ac    00000004     release_pem4f.oem4f (.const:xdc_runtime_Error_policyFxn__C)
                  000076b0    00000004     release_pem4f.oem4f (.const:xdc_runtime_IGateProvider_Interface__BASE__C)
                  000076b4    00000004     release_pem4f.oem4f (.const:xdc_runtime_IHeap_Interface__BASE__C)
                  000076b8    00000004     release_pem4f.oem4f (.const:xdc_runtime_IModule_Interface__BASE__C)
                  000076bc    00000004     release_pem4f.oem4f (.const:xdc_runtime_Memory_defaultHeapInstance__C)
                  000076c0    00000004     release_pem4f.oem4f (.const:xdc_runtime_Startup_execImpl__C)
                  000076c4    00000004     release_pem4f.oem4f (.const:xdc_runtime_Startup_maxPasses__C)
                  000076c8    00000004     release_pem4f.oem4f (.const:xdc_runtime_Startup_sfxnRts__C)
                  000076cc    00000004     release_pem4f.oem4f (.const:xdc_runtime_Startup_sfxnTab__C)
                  000076d0    00000004     release_pem4f.oem4f (.const:xdc_runtime_SysCallback_abortFxn__C)
                  000076d4    00000004     release_pem4f.oem4f (.const:xdc_runtime_SysCallback_exitFxn__C)
                  000076d8    00000004     release_pem4f.oem4f (.const:xdc_runtime_System_Module__gateObj__C)
                  000076dc    00000004     release_pem4f.oem4f (.const:xdc_runtime_System_abortFxn__C)
                  000076e0    00000004     release_pem4f.oem4f (.const:xdc_runtime_System_exitFxn__C)
                  000076e4    00000004     release_pem4f.oem4f (.const:xdc_runtime_System_maxAtexitHandlers__C)
                  000076e8    00000002     release_pem4f.oem4f (.const:ti_sysbios_heaps_HeapMem_Module__id__C)
                  000076ea    00000002     release_pem4f.oem4f (.const:ti_sysbios_knl_Task_Module__id__C)
                  000076ec    00000002     release_pem4f.oem4f (.const:xdc_runtime_Memory_Module__id__C)

.cinit     0    000076f0    000002d0     
                  000076f0    000002a5     (.cinit..data.load) [load image, compression = lzss]
                  00007995    00000003     --HOLE-- [fill = 0]
                  00007998    0000000c     (__TI_handler_table)
                  000079a4    00000004     --HOLE-- [fill = 0]
                  000079a8    00000008     (.cinit..bss.load) [load image, compression = zero_init]
                  000079b0    00000010     (__TI_cinit_table)

.init_array 
*          0    00000000    00000000     UNINITIALIZED

.bss       0    20020360    00000704     UNINITIALIZED
                  20020360    00000360     (.common:ti_sysbios_family_arm_m3_Hwi_dispatchTable)
                  200206c0    00000200     release_pem4f.oem4f (.bss:taskStackSection)
                  200208c0    000000c8     (.common:uartMSP432E4Objects)
                  20020988    00000090     drivers_msp432e4.aem4f : GPIOMSP432E4.oem4f (.bss:gpioCallbackInfo)
                  20020a18    00000020     ti_drivers_config.obj (.bss:uartMSP432E4RingBuffer0)
                  20020a38    00000020     ti_drivers_config.obj (.bss:uartMSP432E4RingBuffer1)
                  20020a58    00000008     (.common:ti_sysbios_knl_Task_Instance_State_0_hookEnv__A)
                  20020a60    00000004     drivers_msp432e4.aem4f : GPIOMSP432E4.oem4f (.bss)

.data      0    20020a64    00000634     UNINITIALIZED
                  20020a64    0000016c     drivers_msp432e4.aem4f : PowerMSP432E4.oem4f (.data:PowerMSP432E4_module)
                  20020bd0    0000008c     sysbios.aem4f : BIOS.obj (.data:$O1$$)
                  20020c5c    00000080     release_pem4f.oem4f (.data:ti_sysbios_knl_Swi_Module_State_0_readyQ__A)
                  20020cdc    00000080     release_pem4f.oem4f (.data:ti_sysbios_knl_Task_Module_State_0_readyQ__A)
                  20020d5c    00000054     release_pem4f.oem4f (.data:ti_sysbios_gates_GateMutex_Object__table__V)
                  20020db0    0000004c     release_pem4f.oem4f (.data:ti_sysbios_knl_Task_Object__table__V)
                  20020dfc    00000044     release_pem4f.oem4f (.data:ti_sysbios_knl_Task_Module__state__V)
                  20020e40    00000040     release_pem4f.oem4f (.data:ti_sysbios_family_arm_lm4_Timer_Module_State_0_device__A)
                  20020e80    00000040     release_pem4f.oem4f (.data:ti_sysbios_family_arm_lm4_Timer_Object__table__V)
                  20020ec0    00000034     release_pem4f.oem4f (.data:ti_sysbios_family_arm_m3_Hwi_Module__state__V)
                  20020ef4    00000030     release_pem4f.oem4f (.data:ti_sysbios_knl_Swi_Object__table__V)
                  20020f24    0000002c     release_pem4f.oem4f (.data:ti_sysbios_knl_Clock_Module__state__V)
                  20020f50    00000024     release_pem4f.oem4f (.data:ti_sysbios_BIOS_Module__state__V)
                  20020f74    00000020     release_pem4f.oem4f (.data:ti_sysbios_family_arm_lm4_Timer_Module_State_0_handles__A)
                  20020f94    00000020     release_pem4f.oem4f (.data:xdc_runtime_Error_IgnoreBlock)
                  20020fb4    0000001c     release_pem4f.oem4f (.data:ti_sysbios_knl_Swi_Module__state__V)
                  20020fd0    00000018     release_pem4f.oem4f (.data:ti_sysbios_family_arm_m3_Hwi_Object__table__V)
                  20020fe8    00000018     release_pem4f.oem4f (.data:ti_sysbios_heaps_HeapMem_Object__table__V)
                  20021000    0000000c     release_pem4f.oem4f (.data:ti_sysbios_family_arm_lm4_Timer_Module__state__V)
                  2002100c    00000008     rtsv7M4_T_le_v4SPD16_eabi.lib : _lock.c.obj (.data:$O1$$)
                  20021014    00000008     release_pem4f.oem4f (.data:ti_sysbios_family_arm_m3_Hwi_Module__root__V)
                  2002101c    00000008     release_pem4f.oem4f (.data:ti_sysbios_gates_GateHwi_Module__root__V)
                  20021024    00000008     release_pem4f.oem4f (.data:ti_sysbios_gates_GateMutex_Module__root__V)
                  2002102c    00000008     release_pem4f.oem4f (.data:ti_sysbios_heaps_HeapMem_Module__root__V)
                  20021034    00000008     release_pem4f.oem4f (.data:ti_sysbios_knl_Clock_Module__root__V)
                  2002103c    00000008     release_pem4f.oem4f (.data:ti_sysbios_knl_Queue_Module__root__V)
                  20021044    00000008     release_pem4f.oem4f (.data:ti_sysbios_knl_Semaphore_Module__root__V)
                  2002104c    00000008     release_pem4f.oem4f (.data:ti_sysbios_knl_Task_Module__root__V)
                  20021054    00000008     release_pem4f.oem4f (.data:xdc_runtime_Startup_Module__state__V)
                  2002105c    00000008     release_pem4f.oem4f (.data:xdc_runtime_System_Module_State_0_atexitHandlers__A)
                  20021064    00000008     release_pem4f.oem4f (.data:xdc_runtime_System_Module__state__V)
                  2002106c    00000005     drivers_msp432e4.aem4f : GPIOMSP432E4.oem4f (.data)
                  20021071    00000001                            : UART.oem4f (.data)
                  20021072    00000002     release_pem4f.oem4f (.data:ti_sysbios_family_arm_m3_Hwi_Module_State_0_excActive__A)
                  20021074    00000004     ti_drivers_config.obj (.data:gpioCallbackFunctions)
                  20021078    00000004     ti_drivers_config.obj (.data:gpioPinConfigs)
                  2002107c    00000004     rtsv7M4_T_le_v4SPD16_eabi.lib : stkdepth_vars.c.obj (.data)
                  20021080    00000004     release_pem4f.oem4f (.data:ti_sysbios_family_arm_m3_Hwi_Module_State_0_excContext__A)
                  20021084    00000004     release_pem4f.oem4f (.data:ti_sysbios_family_arm_m3_Hwi_Module_State_0_excStack__A)
                  20021088    00000004     release_pem4f.oem4f (.data:ti_sysbios_gates_GateHwi_Object__table__V)
                  2002108c    00000004     release_pem4f.oem4f (.data:ti_sysbios_knl_Task_Module_State_0_idleTask__A)
                  20021090    00000004     release_pem4f.oem4f (.data:ti_sysbios_rts_ti_ReentSupport_Module__state__V)
                  20021094    00000004     release_pem4f.oem4f (.data:xdc_runtime_Memory_Module__state__V)

.priheap   0    20000360    00020000     UNINITIALIZED
                  20000360    00020000     --HOLE--

.stack     0    2003fc00    00000400     UNINITIALIZED
                  2003fc00    00000400     --HOLE--

.bootVecs 
*          0    00000000    00000008     DSECT
                  00000000    00000008     boot.aem4f : boot.oem4f (.bootVecs)

.resetVecs 
*          0    00000000    0000003c     
                  00000000    0000003c     release_pem4f.oem4f (.resetVecs)

.vecs      0    20000000    00000360     NOLOAD SECTION
                  20000000    00000360     release_pem4f.oem4f (.vecs)

xdc.meta   0    00000000    00000118     COPY SECTION
                  00000000    00000118     release_pem4f.oem4f (xdc.meta)

xdc.noload 
*          0    00000000    00000000     COPY SECTION

__llvm_prf_cnts 
*          0    20000000    00000000     UNINITIALIZED

.binit     0    00000000    00000000     

MODULE SUMMARY

       Module                       code    ro data   rw data
       ------                       ----    -------   -------
    .\
       CommandTerminal.obj          781     0         0      
       uartecho.obj                 372     63        0      
       main_tirtos.obj              110     0         0      
    +--+----------------------------+-------+---------+---------+
       Total:                       1263    63        0      
                                                             
    .\syscfg\
       ti_drivers_config.obj        50      144       272    
    +--+----------------------------+-------+---------+---------+
       Total:                       50      144       272    
                                                             
    C:\Users\NickRethans\Desktop\EmbeddedSystems\Homework1\tirtos_builds_MSP_EXP432E401Y_release_ccs\Debug\configPkg\package\cfg\
       release_pem4f.oem4f          1598    1081      3306   
    +--+----------------------------+-------+---------+---------+
       Total:                       1598    1081      3306   
                                                             
    C:/ti/simplelink_msp432e4_sdk_4_20_00_12/kernel/tirtos/packages/ti/dpl/lib/dpl_msp432e4.aem4f
       ClockP_tirtos.oem4f          102     0         0      
       HwiP_tirtos.oem4f            96      0         0      
       SemaphoreP_tirtos.oem4f      78      0         0      
       PowerMSP432E4_tirtos.oem4f   16      0         0      
    +--+----------------------------+-------+---------+---------+
       Total:                       292     0         0      
                                                             
    C:/ti/simplelink_msp432e4_sdk_4_20_00_12/source/ti/devices/msp432e4/driverlib/lib/ccs/m4f/msp432e4_driverlib.a
       gpio.o                       1016    72        0      
       uart.o                       588     0         0      
       sysctl.o                     564     0         0      
    +--+----------------------------+-------+---------+---------+
       Total:                       2168    72        0      
                                                             
    C:/ti/simplelink_msp432e4_sdk_4_20_00_12/source/ti/drivers/lib/drivers_msp432e4.aem4f
       UARTMSP432E4.oem4f           2914    116       0      
       GPIOMSP432E4.oem4f           956     196       153    
       PowerMSP432E4.oem4f          336     0         364    
       UART.oem4f                   176     36        1      
       RingBuf.oem4f                198     0         0      
    +--+----------------------------+-------+---------+---------+
       Total:                       4580    348       518    
                                                             
    C:\Users\NickRethans\Desktop\EmbeddedSystems\Homework1\tirtos_builds_MSP_EXP432E401Y_release_ccs\src\sysbios\sysbios.aem4f
       BIOS.obj                     9146    528       140    
       m3_Hwi_asm.obj               318     0         0      
       m3_TaskSupport_asm.obj       180     0         0      
       m3_Hwi_asm_switch.obj        118     0         0      
    +--+----------------------------+-------+---------+---------+
       Total:                       9762    528       140    
                                                             
    C:\ti\ccs1280\ccs\tools\compiler\ti-cgt-arm_20.2.7.LTS\lib\rtsv7M4_T_le_v4SPD16_eabi.lib
       _printfi.c.obj               4851    0         0      
       fd_add_t2.asm.obj            438     0         0      
       fd_div_t2.asm.obj            310     0         0      
       s_scalbn.c.obj               272     0         0      
       fd_cmp_t2.asm.obj            268     0         0      
       ctype.c.obj                  0       257       0      
       fd_mul_t2.asm.obj            252     0         0      
       memcpy_t2.asm.obj            156     0         0      
       ull_div_t2.asm.obj           150     0         0      
       memset_t2.asm.obj            122     0         0      
       copy_decompress_lzss.c.obj   104     0         0      
       s_frexp.c.obj                100     0         0      
       sprintf.c.obj                98      0         0      
       _ltoa.c.obj                  84      0         0      
       atoi.c.obj                   76      0         0      
       cpy_tbl.c.obj                76      0         0      
       fd_toi_t2.asm.obj            72      0         0      
       i_tofd_t2.asm.obj            46      0         0      
       strcasecmp.c.obj             46      0         0      
       _lock.c.obj                  26      0         8      
       memccpy.c.obj                28      0         0      
       s_copysign.c.obj             26      0         0      
       args_main.c.obj              24      0         0      
       strchr.c.obj                 22      0         0      
       strlen.c.obj                 20      0         0      
       wcslen.c.obj                 18      0         0      
       copy_decompress_none.c.obj   14      0         0      
       copy_zero_init.c.obj         12      0         0      
       stkdepth_vars.c.obj          0       0         4      
       div0.asm.obj                 2       0         0      
    +--+----------------------------+-------+---------+---------+
       Total:                       7713    257       12     
                                                             
    C:\ti\simplelink_msp432e4_sdk_4_20_00_12\kernel\tirtos\packages\ti\targets\arm\rtsarm\lib\auto_init.aem4f
       auto_init.oem4f              160     0         0      
    +--+----------------------------+-------+---------+---------+
       Total:                       160     0         0      
                                                             
    C:\ti\simplelink_msp432e4_sdk_4_20_00_12\kernel\tirtos\packages\ti\targets\arm\rtsarm\lib\boot.aem4f
       boot.oem4f                   88      0         0      
    +--+----------------------------+-------+---------+---------+
       Total:                       88      0         0      
                                                             
       Stack:                       0       0         1024   
       Linker Generated:            0       713       0      
    +--+----------------------------+-------+---------+---------+
       Grand Total:                 27674   3206      5272   


LINKER GENERATED COPY TABLES

__TI_cinit_table @ 000079b0 records: 2, size/record: 8, table size: 16
	.data: load addr=000076f0, load size=000002a5 bytes, run addr=20020a64, run size=00000634 bytes, compression=lzss
	.bss: load addr=000079a8, load size=00000008 bytes, run addr=20020360, run size=00000704 bytes, compression=zero_init


LINKER GENERATED HANDLER TABLE

__TI_handler_table @ 00007998 records: 3, size/record: 4, table size: 12
	index: 0, handler: __TI_decompress_lzss
	index: 1, handler: __TI_decompress_none
	index: 2, handler: __TI_zero_init


GLOBAL SYMBOLS: SORTED ALPHABETICALLY BY Name 

address   name                                                            
-------   ----                                                            
00001f19  AboutMsg                                                        
00005be5  Board_init                                                      
00000a8f  Board_initHook                                                  
00007619  CONFIG_GPIO_LED_0_CONST                                         
0000761a  CONFIG_UART_0_CONST                                             
0000761b  CONFIG_UART_1_CONST                                             
00006079  ClearMsg                                                        
00006c55  ClockP_Params_init                                              
000055dd  ClockP_create                                                   
00006b67  ClockP_delete                                                   
00001b4d  ClockP_getCpuFreq                                               
0000204b  ClockP_setTimeout                                               
000022a5  ClockP_start                                                    
00002e1d  ClockP_stop                                                     
000047f1  GPIODirModeSet                                                  
0000687b  GPIOIntClear                                                    
0000634d  GPIOIntStatus                                                   
00003315  GPIOIntTypeSet                                                  
00007574  GPIOMSP432E4_config                                             
00006891  GPIOMSP432E4_getGpioBaseAddr                                    
000068a5  GPIOMSP432E4_getPowerResourceId                                 
00005c15  GPIOMSP432E4_undoPinConfig                                      
00001291  GPIOPadConfigSet                                                
00005369  GPIOPinConfigure                                                
00006147  GPIOPinTypeUART                                                 
00006393  GPIOPinWrite                                                    
000042c5  GPIO_hwiIntFxn                                                  
00003269  GPIO_init                                                       
00004a25  GPIO_setCallback                                                
00001855  GPIO_setConfig                                                  
00004b85  GPIO_write                                                      
00020000  HEAPSIZE                                                        
000023c9  HelpMsg                                                         
00006a09  HwiP_Params_init                                                
0000561d  HwiP_create                                                     
00006b73  HwiP_delete                                                     
00002edd  HwiP_disable                                                    
00006cd9  HwiP_restore                                                    
00005961  InvalidMsg                                                      
0000484d  MsgParser                                                       
00006c5f  NDK_hookInit                                                    
000075d8  PowerMSP432E4_config                                            
20020a64  PowerMSP432E4_module                                            
00006a19  PowerMSP432E4_sleepPolicy                                       
000066d1  Power_idleFunc                                                  
000044d1  Power_init                                                      
000041e9  Power_releaseDependency                                         
0000432d  Power_setDependency                                             
0000695d  RingBuf_construct                                               
0000565d  RingBuf_get                                                     
00006b19  RingBuf_isFull                                                  
000063b3  RingBuf_peek                                                    
00005321  RingBuf_put                                                     
UNDEFED   SHT$$INIT_ARRAY$$Base                                           
UNDEFED   SHT$$INIT_ARRAY$$Limit                                          
00005f15  SemaphoreP_createBinary                                         
00006b7f  SemaphoreP_delete                                               
0000696f  SemaphoreP_pend                                                 
000031b3  SemaphoreP_post                                                 
00005f41  SysCtlPeripheralClockGating                                     
0000569d  SysCtlPeripheralDisable                                         
000056dd  SysCtlPeripheralEnable                                          
0000571d  SysCtlPeripheralPowerOff                                        
0000575d  SysCtlPeripheralPowerOn                                         
000053ad  SysCtlPeripheralPresent                                         
000053f1  SysCtlPeripheralReady                                           
0000579d  SysCtlPeripheralSleepDisable                                    
000057dd  SysCtlPeripheralSleepEnable                                     
000064d9  UARTBusy                                                        
00006839  UARTCharGet                                                     
0000656f  UARTCharGetNonBlocking                                          
000064f7  UARTCharPut                                                     
0000616b  UARTCharPutNonBlocking                                          
00006515  UARTCharsAvail                                                  
00004017  UARTConfigSetExpClk                                             
00005c45  UARTDisable                                                     
0000618f  UARTEnable                                                      
000066e9  UARTFIFOLevelSet                                                
0000658b  UARTFlowControlSet                                              
00006981  UARTIntClear                                                    
00006701  UARTIntDisable                                                  
00006719  UARTIntEnable                                                   
00006533  UARTIntStatus                                                   
00002ca1  UARTMSP432E4_close                                              
00003935  UARTMSP432E4_control                                            
0000728c  UARTMSP432E4_fxnTable                                           
000014cb  UARTMSP432E4_init                                               
00000a91  UARTMSP432E4_open                                               
0000581d  UARTMSP432E4_read                                               
00005b11  UARTMSP432E4_readCancel                                         
000034fd  UARTMSP432E4_readPolling                                        
000036d9  UARTMSP432E4_write                                              
000050dd  UARTMSP432E4_writeCancel                                        
00004e71  UARTMSP432E4_writePolling                                       
00006a29  UARTRxErrorClear                                                
00006993  UARTRxErrorGet                                                  
000065a7  UARTTxIntModeSet                                                
00006731  UART_Params_init                                                
00007514  UART_config                                                     
0000761c  UART_count                                                      
000072dc  UART_defaultParams                                              
00005435  UART_init                                                       
0000585d  UART_open                                                       
00006c69  UART_read                                                       
00006c73  UART_write                                                      
00000000  __ASM__                                                         
00000099  __ISA__                                                         
000000ac  __PLAT__                                                        
20040000  __STACK_END                                                     
00000400  __STACK_SIZE                                                    
000000cf  __TARG__                                                        
000079b0  __TI_CINIT_Base                                                 
000079c0  __TI_CINIT_Limit                                                
00007998  __TI_Handler_Table_Base                                         
000079a4  __TI_Handler_Table_Limit                                        
[...]
0000684f  strchr                                                          
00006865  ti_sysbios_BIOS_exitFunc__I                                     
0000687b  GPIOIntClear                                                    
00006891  GPIOMSP432E4_getGpioBaseAddr                                    
000068a5  GPIOMSP432E4_getPowerResourceId                                 
000068b9  pthread_attr_setschedparam                                      
000068cd  strlen                                                          
000068e1  ti_sysbios_family_arm_m3_Hwi_Object__get__S                     
000068f9  ti_sysbios_family_arm_m3_Hwi_switchFromBootStack__E             
000068f9  ti_sysbios_hal_Hwi_HwiProxy_switchFromBootStack__E              
000068f9  ti_sysbios_hal_Hwi_switchFromBootStack__E                       
0000690d  ti_sysbios_heaps_HeapMem_Object__get__S                         
00006921  ti_sysbios_knl_Swi_Object__get__S                               
00006935  ti_sysbios_knl_Task_Object__first__S                            
00006949  ti_sysbios_knl_Task_Object__next__S                             
0000695d  RingBuf_construct                                               
0000696f  SemaphoreP_pend                                                 
00006981  UARTIntClear                                                    
00006993  UARTRxErrorGet                                                  
000069c1  ti_sysbios_hal_Hwi_Module_startup__E                            
000069d3  wcslen                                                          
000069e5  xdc_runtime_Startup_exec__I                                     
000069f9  ti_sysbios_family_arm_msp432e4_init_Boot_init__I                
000069f9  xdc_runtime_Startup_reset__I                                    
00006a09  HwiP_Params_init                                                
00006a19  PowerMSP432E4_sleepPolicy                                       
00006a29  UARTRxErrorClear                                                
00006a49  ti_sysbios_BIOS_getCpuFreq__E                                   
00006a59  ti_sysbios_BIOS_setThreadType__E                                
00006a69  ti_sysbios_BIOS_start__E                                        
00006a79  ti_sysbios_family_arm_m3_TaskSupport_glue                       
00006a89  ti_sysbios_gates_GateMutex_Instance_finalize__E                 
00006a99  ti_sysbios_knl_Mailbox_Object__get__S                           
00006aa9  ti_sysbios_knl_Semaphore_Instance_finalize__E                   
00006ab9  ti_sysbios_knl_Swi_disable__E                                   
00006ac9  ti_sysbios_knl_Task_Object__get__S                              
00006ad9  ti_sysbios_knl_Task_disable__E                                  
00006ae9  xdc_runtime_Memory_free__E                                      
00006af9  xdc_runtime_SysCallback_abort__E                                
00006af9  xdc_runtime_System_SupportProxy_abort__E                        
00006b09  xdc_runtime_SysCallback_exit__E                                 
00006b09  xdc_runtime_System_SupportProxy_exit__E                         
00006b19  RingBuf_isFull                                                  
00006b27  __TI_decompress_none                                            
00006b39  pthread_attr_setdetachstate                                     
00006b49  ti_sysbios_knl_Idle_loop__E                                     
00006b59  ti_sysbios_knl_Queue_empty__E                                   
00006b67  ClockP_delete                                                   
00006b73  HwiP_delete                                                     
00006b7f  SemaphoreP_delete                                               
00006b8d  _register_lock                                                  
00006b99  _register_unlock                                                
00006ba5  __TI_zero_init                                                  
00006bb1  ti_sysbios_family_arm_lm4_Timer_getMaxTicks__E                  
00006bbd  ti_sysbios_family_arm_m3_Hwi_Params__init__S                    
00006bbd  ti_sysbios_hal_Hwi_HwiProxy_Params__init__S                     
00006bc9  ti_sysbios_family_arm_m3_Hwi_disableFxn__E                      
00006bc9  ti_sysbios_hal_Hwi_HwiProxy_disable__E                          
00006bd9  ti_sysbios_family_arm_m3_TaskSupport_getStackAlignment__E       
00006bd9  ti_sysbios_knl_Task_SupportProxy_getStackAlignment__E           
00006be9  ti_sysbios_gates_GateHwi_enter__E                               
00006bf5  ti_sysbios_knl_Clock_Params__init__S                            
00006c01  ti_sysbios_knl_Queue_Object__get__S                             
00006c0d  ti_sysbios_knl_Semaphore_Params__init__S                        
00006c19  ti_sysbios_knl_Task_Params__init__S                             
00006c29  ti_sysbios_knl_Task_self__E                                     
00006c39  ti_sysbios_rts_ti_ReentSupport_taskRegHook__I                   
00006c49  xdc_runtime_Startup_rtsDone__E                                  
00006c55  ClockP_Params_init                                              
00006c5f  NDK_hookInit                                                    
00006c69  UART_read                                                       
00006c73  UART_write                                                      
00006c87  xdc_runtime_Memory_HeapProxy_alloc__E                           
00006c91  xdc_runtime_Memory_HeapProxy_free__E                            
00006ca1  pthread_attr_setstacksize                                       
00006cb1  ti_sysbios_family_arm_lm4_Timer_masterDisable__I                
00006cb9  ti_sysbios_family_arm_m3_Hwi_doSwiRestore__I                    
00006cc1  ti_sysbios_family_arm_m3_Hwi_startup__E                         
00006cc1  ti_sysbios_hal_Hwi_HwiProxy_startup__E                          
00006cc1  ti_sysbios_hal_Hwi_startup__E                                   
00006cd1  ti_sysbios_family_arm_m3_Hwi_doTaskRestore__I                   
00006cd9  HwiP_restore                                                    
00006cd9  ti_sysbios_family_arm_m3_Hwi_restoreFxn__E                      
00006cd9  ti_sysbios_hal_Hwi_HwiProxy_restore__E                          
00006ce1  ti_sysbios_gates_GateHwi_leave__E                               
00006ce9  ti_sysbios_heaps_HeapMem_isBlocking__E                          
00006cf1  ti_sysbios_knl_Clock_stop__E                                    
00006cf9  ti_sysbios_knl_Queue_Instance_init__E                           
00006d01  ti_sysbios_knl_Swi_startup__E                                   
00006d09  xdc_runtime_System_Module_startup__E                            
00006d11  __aeabi_errno_addr                                              
00006d19  ti_sysbios_gates_GateHwi_query__E                               
00006d19  xdc_runtime_Main_Module_GateProxy_query__E                      
00006d19  xdc_runtime_System_Module_GateProxy_query__E                    
00006d21  ti_sysbios_BIOS_RtsGateProxy_query__E                           
00006d21  ti_sysbios_gates_GateMutex_query__E                             
00006d21  ti_sysbios_heaps_HeapMem_Module_GateProxy_query__E              
00006d29  ti_sysbios_knl_Clock_setTimeout__E                              
00006d31  ti_sysbios_knl_Task_startup__E                                  
00006d39  ti_sysbios_BIOS_linkedWithIncorrectBootLibrary__E               
00006d41  ti_sysbios_gates_GateHwi_Instance_init__E                       
00006d49  ti_sysbios_knl_Clock_logTick__E                                 
00006d51  xdc_runtime_SysCallback_defaultAbort                            
00006d59  xdc_runtime_SysCallback_defaultExit                             
00006d61  xdc_runtime_System_abortSpin__E                                 
00006d69  xdc_runtime_System_exitSpin__E                                  
00006f7c  _ctypes_                                                        
000071ef  xdc_runtime_Error_policy__C                                     
000071f0  ti_sysbios_knl_Task_Object__PARAMS__C                           
0000722c  ti_sysbios_family_arm_m3_Hwi_Object__PARAMS__C                  
0000725c  ti_sysbios_knl_Task_hooks__A                                    
0000728c  UARTMSP432E4_fxnTable                                           
000072b4  ti_sysbios_heaps_HeapMem_Module__FXNS__C                        
000072dc  UART_defaultParams                                              
00007300  ti_sysbios_gates_GateHwi_Module__FXNS__C                        
00007324  ti_sysbios_gates_GateMutex_Module__FXNS__C                      
00007348  ti_sysbios_heaps_HeapMem_Object__PARAMS__C                      
0000736c  ti_sysbios_knl_Clock_Object__PARAMS__C                          
00007390  ti_sysbios_knl_Semaphore_Object__PARAMS__C                      
000073f4  ti_sysbios_family_arm_m3_Hwi_Object__DESC__C                    
00007414  ti_sysbios_gates_GateHwi_Object__DESC__C                        
00007434  ti_sysbios_gates_GateMutex_Object__DESC__C                      
00007454  ti_sysbios_heaps_HeapMem_Object__DESC__C                        
00007474  ti_sysbios_knl_Clock_Object__DESC__C                            
00007494  ti_sysbios_knl_Queue_Object__DESC__C                            
000074b4  ti_sysbios_knl_Semaphore_Object__DESC__C                        
000074d4  ti_sysbios_knl_Task_Object__DESC__C                             
000074f4  xdc_runtime_Startup_sfxnTab__A                                  
00007514  UART_config                                                     
0000752c  ti_sysbios_gates_GateHwi_Object__PARAMS__C                      
00007544  ti_sysbios_gates_GateMutex_Object__PARAMS__C                    
0000755c  ti_sysbios_knl_Queue_Object__PARAMS__C                          
00007574  GPIOMSP432E4_config                                             
000075ac  xdc_runtime_Startup_firstFxns__A                                
000075bc  xdc_runtime_Startup_sfxnRts__A                                  
000075cc  ti_sysbios_knl_Idle_funcList__A                                 
000075d8  PowerMSP432E4_config                                            
000075e8  ti_sysbios_knl_Idle_funcList__C                                 
000075f0  ti_sysbios_knl_Task_hooks__C                                    
000075f8  xdc_runtime_Startup_firstFxns__C                                
00007600  xdc_runtime_Startup_lastFxns__C                                 
00007619  CONFIG_GPIO_LED_0_CONST                                         
0000761a  CONFIG_UART_0_CONST                                             
0000761b  CONFIG_UART_1_CONST                                             
0000761c  UART_count                                                      
0000761e  ti_sysbios_family_arm_m3_Hwi_Module__id__C                      
00007620  ti_sysbios_family_arm_lm4_Timer_enableFunc__C                   
00007624  ti_sysbios_family_arm_lm4_Timer_numTimerDevices__C              
00007628  ti_sysbios_family_arm_lm4_Timer_startupNeeded__C                
0000762c  ti_sysbios_family_arm_m3_Hwi_E_alreadyDefined__C                
00007630  ti_sysbios_family_arm_m3_Hwi_E_badIntNum__C                     
00007634  ti_sysbios_family_arm_m3_Hwi_NUM_INTERRUPTS__C                  
00007638  ti_sysbios_family_arm_m3_Hwi_Object__count__C                   
0000763c  ti_sysbios_family_arm_m3_Hwi_ccr__C                             
00007640  ti_sysbios_family_arm_m3_Hwi_excHandlerFunc__C                  
00007644  ti_sysbios_family_arm_m3_Hwi_nullIsrFunc__C                     
00007648  ti_sysbios_family_arm_m3_Hwi_priGroup__C                        
0000764c  ti_sysbios_family_arm_m3_TaskSupport_stackAlignment__C          
00007650  ti_sysbios_gates_GateMutex_Instance_State_sem__O                
00007654  ti_sysbios_heaps_HeapMem_E_memory__C                            
00007658  ti_sysbios_heaps_HeapMem_Module__gateObj__C                     
0000765c  ti_sysbios_heaps_HeapMem_Object__count__C                       
00007660  ti_sysbios_heaps_HeapMem_primaryHeapBaseAddr__C                 
00007664  ti_sysbios_heaps_HeapMem_primaryHeapEndAddr__C                  
00007668  ti_sysbios_heaps_HeapMem_reqAlign__C                            
0000766c  ti_sysbios_knl_Clock_Module_State_clockQ__O                     
00007670  ti_sysbios_knl_Mailbox_Instance_State_freeQue__O                
00007674  ti_sysbios_knl_Mailbox_Object__count__C                         
00007678  ti_sysbios_knl_Mailbox_maxTypeAlign__C                          
0000767c  ti_sysbios_knl_Semaphore_Instance_State_pendQ__O                
00007680  ti_sysbios_knl_Swi_Object__count__C                             
00007684  ti_sysbios_knl_Task_E_deleteNotAllowed__C                       
00007688  ti_sysbios_knl_Task_Module_State_inactiveQ__O                   
0000768c  ti_sysbios_knl_Task_Module_State_terminatedQ__O                 
00007690  ti_sysbios_knl_Task_Object__count__C                            
00007694  ti_sysbios_knl_Task_Object__heap__C                             
00007698  ti_sysbios_knl_Task_allBlockedFunc__C                           
0000769c  ti_sysbios_knl_Task_defaultStackHeap__C                         
000076a0  ti_sysbios_knl_Task_defaultStackSize__C                         
000076a4  ti_sysbios_knl_Task_numConstructedTasks__C                      
000076a8  xdc_runtime_Error_E_memory__C                                   
000076ac  xdc_runtime_Error_policyFxn__C                                  
000076b0  xdc_runtime_IGateProvider_Interface__BASE__C                    
000076b4  xdc_runtime_IHeap_Interface__BASE__C                            
000076b8  xdc_runtime_IModule_Interface__BASE__C                          
000076bc  xdc_runtime_Memory_defaultHeapInstance__C                       
000076c0  xdc_runtime_Startup_execImpl__C                                 
000076c4  xdc_runtime_Startup_maxPasses__C                                
000076c8  xdc_runtime_Startup_sfxnRts__C                                  
000076cc  xdc_runtime_Startup_sfxnTab__C                                  
000076d0  xdc_runtime_SysCallback_abortFxn__C                             
000076d4  xdc_runtime_SysCallback_exitFxn__C                              
000076d8  xdc_runtime_System_Module__gateObj__C                           
000076dc  xdc_runtime_System_abortFxn__C                                  
000076e0  xdc_runtime_System_exitFxn__C                                   
000076e4  xdc_runtime_System_maxAtexitHandlers__C                         
000076e8  ti_sysbios_heaps_HeapMem_Module__id__C                          
000076ea  ti_sysbios_knl_Task_Module__id__C                               
000076ec  xdc_runtime_Memory_Module__id__C                                
000076f0  __TI_static_base__                                              
00007998  __TI_Handler_Table_Base                                         
000079a4  __TI_Handler_Table_Limit                                        
000079b0  __TI_CINIT_Base                                                 
000079c0  __TI_CINIT_Limit                                                
00020000  HEAPSIZE                                                        
20000000  __start___llvm_prf_cnts                                         
20000000  __stop___llvm_prf_cnts                                          
20000000  ti_sysbios_family_arm_m3_Hwi_ramVectors                         
20000360  __primary_heap_start__                                          
20020360  __primary_heap_end__                                            
20020360  ti_sysbios_family_arm_m3_Hwi_dispatchTable                      
200206c0  ti_sysbios_knl_Task_Instance_State_0_stack__A                   
200208c0  uartMSP432E4Objects                                             
20020a58  ti_sysbios_knl_Task_Instance_State_0_hookEnv__A                 
20020a64  PowerMSP432E4_module                                            
20020c5c  ti_sysbios_knl_Swi_Module_State_0_readyQ__A                     
20020cdc  ti_sysbios_knl_Task_Module_State_0_readyQ__A                    
20020d5c  ti_sysbios_gates_GateMutex_Object__table__V                     
20020db0  ti_sysbios_knl_Task_Object__table__V                            
20020dfc  ti_sysbios_knl_Task_Module__state__V                            
20020e40  ti_sysbios_family_arm_lm4_Timer_Module_State_0_device__A        
20020e80  ti_sysbios_family_arm_lm4_Timer_Object__table__V                
20020ec0  ti_sysbios_family_arm_m3_Hwi_Module__state__V                   
20020ef4  ti_sysbios_knl_Swi_Object__table__V                             
20020f24  ti_sysbios_knl_Clock_Module__state__V                           
20020f50  ti_sysbios_BIOS_Module__state__V                                
20020f74  ti_sysbios_family_arm_lm4_Timer_Module_State_0_handles__A       
20020f94  xdc_runtime_Error_IgnoreBlock                                   
20020fb4  ti_sysbios_knl_Swi_Module__state__V                             
20020fd0  ti_sysbios_family_arm_m3_Hwi_Object__table__V                   
20020fe8  ti_sysbios_heaps_HeapMem_Object__table__V                       
20021000  ti_sysbios_family_arm_lm4_Timer_Module__state__V                
2002100c  _lock                                                           
20021010  _unlock                                                         
20021014  ti_sysbios_family_arm_m3_Hwi_Module__root__V                    
2002101c  ti_sysbios_gates_GateHwi_Module__root__V                        
20021024  ti_sysbios_gates_GateMutex_Module__root__V                      
2002102c  ti_sysbios_heaps_HeapMem_Module__root__V                        
20021034  ti_sysbios_knl_Clock_Module__root__V                            
2002103c  ti_sysbios_knl_Queue_Module__root__V                            
20021044  ti_sysbios_knl_Semaphore_Module__root__V                        
2002104c  ti_sysbios_knl_Task_Module__root__V                             
20021054  xdc_runtime_Startup_Module__state__V                            
2002105c  xdc_runtime_System_Module_State_0_atexitHandlers__A             
20021064  xdc_runtime_System_Module__state__V                             
20021072  ti_sysbios_family_arm_m3_Hwi_Module_State_0_excActive__A        
20021074  gpioCallbackFunctions                                           
20021078  gpioPinConfigs                                                  
2002107c  main_func_sp                                                    
20021080  ti_sysbios_family_arm_m3_Hwi_Module_State_0_excContext__A       
20021084  ti_sysbios_family_arm_m3_Hwi_Module_State_0_excStack__A         
20021088  ti_sysbios_gates_GateHwi_Object__table__V                       
2002108c  ti_sysbios_knl_Task_Module_State_0_idleTask__A                  
20021090  ti_sysbios_rts_ti_ReentSupport_Module__state__V                 
20021094  xdc_runtime_Memory_Module__state__V                             
2003fc00  __stack                                                         
20040000  __STACK_END                                                     
e000e000  ti_sysbios_family_arm_m3_Hwi_nvic                               
ffffffff  __TI_pprof_out_hndl                                             
ffffffff  __TI_prof_data_size                                             
ffffffff  __TI_prof_data_start                                            
ffffffff  __binit__                                                       
ffffffff  __c_args__                                                      
ffffffff  binit                                                           
UNDEFED   SHT$$INIT_ARRAY$$Base                                           
UNDEFED   SHT$$INIT_ARRAY$$Limit                                          

[555 symbols]
