******************************************************************************
                  TI ARM Linker PC v20.2.7                     
******************************************************************************
>> Linked Fri Nov 15 17:11:10 2024

OUTPUT FILE NAME:   <udpecho_MSP_EXP432E401Y_tirtos_ccs.out>
ENTRY POINT SYMBOL: "_c_int00"  address: 0001d145


MEMORY CONFIGURATION

         name            origin    length      used     unused   attr    fill
----------------------  --------  ---------  --------  --------  ----  --------
  FLASH                 00000000   00100000  00024ab4  000db54c  R  X
  SRAM                  20000000   00040000  0002d79f  00012861  RW X


SEGMENT ALLOCATION MAP

run origin  load origin   length   init length attrs members
----------  ----------- ---------- ----------- ----- -------
00000000    00000000    00024ac0   00024ac0    r-x
  00000000    00000000    0000003c   0000003c    r-- .resetVecs
  00000040    00000040    000235c2   000235c2    r-x .text
  00023604    00023604    00000e9e   00000e9e    r-- .const
  000244a8    000244a8    00000618   00000618    r-- .cinit
20000360    20000360    00020000   00000000    r--
  20000360    20000360    00020000   00000000    r-- .priheap
20020400    20020400    0000d03f   00000000    rw-
  20020400    20020400    0000c11c   00000000    rw- .bss
  2002c51c    2002c51c    00000f23   00000000    rw- .data
2003fc00    2003fc00    00000400   00000000    rw-
  2003fc00    2003fc00    00000400   00000000    rw- .stack


SECTION ALLOCATION MAP

 output                                  attributes/
section   page    origin      length       input sections
--------  ----  ----------  ----------   ----------------
.text      0    00000040    000235c2     
                  00000040    00000d0c     stk.aem4f : tcpin.oem4f (.text:TcpInput)
                  00000d4c    00000ad4     Interface.obj (.text:HelpParse)
                  00001820    00000a4e     rtsv7M4_T_le_v4SPD16_eabi.lib : _printfi.c.obj (.text:__TI_printfi)
                  0000226e    00000002     SWIs.obj (.text:ADC_Swi)
                  00002270    0000090c     stk.aem4f : tcpout.oem4f (.text:TcpOutput)
                  00002b7c    000007f0     Interface.obj (.text:RegParse)
                  0000336c    00000674     Interface.obj (.text:ErrorMsg)
                  000039e0    0000061c     HelpMsg.obj (.text:HelpRegMsg)
                  00003ffc    0000055c     Initializers.obj (.text:GlobInit)
                  00004558    000004f0     slnetifndk_msp432e4.aem4f : slnetifndk.oem4f (.text:SlNetIfNDK_getSockOpt)
                  00004a48    000004a4     Interface.obj (.text:GPIOParse)
                  00004eec    0000048c     stk.aem4f : ipout.oem4f (.text:IPTxPacket)
                  00005378    00000478     Interface.obj (.text:TickerParse)
                  000057f0    00000468     sysbios.aem4f : BIOS.obj (.text:xdc_runtime_System_doPrint__I)
                  00005c58    000003b8     HelpMsg.obj (.text:HelpCallbackMsg)
                  00006010    000003b8     HelpMsg.obj (.text:HelpErrorMsg)
                  000063c8    000003a0     stk.aem4f : ipin.oem4f (.text:IPRxPacket)
                  00006768    00000396     nettool_ipv4.aem4f : dnscomn.oem4f (.text:DNSResolveByName)
                  00006afe    00000002     ti_drivers_config.obj (.text:Board_initHook)
                  00006b00    00000363     HelpMsg.obj (.text:HelpGPIOMsg)
                  00006e63    00000001     --HOLE-- [fill = 0]
                  00006e64    00000350     slnetsock_release.a : slnetutils.oem4f (.text:SlNetUtil_getAddrInfo)
                  000071b4    00000338     Interface.obj (.text:SineParse)
                  000074ec    0000030c     Interface.obj (.text:IfParse)
                  000077f8    0000030a     nettool_ipv4.aem4f : dnscomn.oem4f (.text:DNSResolveByAddr)
                  00007b02    00000002     stk.aem4f : nat.oem4f (.text:NatMsg)
                  00007b04    00000308     HelpMsg.obj (.text:HelpIfMsg)
                  00007e0c    000002f0     drivers_msp432e4.aem4f : UARTMSP432E4.oem4f (.text:UARTMSP432E4_open)
                  000080fc    000002ec     slnetifndk_msp432e4.aem4f : slnetifndk.oem4f (.text:SlNetIfNDK_setSockOpt)
                  000083e8    000002ea     nettool_ipv4.aem4f : dnscomn.oem4f (.text:DNSResolveByNS)
                  000086d2    00000002     drivers_msp432e4.aem4f : TimerMSP432E4.oem4f (.text:TimerMSP432E4_init)
                  000086d4    000002e4     Interface.obj (.text:CallbackParse)
                  000089b8    000002d8     HelpMsg.obj (.text:HelpScriptMsg)
                  00008c90    000002c8     Interface.obj (.text:ScriptsParse)
                  00008f58    000002ac     stk.aem4f : sock.oem4f (.text:SockSet)
                  00009204    000002ac     Interface.obj (.text:StreamParse)
                  000094b0    000002a0     sysbios.aem4f : BIOS.obj (.text:ti_sysbios_family_arm_msp432e4_init_Boot_sysCtlClockFreqSetI__I)
                  00009750    00000274     stk.aem4f : icmpin.oem4f (.text:ICMPInput)
                  000099c4    00000270     rtsv7M4_T_le_v4SPD16_eabi.lib : _printfi.c.obj (.text:_pconv_a)
                  00009c34    0000025e     stk.aem4f : fileuser.oem4f (.text:fdPoll)
                  00009e92    00000002     drivers_msp432e4.aem4f : UARTMSP432E4.oem4f (.text:UARTMSP432E4_init)
                  00009e94    0000025c     stk.aem4f : ipfrag.oem4f (.text:IPReasm)
                  0000a0f0    00000254     HelpMsg.obj (.text:HelpTickerMsg)
                  0000a344    0000023c     HelpMsg.obj (.text:HelpSineMsg)
                  0000a580    0000023a     msp432e4_driverlib.a : gpio.o (.text:GPIOPadConfigSet)
                  0000a7ba    00000002     hal_ser_stub.aem4f : llserstb.oem4f (.text:_llSerialServiceCheck)
                  0000a7bc    00000230     stk.aem4f : udp.oem4f (.text:UdpInput)
                  0000a9ec    00000220     HelpMsg.obj (.text:HelpUARTMsg)
                  0000ac0c    0000021c     InitialHandler.obj (.text:UART_Input_Handler)
                  0000ae28    00000218     HelpMsg.obj (.text:HelpTimerMsg)
                  0000b040    00000218     netctrl_min_ipv4.aem4f : netctrl.oem4f (.text:NC_NetStart)
                  0000b258    00000218     slnetifndk_msp432e4.aem4f : slnetifndk.oem4f (.text:SlNetIfNDK_recvFrom)
                  0000b470    00000214     drivers_msp432e4.aem4f : ADCBufMSP432E4.oem4f (.text:ADCBufMSP432E4_open)
                  0000b684    0000020c     InitialHandler.obj (.text:MsgParser)
                  0000b890    00000200     slnetifndk_msp432e4.aem4f : slnetifndk.oem4f (.text:SlNetIfNDK_sendTo)
                  0000ba90    000001fc     drivers_msp432e4.aem4f : SPIMSP432E4DMA.oem4f (.text:SPIMSP432E4DMA_transfer)
                  0000bc8c    000001f8     stk.aem4f : sock.oem4f (.text:SockGet)
                  0000be84    000001ec     slnetifndk_msp432e4.aem4f : slnetifndk.oem4f (.text:SlNetIfNDK_accept)
                  0000c070    000001ec     stk.aem4f : sock.oem4f (.text:SockRecv)
                  0000c25c    000001ea     nettool_ipv4.aem4f : dnspkt.oem4f (.text:DNSGetReply)
                  0000c446    00000002     hal_ser_stub.aem4f : llserstb.oem4f (.text:_llSerialShutdown)
                  0000c448    000001e8     Interface.obj (.text:MemRead)
                  0000c630    000001d0     stk.aem4f : lliin.oem4f (.text:LLIRxPacket)
                  0000c800    000001d0     rtsv7M4_T_le_v4SPD16_eabi.lib : _printfi.c.obj (.text:_pconv_g)
                  0000c9d0    000001cc     Interface.obj (.text:VoiceParse)
                  0000cb9c    000001c8     drivers_msp432e4.aem4f : EMACMSP432E4.oem4f (.text:EMACMSP432E4_emacStart)
                  0000cd64    000001c0                            : ADCBufMSP432E4.oem4f (.text:primeConvert)
                  0000cf24    000001b6     rtsv7M4_T_le_v4SPD16_eabi.lib : fd_add_t2.asm.obj (.text)
                  0000d0da    00000002     hal_userled_stub.aem4f : llled.oem4f (.text:_llUserLedInit)
                  0000d0dc    000001b4     drivers_msp432e4.aem4f : SPIMSP432E4DMA.oem4f (.text:SPIMSP432E4DMA_open)
                  0000d290    000001b4     stk.aem4f : sock.oem4f (.text:SockNew)
                  0000d444    000001b0               : lliout.oem4f (.text:LLITxIpPacket)
                  0000d5f4    000001b0               : udp.oem4f (.text:UdpOutput)
                  0000d7a4    0000019c     os.aem4f : mem.oem4f (.text:mmAlloc)
                  0000d940    00000198     nettool_ipv4.aem4f : dnsclnt.oem4f (.text:DNSResolve)
                  0000dad8    00000198     stk.aem4f : igmp.oem4f (.text:IGMPInput)
                  0000dc70    00000198     slnetsock_release.a : slnetsock.oem4f (.text:SlNetSock_select)
                  0000de08    00000194     nettool_ipv4.aem4f : dhcpmain.oem4f (.text:DHCPOpen)
                  0000df9c    00000188                        : ipaddr.oem4f (.text:NtGetPublicHost)
                  0000e124    00000188     stk.aem4f : fileuser.oem4f (.text:fdSelect)
                  0000e2ac    00000188     release_pem4f.oem4f (.text:xdc_runtime_System_printfExtend__I)
                  0000e434    00000184     drivers_msp432e4.aem4f : GPIOMSP432E4.oem4f (.text:GPIO_setConfig)
                  0000e5b8    00000184     slnetifndk_msp432e4.aem4f : slnetifndk.oem4f (.text:SlNetIfNDK_getPeerName)
                  0000e73c    00000184                               : slnetifndk.oem4f (.text:SlNetIfNDK_getSockName)
                  0000e8c0    00000182     HelpMsg.obj (.text:HelpMemrMsg)
                  0000ea42    00000002     hal_userled_stub.aem4f : llled.oem4f (.text:_llUserLedShutdown)
                  0000ea44    0000017c     drivers_msp432e4.aem4f : EMACMSP432E4.oem4f (.text:EMACMSP432E4_NIMUInit)
                  0000ebc0    00000178     slnetifndk_msp432e4.aem4f : slnetifndk.oem4f (.text:SlNetIfNDK_recv)
                  0000ed38    00000178     stk.aem4f : tcpout.oem4f (.text:TcpGenPacket)
                  0000eeb0    00000174     udpEcho.obj (.text:echoFxn)
                  0000f024    00000170     Interface.obj (.text:AudioParse)
                  0000f194    00000170     nettool_ipv4.aem4f : dnscomn.oem4f (.text:DNSResolveExternal)
                  0000f304    00000170     stk.aem4f : rtc.oem4f (.text:RTCReport)
                  0000f474    0000016d     nettool_ipv4.aem4f : dnspkt.oem4f (.text:DNSReadRecord)
                  0000f5e1    00000001     --HOLE-- [fill = 0]
                  0000f5e2    00000002     rtsv7M4_T_le_v4SPD16_eabi.lib : _lock.c.obj (.text:_nop)
                  0000f5e4    0000016c     slnetifndk_msp432e4.aem4f : slnetifndk.oem4f (.text:SlNetIfNDK_send)
                  0000f750    0000016c     Interface.obj (.text:TimerParse)
                  0000f8bc    0000016a     stk.aem4f : sb.oem4f (.text:SBRead)
                  0000fa26    00000002     hal_ser_stub.aem4f : llserstb.oem4f (.text:llSerialService)
                  0000fa28    00000168     slnetifndk_msp432e4.aem4f : slnetifndk.oem4f (.text:SlNetIfNDK_connect)
                  0000fb90    00000160     stk.aem4f : icmp.oem4f (.text:ICMPGenPacket)
                  0000fcf0    00000160               : sock.oem4f (.text:SockConnect)
                  0000fe50    00000158               : nimu.oem4f (.text:NIMUInit)
                  0000ffa8    00000154     sysbios.aem4f : BIOS.obj (.text:ti_sysbios_knl_Task_Instance_finalize__E)
                  000100fc    00000148     Interface.obj (.text:AboutMsg)
                  00010244    00000148     ti_ndk_config.obj (.text:ndkStackThread)
                  0001038c    00000144     stk.aem4f : bind.oem4f (.text:BindNew)
                  000104d0    00000144     slnetifndk_msp432e4.aem4f : slnetifndk.oem4f (.text:SlNetIfNDK_select)
                  00010614    00000144     stk.aem4f : sockpcb.oem4f (.text:SockPcbResolve)
                  00010758    00000140     drivers_msp432e4.aem4f : ADCBufMSP432E4.oem4f (.text:ADCBufMSP432E4_hwiIntFxn)
                  00010898    00000140     stk.aem4f : tcp.oem4f (.text:TcpTimeoutCheck)
                  000109d8    0000013c     nettool_ipv4.aem4f : config.oem4f (.text:CfgAddEntry)
                  00010b14    0000013c     netctrl_min_ipv4.aem4f : netctrl.oem4f (.text:NetScheduler)
                  00010c50    0000013c     slnetifndk_msp432e4.aem4f : slnetifndk.oem4f (.text:SlNetIfNDK_ifCreateContext)
                  00010d8c    0000013c     stk.aem4f : sockint.oem4f (.text:SockNotify)
                  00010ec8    0000013c               : sock.oem4f (.text:SockSend)
                  00011004    0000013c     rtsv7M4_T_le_v4SPD16_eabi.lib : _printfi.c.obj (.text:_pconv_e)
                  00011140    00000136                                   : fd_div_t2.asm.obj (.text)
                  00011276    00000002                                   : div0.asm.obj (.text)
                  00011278    00000134     drivers_msp432e4.aem4f : EMACMSP432E4.oem4f (.text:EMACMSP432E4_handleRx)
                  000113ac    00000130     rtsv7M4_T_le_v4SPD16_eabi.lib : strtol.c.obj (.text:strtol)
                  000114dc    00000004     drivers_msp432e4.aem4f : ADCBufMSP432E4.oem4f (.text:ADCBufMSP432E4_getResolution)
                  000114e0    00000130     sysbios.aem4f : BIOS.obj (.text:ti_sysbios_knl_Semaphore_pend__E)
                  00011610    0000012e     drivers_msp432e4.aem4f : SPIMSP432E4DMA.oem4f (.text:SPIMSP432E4DMA_transferCancel)
                  0001173e    00000002     release_pem4f.oem4f (.text:ti_sysbios_BIOS_nullFunc__I)
                  00011740    00000128     HelpMsg.obj (.text:HelpAboutMsg)
                  00011868    00000128     HelpMsg.obj (.text:HelpHelpMsg)
                  00011990    00000124     rtsv7M4_T_le_v4SPD16_eabi.lib : _printfi.c.obj (.text:fcvt)
                  00011ab4    00000120     slnetsock_release.a : errnoutil.oem4f (.text:ErrnoUtil_set)
                  00011bd4    00000120     HelpMsg.obj (.text:HelpPrintMsg)
                  00011cf4    00000120     slnetifndk_msp432e4.aem4f : slnetifndk.oem4f (.text:SlNetIfNDK_close)
                  00011e14    00000004     stk.aem4f : bind.oem4f (.text:BindGetIF)
                  00011e18    00000120     sysbios.aem4f : BIOS.obj (.text:xdc_runtime_Startup_startMods__I)
                  00011f38    0000011c     drivers_msp432e4.aem4f : ADCBufMSP432E4.oem4f (.text:ADCBufMSP423E4_noDMAhwiIntFxn)
                  00012054    00000118     HelpMsg.obj (.text:HelpClearMsg)
                  0001216c    00000118     drivers_msp432e4.aem4f : TimerMSP432E4.oem4f (.text:TimerMSP432E4_open)
                  00012284    00000114     stk.aem4f : nimu.oem4f (.text:NIMUIoctl)
                  00012398    00000114               : raw.oem4f (.text:RawInput)
                  000124ac    00000114     slnetifndk_msp432e4.aem4f : slnetifndk.oem4f (.text:SlNetIfNDK_getIPAddr)
                  000125c0    00000114     rtsv7M4_T_le_v4SPD16_eabi.lib : fputs.c.obj (.text:fputs)
                  000126d4    00000110     stk.aem4f : node.oem4f (.text:NodeTreeFree)
                  000127e4    00000110               : route.oem4f (.text:RtCreate)
                  000128f4    00000110               : rtable.oem4f (.text:RtFind)
                  00012a04    00000110     rtsv7M4_T_le_v4SPD16_eabi.lib : s_scalbn.c.obj (.text:scalbn)
                  00012b14    00000110                                   : strtoul.c.obj (.text:strtoul)
                  00012c24    00000004     stk.aem4f : bind.oem4f (.text:BindGetNext)
                  00012c28    00000110     sysbios.aem4f : BIOS.obj (.text:ti_sysbios_knl_Task_postInit__I)
                  00012d38    0000010c     slnetifndk_msp432e4.aem4f : slnetifndk.oem4f (.text:getBSDSlNetErr)
                  00012e44    00000004     dpl_msp432e4.aem4f : ClockP_tirtos.oem4f (.text:ClockP_getCpuFreq)
                  00012e48    0000010c     sysbios.aem4f : BIOS.obj (.text:ti_sysbios_family_arm_lm4_Timer_start__E)
                  00012f54    0000010a     stk.aem4f : tcpprot.oem4f (.text:TcpPrSetOption)
                  0001305e    00000002     --HOLE-- [fill = 0]
                  00013060    00000108     slnetsock_release.a : slnetutils.oem4f (.text:SlNetUtil_str2BinIpV6)
                  00013168    00000104     drivers_msp432e4.aem4f : SPIMSP432E4DMA.oem4f (.text:configNextTransfer)
                  0001326c    00000104     nettool_ipv4.aem4f : dhcppkt.oem4f (.text:dhcpPacketProcess)
                  00013370    00000102                        : inetaddr.oem4f (.text:inet_aton)
                  00013472    00000002     --HOLE-- [fill = 0]
                  00013474    00000100     stk.aem4f : icmp.oem4f (.text:ICMPSendRtAdv)
                  00013574    00000100               : igmp.oem4f (.text:IGMPSendReply)
                  00013674    000000fc     Threads.obj (.text:ADCStream)
                  00013770    000000fc     rtsv7M4_T_le_v4SPD16_eabi.lib : fd_mul_t2.asm.obj (.text)
                  0001386c    000000f8     drivers_msp432e4.aem4f : ADCBufMSP432E4.oem4f (.text:ADCBufMSP432E4_close)
                  00013964    000000f8     slnetsock_release.a : slnetutils.oem4f (.text:SlNetUtil_inetAton)
                  00013a5c    000000f8     rtsv7M4_T_le_v4SPD16_eabi.lib : s_floor.c.obj (.text:floor)
                  00013b54    000000f8     os.aem4f : os_ll.oem4f (.text:llEnter)
                  00013c4c    00000004     dpl_msp432e4.aem4f : ClockP_tirtos.oem4f (.text:ClockP_setTimeout)
                  00013c50    000000f8     sysbios.aem4f : BIOS.obj (.text:timer_create)
                  00013d48    000000f4     stk.aem4f : sock.oem4f (.text:SockClose)
                  00013e3c    000000f0               : lliout.oem4f (.text:LLIGenArpPacket)
                  00013f2c    000000f0               : rawethsock.oem4f (.text:RawEthSockNew)
                  0001401c    00000004     dpl_msp432e4.aem4f : ClockP_tirtos.oem4f (.text:ClockP_start)
                  00014020    000000f0     sysbios.aem4f : BIOS.obj (.text:pthread_create)
                  00014110    000000f0                   : m3_Hwi_asm.obj (.text:ti_sysbios_family_arm_m3_Hwi_dispatch__I)
                  00014200    000000f0     msp432e4_driverlib.a : udma.o (.text:uDMAChannelTransferSet)
                  000142f0    000000ee                          : adc.o (.text:ADCSequenceStepConfigure)
                  000143de    000000ee     nettool_ipv4.aem4f : dnspkt.oem4f (.text:DNSWriteRecord)
                  000144cc    000000ee     slnetifndk_msp432e4.aem4f : slnetifndk.oem4f (.text:SlNetIfNDK_socket)
                  000145ba    00000006     drivers_msp432e4.aem4f : ADCBufMSP432E4.oem4f (.text:ADCBufMSP432E4_adjustRawValues)
                  000145c0    000000ec     sysbios.aem4f : BIOS.obj (.text:clock_gettime)
                  000146ac    000000ea     stk.aem4f : pipe.oem4f (.text:PipeRecv)
                  00014796    000000e8     nettool_ipv4.aem4f : dnspkt.oem4f (.text:DNSWriteName)
                  0001487e    000000e8     drivers_msp432e4.aem4f : SPIMSP432E4DMA.oem4f (.text:SPIMSP432E4DMA_hwiFxn)
                  00014966    00000002     --HOLE-- [fill = 0]
                  00014968    000000e8     sysbios.aem4f : BIOS.obj (.text:ti_sysbios_knl_Task_Instance_init__E)
                  00014a50    000000e8                   : BIOS.obj (.text:timer_settime)
                  00014b38    000000e4     slnetsock_release.a : slnetif.oem4f (.text:SlNetIf_add)
                  00014c1c    000000e4     stk.aem4f : sockpcb.oem4f (.text:SockPcbBind)
                  00014d00    000000e0     msp432e4_driverlib.a : emac.o (.text:EMACInit)
                  00014de0    000000e0     stk.aem4f : tcptime.oem4f (.text:TcpTimeoutRexmt)
                  00014ec0    000000e0     SWIs.obj (.text:Timer1Swi)
                  00014fa0    000000de     nettool_ipv4.aem4f : dhcpsock.oem4f (.text:dhcpSocketOpen)
                  0001507e    00000002     --HOLE-- [fill = 0]
                  00015080    000000dc     stk.aem4f : sb.oem4f (.text:SBWrite)
                  0001515c    000000dc     rtsv7M4_T_le_v4SPD16_eabi.lib : setvbuf.c.obj (.text:setvbuf)
                  00015238    000000da     nettool_ipv4.aem4f : dhcpsm.oem4f (.text:dhcpState)
                  00015312    00000002     --HOLE-- [fill = 0]
                  00015314    000000d8     stk.aem4f : node.oem4f (.text:NodeAdd)
                  000153ec    000000d8     slnetifndk_msp432e4.aem4f : slnetifndk.oem4f (.text:SlNetIfNDK_bind)
                  000154c4    000000d4                               : slnetifndk.oem4f (.text:SlNetIfNDK_listen)
                  00015598    000000d1     stk.aem4f : nimu.oem4f (.text:NIMUReceivePacket)
                  00015669    00000003     --HOLE-- [fill = 0]
                  0001566c    000000d0     netctrl_min_ipv4.aem4f : netsrv.oem4f (.text:SPIpNet)
                  0001573c    000000d0     slnetifndk_msp432e4.aem4f : slnetifndk.oem4f (.text:SlNetIfNDK_shutdown)
                  0001580c    000000d0     nettool_ipv4.aem4f : dhcpsm.oem4f (.text:dhcpIPAdd)
                  000158dc    00000004     dpl_msp432e4.aem4f : ClockP_tirtos.oem4f (.text:ClockP_stop)
                  000158e0    000000d0     sysbios.aem4f : BIOS.obj (.text:ti_sysbios_heaps_HeapMem_alloc__E)
                  000159b0    000000cc     stk.aem4f : rawethsock.oem4f (.text:RawEthSockGet)
                  00015a7c    000000cc               : rawethsock.oem4f (.text:RawEthSockSet)
                  00015b48    000000cc     nettool_ipv4.aem4f : dhcpbild.oem4f (.text:dhcpBuildHeader)
                  00015c14    000000cc                        : dhcppkt.oem4f (.text:dhcpVerifyMessage)
                  00015ce0    000000c4     stk.aem4f : igmp.oem4f (.text:IGMPJoinHostGroup)
                  00015da4    000000c4     nettool_ipv4.aem4f : dhcpsm.oem4f (.text:StateBound)
                  00015e68    000000c4     drivers_msp432e4.aem4f : ADCBufMSP432E4.oem4f (.text:configDMA)
                  00015f2c    000000c4     rtsv7M4_T_le_v4SPD16_eabi.lib : s_round.c.obj (.text:round)
                  00015ff0    000000c4     sysbios.aem4f : BIOS.obj (.text:ti_sysbios_knl_Task_sleep__E)
                  000160b4    000000c0     nettool_ipv4.aem4f : dnspkt.oem4f (.text:DNSReadName)
                  00016174    000000be                        : dnsclnt.oem4f (.text:DNSGetHostByName)
                  00016232    000000be     drivers_msp432e4.aem4f : UARTMSP432E4.oem4f (.text:UARTMSP432E4_close)
                  000162f0    000000bc     stk.aem4f : sockpcb.oem4f (.text:SockPcbFind)
                  000163ac    000000bc     Initializers.obj (.text:Timer_Init)
                  00016468    000000bc     stk.aem4f : vlan.oem4f (.text:VLANDeinit)
                  00016524    00000004     dpl_msp432e4.aem4f : HwiP_tirtos.oem4f (.text:HwiP_clearInterrupt)
                  00016528    000000bc     sysbios.aem4f : BIOS.obj (.text:ti_sysbios_knl_Task_exit__E)
                  000165e4    00000004     dpl_msp432e4.aem4f : HwiP_tirtos.oem4f (.text:HwiP_disable)
                  000165e8    000000bc     sysbios.aem4f : BIOS.obj (.text:xdc_runtime_Core_createObject__I)
                  000166a4    000000ba     stk.aem4f : icmpin.oem4f (.text:ICMPRevSrcRoute)
                  0001675e    00000002     --HOLE-- [fill = 0]
                  00016760    000000b8               : lli.oem4f (.text:_LLITimeoutCheck)
                  00016818    000000b8     udpEchoHooks.obj (.text:netIPAddrHook)
                  000168d0    000000b8     sysbios.aem4f : BIOS.obj (.text:ti_sysbios_family_arm_m3_Hwi_Instance_init__E)
                  00016988    000000b6     drivers_msp432e4.aem4f : UARTMSP432E4.oem4f (.text:readTaskCallback)
                  00016a3e    00000002     --HOLE-- [fill = 0]
                  00016a40    000000b4     stk.aem4f : tcptime.oem4f (.text:TcpTimeoutKeep)
                  00016af4    000000b2               : nimu.oem4f (.text:NIMUAddEthernetHeader)
                  00016ba6    00000002     --HOLE-- [fill = 0]
                  00016ba8    000000b1     rtsv7M4_T_le_v4SPD16_eabi.lib : _printfi.c.obj (.text:_ltostr)
                  00016c59    00000003     --HOLE-- [fill = 0]
                  00016c5c    000000b0     Interface.obj (.text:AddPayload)
                  00016d0c    000000b0     drivers_msp432e4.aem4f : UARTMSP432E4.oem4f (.text:readTaskBlocking)
                  00016dbc    00000004     dpl_msp432e4.aem4f : HwiP_tirtos.oem4f (.text:HwiP_disableInterrupt)
                  00016dc0    000000b0     sysbios.aem4f : BIOS.obj (.text:ti_sysbios_family_arm_lm4_Timer_enableTiva__I)
                  00016e70    000000ac     drivers_msp432e4.aem4f : EMACMSP432E4.oem4f (.text:EMACMSP432E4_initDMADescriptors)
                  00016f1c    000000ac                            : GPIOMSP432E4.oem4f (.text:GPIO_init)
                  00016fc8    000000ac     stk.aem4f : rtable.oem4f (.text:RtTimeoutCheck)
                  00017074    000000ac     os.aem4f : task.oem4f (.text:TaskGetEnv)
                  00017120    000000a8     stk.aem4f : sockint.oem4f (.text:SockCreatePacket)
                  000171c8    000000a4     msp432e4_driverlib.a : gpio.o (.text:GPIOIntTypeSet)
                  0001726c    000000a4     os.aem4f : task.oem4f (.text:TaskSetEnv)
                  00017310    000000a4     sysbios.aem4f : BIOS.obj (.text:ti_sysbios_knl_Task_setPri__E)
                  000173b4    000000a0     drivers_msp432e4.aem4f : EMACMSP432E4.oem4f (.text:EMACMSP432E4_emacStop)
                  00017454    000000a0     stk.aem4f : ip.oem4f (.text:IPGetRoute)
                  000174f4    000000a0     auto_init.aem4f : auto_init.oem4f (.text)
                  00017594    0000009e     nettool_ipv4.aem4f : dnsclnt.oem4f (.text:DNSGetHostArrayByName)
                  00017632    0000009e     drivers_msp432e4.aem4f : UARTMSP432E4.oem4f (.text:UARTMSP432E4_readPolling)
                  000176d0    0000009c     Interface.obj (.text:ClearAudioBuffers)
                  0001776c    0000009c     stk.aem4f : exec.oem4f (.text:ExecOpen)
                  00017808    0000009c     drivers_msp432e4.aem4f : SPIMSP432E4DMA.oem4f (.text:SPIMSP432E4DMA_close)
                  000178a4    00000004     dpl_msp432e4.aem4f : HwiP_tirtos.oem4f (.text:HwiP_enableInterrupt)
                  000178a8    0000009c     sysbios.aem4f : BIOS.obj (.text:_pthread_removeThreadKeys)
                  00017944    0000009c     drivers_msp432e4.aem4f : ADCBufMSP432E4.oem4f (.text:initHw)
                  000179e0    0000009c     rtsv7M4_T_le_v4SPD16_eabi.lib : memcpy_t2.asm.obj (.text)
                  00017a7c    00000098     drivers_msp432e4.aem4f : ADCBufMSP432E4.oem4f (.text:ADCBufMSP432E4_convertCancel)
                  00017b14    00000098     netctrl_min_ipv4.aem4f : netctrl.oem4f (.text:NC_SystemOpen)
                  00017bac    00000098                            : netsrv.oem4f (.text:ServiceScan)
                  00017c44    00000098     drivers_msp432e4.aem4f : UARTMSP432E4.oem4f (.text:UARTMSP432E4_write)
                  00017cdc    00000096     rtsv7M4_T_le_v4SPD16_eabi.lib : ull_div_t2.asm.obj (.text)
                  00017d72    00000002     --HOLE-- [fill = 0]
                  00017d74    00000094     Initializers.obj (.text:ADCBuf_Init)
                  00017e08    00000094     nettool_ipv4.aem4f : config.oem4f (.text:CfgExecute)
                  00017e9c    00000094                        : config.oem4f (.text:CfgRemoveEntry)
                  00017f30    00000094     os.aem4f : mem.oem4f (.text:_mmInit)
                  00017fc4    00000094     drivers_msp432e4.aem4f : UARTMSP432E4.oem4f (.text:readIsrTextBlocking)
                  00018058    00000094     sysbios.aem4f : BIOS.obj (.text:ti_sysbios_family_arm_m3_Hwi_initNVIC__E)
                  000180ec    00000092     slnetsock_release.a : slnetsock.oem4f (.text:SlNetSock_create)
                  0001817e    00000002     --HOLE-- [fill = 0]
                  00018180    00000090     stk.aem4f : igmp.oem4f (.text:IGMPMsg)
                  00018210    00000090     slnetsock_release.a : slnetsock.oem4f (.text:SlNetSock_getVirtualSdConf)
                  000182a0    00000090     drivers_msp432e4.aem4f : UARTMSP432E4.oem4f (.text:UARTMSP432E4_control)
                  00018330    00000090     slnetsock_release.a : slnetutils.oem4f (.text:createAddrInfo)
                  000183c0    00000090     nettool_ipv4.aem4f : dhcpbild.oem4f (.text:dhcpBuildRequest)
                  00018450    00000090     os.aem4f : mem.oem4f (.text:mmInitPage)
                  000184e0    00000090     sysbios.aem4f : BIOS.obj (.text:ti_sysbios_knl_Task_Module_startup__E)
                  00018570    0000008e     nettool_ipv4.aem4f : dnscomn.oem4f (.text:DNSResolveQuery)
                  000185fe    00000002     --HOLE-- [fill = 0]
                  00018600    0000008c     stk.aem4f : ip.oem4f (.text:IPMsg)
                  0001868c    0000008c     msp432e4_driverlib.a : sysctl.o (.text:SysCtlPeripheralReset)
                  00018718    0000008c     sysbios.aem4f : m3_TaskSupport_asm.obj (.text:ti_sysbios_family_arm_m3_TaskSupport_buildTaskStack)
                  000187a4    00000004     os.aem4f : oem.oem4f (.text:NDK_HwiP_disable)
                  000187a8    0000008c     sysbios.aem4f : BIOS.obj (.text:xdc_runtime_Memory_alloc__E)
                  00018834    0000008a     netctrl_min_ipv4.aem4f : netsrv.oem4f (.text:SPRoute)
                  000188be    00000002     --HOLE-- [fill = 0]
                  000188c0    00000088                            : netsrv.oem4f (.text:ServiceSpawn)
                  00018948    00000088     stk.aem4f : sockpcb.oem4f (.text:SockPcbCtlError)
                  000189d0    00000088     drivers_msp432e4.aem4f : TimerMSP432E4.oem4f (.text:TimerMSP432E4_setPeriod)
                  00018a58    00000088                            : UARTMSP432E4.oem4f (.text:readIsrTextCallback)
                  00018ae0    00000086     stk.aem4f : sock.oem4f (.text:SockCheck)
                  00018b66    00000086     nettool_ipv4.aem4f : dhcpsm.oem4f (.text:StateRequesting)
                  00018bec    00000086     rtsv7M4_T_le_v4SPD16_eabi.lib : fd_cmp_t2.asm.obj (.text:__aeabi_cdcmple)
                  00018c72    00000086                                   : fd_cmp_t2.asm.obj (.text:__aeabi_cdrcmple)
                  00018cf8    00000086     sysbios.aem4f : BIOS.obj (.text:xdc_runtime_Core_constructObject__I)
                  00018d7e    00000002     --HOLE-- [fill = 0]
                  00018d80    00000084     nettool_ipv4.aem4f : config.oem4f (.text:CfgGetEntry)
                  00018e04    00000084     drivers_msp432e4.aem4f : EMACMSP432E4.oem4f (.text:EMACMSP432E4_hwiIntFxn)
                  00018e88    00000084                            : EMACMSP432E4.oem4f (.text:EMACMSP432E4_processPendingTx)
                  00018f0c    00000084                            : EMACMSP432E4.oem4f (.text:EMACMSP432E4_processPhyInterrupt)
                  00018f90    00000084     stk.aem4f : raw.oem4f (.text:RawOutput)
                  00019014    00000084     slnetsock_release.a : slnetutils.oem4f (.text:SlNetUtil_getHostByName)
                  00019098    00000084     stk.aem4f : sockpcb.oem4f (.text:SockCleanPcb)
                  0001911c    00000084               : tcpprot.oem4f (.text:TcpPrAttach)
                  000191a0    00000084               : fileuser.oem4f (.text:fdClose)
                  00019224    00000084     os.aem4f : mem.oem4f (.text:mmFree)
                  000192a8    00000084     sysbios.aem4f : BIOS.obj (.text:ti_sysbios_family_arm_m3_Hwi_postInit__I)
                  0001932c    00000004     os.aem4f : NDK_SemaphoreP_tirtos.oem4f (.text:NDK_SemaphoreP_post)
                  00019330    00000084     sysbios.aem4f : BIOS.obj (.text:ti_sysbios_heaps_HeapMem_free__E)
                  000193b4    00000082     nettool_ipv4.aem4f : dhcpsm.oem4f (.text:StateRenewRebind)
                  00019436    00000002     --HOLE-- [fill = 0]
                  00019438    00000080     stk.aem4f : lli.oem4f (.text:LLINew)
                  000194b8    00000080               : pbm.oem4f (.text:PBM_alloc)
                  00019538    00000080     Initializers.obj (.text:UART_Init)
                  000195b8    00000080     sysbios.aem4f : BIOS.obj (.text:ti_sysbios_knl_Clock_workFunc__E)
                  00019638    0000007e     slnetifndk_msp432e4.aem4f : slnetifndk.oem4f (.text:SlNetIfNDK_getConnectionStatus)
                  000196b6    0000007e     slnetsock_release.a : slnetutils.oem4f (.text:setAddrInfo)
                  00019734    0000007c     nettool_ipv4.aem4f : config.oem4f (.text:CfgGetNextEntry)
                  000197b0    0000007c     stk.aem4f : igmp.oem4f (.text:IGMPDoMCast)
                  0001982c    0000007c               : igmp.oem4f (.text:IGMPJoin)
                  000198a8    0000007c               : socket.oem4f (.text:NDK_getsockopt)
                  00019924    0000007c               : socket.oem4f (.text:NDK_setsockopt)
                  000199a0    0000007c     netctrl_min_ipv4.aem4f : netsrv.oem4f (.text:NS_BootTask)
                  00019a1c    0000007c     stk.aem4f : pbm.oem4f (.text:PBM_free)
                  00019a98    0000007c     rtsv7M4_T_le_v4SPD16_eabi.lib : fflush.c.obj (.text:fflush)
                  00019b14    0000007c     os.aem4f : mem.oem4f (.text:mmBulkFree)
                  00019b90    0000007c     drivers_msp432e4.aem4f : UARTMSP432E4.oem4f (.text:writeData)
                  00019c0c    0000007a     msp432e4_driverlib.a : ssi.o (.text:SSIConfigSetExpClk)
                  00019c86    0000007a     stk.aem4f : sock.oem4f (.text:SockAccept)
                  00019d00    0000007a     rtsv7M4_T_le_v4SPD16_eabi.lib : memset_t2.asm.obj (.text)
                  00019d7a    00000078     stk.aem4f : socket.oem4f (.text:NDK_sendto)
                  00019df2    00000002     --HOLE-- [fill = 0]
                  00019df4    00000078               : nimu.oem4f (.text:NIMURegister)
                  00019e6c    00000078               : tcptime.oem4f (.text:TcpXmitTimer)
                  00019ee4    00000078               : fileuser.oem4f (.text:fdOpenSession)
                  00019f5c    00000078     os.aem4f : os_ll.oem4f (.text:llExit)
                  00019fd4    00000076     stk.aem4f : pipe.oem4f (.text:PipeSend)
                  0001a04a    00000076     msp432e4_driverlib.a : uart.o (.text:UARTConfigSetExpClk)
                  0001a0c0    00000075     stk.aem4f : tcptime.oem4f (.text:TcpTimeoutSackRexmt)
                  0001a135    00000003     --HOLE-- [fill = 0]
                  0001a138    00000075     sysbios.aem4f : BIOS.obj (.text:xdc_runtime_System_formatNum__I)
                  0001a1ad    00000003     --HOLE-- [fill = 0]
                  0001a1b0    00000074     drivers_msp432e4.aem4f : EMACMSP432E4.oem4f (.text:EMACMSP432E4_processTransmitted)
                  0001a224    00000074     stk.aem4f : igmp.oem4f (.text:IGMPLeaveHostGroup)
                  0001a298    00000074               : socket.oem4f (.text:NDK_recvfrom)
                  0001a30c    00000074               : nimu.oem4f (.text:NIMUShutdown)
                  0001a380    00000074               : raweth.oem4f (.text:RawEthRxPacket)
                  0001a3f4    00000074     slnetsock_release.a : slnetsock.oem4f (.text:SlNetSock_AllocVirtualSocket)
                  0001a468    00000074     stk.aem4f : sockpcb.oem4f (.text:SockPcbConnect)
                  0001a4dc    00000074     rtsv7M4_T_le_v4SPD16_eabi.lib : fclose.c.obj (.text:__TI_closefile)
                  0001a550    00000074     hal_timer.aem4f : lltimer.oem4f (.text:llTimerTick)
                  0001a5c4    00000004     os.aem4f : ossys.oem4f (.text:NDK_vsprintf)
                  0001a5c8    00000074     sysbios.aem4f : BIOS.obj (.text:xdc_runtime_Core_deleteObject__I)
                  0001a63c    00000072     drivers_msp432e4.aem4f : TimerMSP432E4.oem4f (.text:TimerMSP432E4_start)
                  0001a6ae    00000070     stk.aem4f : socket.oem4f (.text:NDK_send)
                  0001a71e    00000002     --HOLE-- [fill = 0]
                  0001a720    00000070               : rtable.oem4f (.text:RtFlush)
                  0001a790    00000070     netctrl_min_ipv4.aem4f : netsrv.oem4f (.text:SPConfig)
                  0001a800    00000070     stk.aem4f : sock.oem4f (.text:SockShutdown)
                  0001a870    00000070     SWIs.obj (.text:Timer0Swi)
                  0001a8e0    00000070     nettool_ipv4.aem4f : dhcptags.oem4f (.text:dhcpDecodeType)
                  0001a950    00000070     slnetsock_release.a : netdb.oem4f (.text:getaddrinfo)
                  0001a9c0    00000070     os.aem4f : mem.oem4f (.text:mmBulkAlloc)
                  0001aa30    00000070     sysbios.aem4f : BIOS.obj (.text:ti_sysbios_family_arm_lm4_Seconds_getTime__E)
                  0001aaa0    00000070                   : BIOS.obj (.text:ti_sysbios_heaps_HeapMem_initPrimary__I)
                  0001ab10    0000006e     stk.aem4f : socket.oem4f (.text:NDK_recv)
                  0001ab7e    00000002     --HOLE-- [fill = 0]
                  0001ab80    0000006e               : rtable.oem4f (.text:RtWalkNext)
                  0001abee    0000006e     rtsv7M4_T_le_v4SPD16_eabi.lib : _printfi.c.obj (.text:_mcpy)
                  0001ac5c    0000006d     stk.aem4f : node.oem4f (.text:NodeNew)
                  0001acc9    00000003     --HOLE-- [fill = 0]
                  0001accc    0000006c     os.aem4f : ossys.oem4f (.text:DbgPrintf)
                  0001ad38    0000006c     msp432e4_driverlib.a : emac.o (.text:EMACPHYConfigSet)
                  0001ada4    0000006c     rtsv7M4_T_le_v4SPD16_eabi.lib : hostrename.c.obj (.text:HOSTrename)
                  0001ae10    0000006c     stk.aem4f : node.oem4f (.text:NodeTreeNew)
                  0001ae7c    0000006c               : pbm.oem4f (.text:PBM_open)
                  0001aee8    0000006c     drivers_msp432e4.aem4f : PowerMSP432E4.oem4f (.text:Power_releaseDependency)
                  0001af54    0000006c     stk.aem4f : raweth.oem4f (.text:RawEthTxPacket)
                  0001afc0    0000006c     slnetsock_release.a : slnetutils.oem4f (.text:SlNetUtil_str2BinIpV4)
                  0001b02c    0000006c     hal_timer.aem4f : lltimer.oem4f (.text:llTimerGetTime)
                  0001b098    0000006c     sysbios.aem4f : BIOS.obj (.text:pthread_cancel)
                  0001b104    00000004     stk.aem4f : node.oem4f (.text:NodeSetRt)
                  0001b108    0000006c     sysbios.aem4f : BIOS.obj (.text:ti_sysbios_knl_Swi_restoreHwi__E)
                  0001b174    0000006a     stk.aem4f : socket.oem4f (.text:NDK_accept)
                  0001b1de    0000006a               : tcpprot.oem4f (.text:TcpPrInherit)
                  0001b248    00000068     drivers_msp432e4.aem4f : GPIOMSP432E4.oem4f (.text:GPIO_hwiIntFxn)
                  0001b2b0    00000068     rtsv7M4_T_le_v4SPD16_eabi.lib : hostlseek.c.obj (.text:HOSTlseek)
                  0001b318    00000068     Interface.obj (.text:InvalidMsg)
                  0001b380    00000068     stk.aem4f : socket.oem4f (.text:NDK_socket)
                  0001b3e8    00000068     drivers_msp432e4.aem4f : PowerMSP432E4.oem4f (.text:Power_setDependency)
                  0001b450    00000068     stk.aem4f : sock.oem4f (.text:SockListen)
                  0001b4b8    00000068               : sockpcb.oem4f (.text:SockPcbFindRaw)
                  0001b520    00000068     drivers_msp432e4.aem4f : TimerMSP432E4.oem4f (.text:TimerMSP432E4_allocateTimerResource)
                  0001b588    00000068     Interface.obj (.text:UARTParse)
                  0001b5f0    00000068     stk.aem4f : rtable.oem4f (.text:_RtNodeInsert)
                  0001b658    00000068     rtsv7M4_T_le_v4SPD16_eabi.lib : copy_decompress_lzss.c.obj (.text:decompress:lzss:__TI_decompress_lzss)
                  0001b6c0    00000068     sysbios.aem4f : BIOS.obj (.text:pthread_exit)
                  0001b728    00000068     drivers_msp432e4.aem4f : UARTMSP432E4.oem4f (.text:readIsrBinaryBlocking)
                  0001b790    00000066     Helpers.obj (.text:NextSubString)
                  0001b7f6    00000066     ti_ndk_config.obj (.text:configTcp)
                  0001b85c    00000064     nettool_ipv4.aem4f : config.oem4f (.text:CfgFree)
                  0001b8c0    00000064     stk.aem4f : file.oem4f (.text:FdWaitEvent)
                  0001b924    00000064               : pbm.oem4f (.text:PBMQ_enq)
                  0001b988    00000064     drivers_msp432e4.aem4f : PowerMSP432E4.oem4f (.text:Power_init)
                  0001b9ec    00000064     SWIs.obj (.text:SW1_Swi)
                  0001ba50    00000064     SWIs.obj (.text:SW2_Swi)
                  0001bab4    00000064     slnetifndk_msp432e4.aem4f : slnetifndk.oem4f (.text:SlNetIfNDK_getHostByName)
                  0001bb18    00000064     stk.aem4f : sockint.oem4f (.text:SockSpawnAbort)
                  0001bb7c    00000064               : tcpprot.oem4f (.text:TcpPrGetOption)
                  0001bbe0    00000064               : udp.oem4f (.text:UdpChecksum)
                  0001bc44    00000064     rtsv7M4_T_le_v4SPD16_eabi.lib : s_frexp.c.obj (.text:frexp)
                  0001bca8    00000064                                   : fseek.c.obj (.text:fseek)
                  0001bd0c    00000064     drivers_msp432e4.aem4f : UARTMSP432E4.oem4f (.text:readIsrBinaryCallback)
                  0001bd70    00000064     sysbios.aem4f : BIOS.obj (.text:ti_sysbios_family_arm_lm4_Timer_Module_startup__E)
                  0001bdd4    00000004     stk.aem4f : rawethsock.oem4f (.text:RawEthSockGetCtx)
                  0001bdd8    00000064     sysbios.aem4f : BIOS.obj (.text:ti_sysbios_family_arm_m3_Hwi_dispatchC__I)
                  0001be3c    00000064     msp432e4_driverlib.a : udma.o (.text:uDMAChannelAttributeDisable)
                  0001bea0    00000064     stk.aem4f : lliin.oem4f (.text:updateRtTable)
                  0001bf04    00000062               : ipin.oem4f (.text:IPRouteIP)
                  0001bf66    00000002     --HOLE-- [fill = 0]
                  0001bf68    00000062               : sb.oem4f (.text:SBNew)
                  0001bfca    00000062     rtsv7M4_T_le_v4SPD16_eabi.lib : _io_perm.c.obj (.text:__TI_wrt_ok)
                  0001c02c    00000060     nettool_ipv4.aem4f : config.oem4f (.text:CfgGetEntryCnt)
                  0001c08c    00000060     msp432e4_driverlib.a : emac.o (.text:EMACConfigGet)
                  0001c0ec    00000060                          : emac.o (.text:EMACIntDisable)
                  0001c14c    00000060     rtsv7M4_T_le_v4SPD16_eabi.lib : hostopen.c.obj (.text:HOSTopen)
                  0001c1ac    00000060     stk.aem4f : socket.oem4f (.text:NDK_getpeername)
                  0001c20c    00000060               : socket.oem4f (.text:NDK_getsockname)
                  0001c26c    00000060               : socket.oem4f (.text:NDK_shutdown)
                  0001c2cc    00000060               : nimu.oem4f (.text:NIMUUnregister)
                  0001c32c    00000060               : node.oem4f (.text:NodeFind)
                  0001c38c    00000060               : rtc.oem4f (.text:RTCMsg)
                  0001c3ec    00000060     slnetsock_release.a : slnetsock.oem4f (.text:SlNetSock_recvFrom)
                  0001c44c    00000060                         : slnetsock.oem4f (.text:SlNetSock_sendTo)
                  0001c4ac    00000060     os.aem4f : task.oem4f (.text:TaskCreate)
                  0001c50c    00000060     msp432e4_driverlib.a : timer.o (.text:TimerControlTrigger)
                  0001c56c    00000060     nettool_ipv4.aem4f : dhcptags.oem4f (.text:dhcpBuildOptions)
                  0001c5cc    00000004     stk.aem4f : rawethsock_prot.oem4f (.text:RawEthSockPrAttach)
                  0001c5d0    00000060     sysbios.aem4f : BIOS.obj (.text:ti_sysbios_knl_Semaphore_post__E)
                  0001c630    00000060                   : BIOS.obj (.text:ti_sysbios_knl_Swi_run__I)
                  0001c690    0000005e     msp432e4_driverlib.a : emac.o (.text:EMACIntEnable)
                  0001c6ee    0000005e     stk.aem4f : route.oem4f (.text:RtRemove)
                  0001c74c    0000005e     nettool_ipv4.aem4f : dhcpsm.oem4f (.text:StateSelecting)
                  0001c7aa    0000005e     stk.aem4f : vlan.oem4f (.text:VLANReceivePacket)
                  0001c808    0000005c     drivers_msp432e4.aem4f : ADCBufMSP432E4.oem4f (.text:ADCBufMSP432E4_init)
                  0001c864    0000005c     nettool_ipv4.aem4f : config.oem4f (.text:CfgSetExecuteOrder)
                  0001c8c0    0000005c     msp432e4_driverlib.a : emac.o (.text:EMACAddrSet)
                  0001c91c    0000005c                          : emac.o (.text:EMACIntStatus)
                  0001c978    0000005c                          : gpio.o (.text:GPIODirModeSet)
                  0001c9d4    0000005c     stk.aem4f : nimu.oem4f (.text:NIMUIoctlSpecialCmd)
                  0001ca30    0000005c     netctrl_min_ipv4.aem4f : netsrv.oem4f (.text:SPService)
                  0001ca8c    0000005c     rtsv7M4_T_le_v4SPD16_eabi.lib : close.c.obj (.text:close)
                  0001cae8    0000005c     drivers_msp432e4.aem4f : ADCBufMSP432E4.oem4f (.text:completeConversion)
                  0001cb44    0000005c                            : TimerMSP432E4.oem4f (.text:getPowerMgrId)
                  0001cba0    0000005c                            : UARTMSP432E4.oem4f (.text:getPowerResourceId)
                  0001cbfc    00000004     stk.aem4f : rawethsock_prot.oem4f (.text:RawEthSockPrDetach)
                  0001cc00    0000005c     sysbios.aem4f : BIOS.obj (.text:ti_sysbios_knl_Swi_schedule__I)
                  0001cc5c    00000004     drivers_msp432e4.aem4f : SPIMSP432E4DMA.oem4f (.text:SPIMSP432E4DMA_init)
                  0001cc60    0000005c     sysbios.aem4f : BIOS.obj (.text:ti_sysbios_knl_Task_startCore__E)
                  0001ccbc    00000004     os.aem4f : semaphore.oem4f (.text:SemReset)
                  0001ccc0    0000005c     sysbios.aem4f : BIOS.obj (.text:xdc_runtime_Startup_exec__E)
                  0001cd1c    0000005a     stk.aem4f : rawethsock.oem4f (.text:RawEthSockCheck)
                  0001cd76    0000005a               : route.oem4f (.text:RtRedirect)
                  0001cdd0    0000005a               : tcpprot.oem4f (.text:TcpValidateMetrics)
                  0001ce2a    0000005a     nettool_ipv4.aem4f : dhcpbild.oem4f (.text:dhcpBuildDecline)
                  0001ce84    00000058     stk.aem4f : bind.oem4f (.text:BindFree)
                  0001cedc    00000058     msp432e4_driverlib.a : emac.o (.text:EMACIntClear)
                  0001cf34    00000058     drivers_msp432e4.aem4f : GPIOMSP432E4.oem4f (.text:GPIO_setCallback)
                  0001cf8c    00000058     rtsv7M4_T_le_v4SPD16_eabi.lib : hostread.c.obj (.text:HOSTread)
                  0001cfe4    00000058                                   : hostwrite.c.obj (.text:HOSTwrite)
                  0001d03c    00000058     stk.aem4f : igmp.oem4f (.text:IGMPTimer)
                  0001d094    00000058               : tcp.oem4f (.text:TcpChecksum)
                  0001d0ec    00000058     drivers_msp432e4.aem4f : UDMAMSP432E4.oem4f (.text:UDMAMSP432E4_open)
                  0001d144    00000058     boot.aem4f : boot.oem4f (.text)
                  0001d19c    00000058     sysbios.aem4f : m3_Hwi_asm_switch.obj (.text:ti_sysbios_family_arm_m3_Hwi_initStacks__E)
                  0001d1f4    00000056     Helpers.obj (.text:MatchSubString)
                  0001d24a    00000056     rtsv7M4_T_le_v4SPD16_eabi.lib : _printfi.c.obj (.text:_pconv_f)
                  0001d2a0    00000056     drivers_msp432e4.aem4f : SPIMSP432E4DMA.oem4f (.text:initHw)
                  0001d2f6    00000002     --HOLE-- [fill = 0]
                  0001d2f8    00000054     nettool_ipv4.aem4f : config.oem4f (.text:CfgEntryDeRef)
                  0001d34c    00000054     drivers_msp432e4.aem4f : GPIOMSP432E4.oem4f (.text:GPIO_write)
                  0001d3a0    00000054     stk.aem4f : rawethsock_pcb.oem4f (.text:RawEthSockPcbAttach)
                  0001d3f4    00000054               : tcptime.oem4f (.text:TcpTimeoutPersist)
                  0001d448    00000054     rtsv7M4_T_le_v4SPD16_eabi.lib : _ltoa.c.obj (.text:__TI_ltoa)
                  0001d49c    00000004     dpl_msp432e4.aem4f : SemaphoreP_tirtos.oem4f (.text:SemaphoreP_post)
                  0001d4a0    00000054     sysbios.aem4f : BIOS.obj (.text:ti_sysbios_family_arm_lm4_Timer_initDevice__I)
                  0001d4f4    00000054     release_pem4f.oem4f (.text:ti_sysbios_family_arm_m3_Hwi_create)
                  0001d548    00000054     sysbios.aem4f : BIOS.obj (.text:timer_gettime)
                  0001d59c    00000052     nettool_ipv4.aem4f : dnscomn.oem4f (.text:DNSReplyFree)
                  0001d5ee    00000052     stk.aem4f : igmp.oem4f (.text:IGMPLeave)
                  0001d640    00000052               : socket.oem4f (.text:NDK_bind)
                  0001d692    00000052               : tcpprot.oem4f (.text:TcpPrDetach)
                  0001d6e4    00000052     rtsv7M4_T_le_v4SPD16_eabi.lib : _printfi.c.obj (.text:_ecpy)
                  0001d736    00000002     --HOLE-- [fill = 0]
                  0001d738    00000050     Callbacks.obj (.text:ADCBufCallback)
                  0001d788    00000050     msp432e4_driverlib.a : emac.o (.text:EMACConfigSet)
                  0001d7d8    00000050     stk.aem4f : socket.oem4f (.text:NDK_connect)
                  0001d828    00000050     Threads.obj (.text:Payload_Thread)
                  0001d878    00000050     Interface.obj (.text:PrintMsg)
                  0001d8c8    00000050     stk.aem4f : route.oem4f (.text:RtNew)
                  0001d918    00000050     slnetsock_release.a : slnetif.oem4f (.text:SlNetIf_queryIf)
                  0001d968    00000050     drivers_msp432e4.aem4f : UARTMSP432E4.oem4f (.text:UARTMSP432E4_hwiIntFxn)
                  0001d9b8    00000050                            : ADCBufMSP432E4.oem4f (.text:getPowerResourceId)
                  0001da08    00000050     sysbios.aem4f : BIOS.obj (.text:ti_sysbios_family_arm_m3_Hwi_Module_startup__E)
                  0001da58    00000050                   : BIOS.obj (.text:ti_sysbios_knl_Clock_Instance_init__E)
                  0001daa8    00000050     release_pem4f.oem4f (.text:ti_sysbios_knl_Task_create)
                  0001daf8    0000004e     msp432e4_driverlib.a : emac.o (.text:EMACPHYWrite)
                  0001db46    0000004e     stk.aem4f : node.oem4f (.text:NodeDeRef)
                  0001db94    0000004e     drivers_msp432e4.aem4f : TimerMSP432E4.oem4f (.text:TimerMSP432E4_stop)
                  0001dbe2    0000004e     stk.aem4f : file.oem4f (.text:fdint_lockfd)
                  0001dc30    0000004e     drivers_msp432e4.aem4f : TimerMSP432E4.oem4f (.text:initHw)
                  0001dc7e    0000004e     os.aem4f : mem.oem4f (.text:mmCopy)
                  0001dccc    0000004c     msp432e4_driverlib.a : emac.o (.text:EMACPHYRead)
                  0001dd18    0000004c     nettool_ipv4.aem4f : ipaddr.oem4f (.text:NtAddNetwork)
                  0001dd64    0000004c     slnetsock_release.a : slnetsock.oem4f (.text:SlNetSock_freeVirtualSocket)
                  0001ddb0    0000004c     stk.aem4f : sockint.oem4f (.text:SockValidateRoute)
                  0001ddfc    0000004c               : timer.oem4f (.text:TimerListInsert)
                  0001de48    0000004c     drivers_msp432e4.aem4f : TimerMSP432E4.oem4f (.text:TimerMSP432E4_freeTimerResource)
                  0001de94    0000004c                            : UARTMSP432E4.oem4f (.text:UARTMSP432E4_writePolling)
                  0001dee0    0000004c     rtsv7M4_T_le_v4SPD16_eabi.lib : fflush.c.obj (.text:__TI_doflush)
                  0001df2c    0000004c                                   : atoi.c.obj (.text:atoi)
                  0001df78    0000004c                                   : cpy_tbl.c.obj (.text:copy_in)
                  0001dfc4    0000004c     os.aem4f : mem.oem4f (.text:mmZeroInit)
                  0001e010    0000004c     drivers_msp432e4.aem4f : UARTMSP432E4.oem4f (.text:ringBufGet)
                  0001e05c    0000004c     ti_ndk_config.obj (.text:ti_ndk_config_ip_init)
                  0001e0a8    0000004c     sysbios.aem4f : BIOS.obj (.text:ti_sysbios_heaps_HeapMem_getStats__E)
                  0001e0f4    00000004     slnetsock_release.a : slnetif.oem4f (.text:SlNetIf_init)
                  0001e0f8    0000004c     sysbios.aem4f : BIOS.obj (.text:ti_sysbios_knl_Swi_runLoop__I)
                  0001e144    00000004     slnetsock_release.a : slnetutils.oem4f (.text:SlNetUtil_init)
                  0001e148    0000004c     sysbios.aem4f : BIOS.obj (.text:ti_sysbios_knl_Task_allBlockedFunction__I)
                  0001e194    00000004     stk.aem4f : sock.oem4f (.text:SockGetCtx)
                  0001e198    0000004c     sysbios.aem4f : BIOS.obj (.text:ti_sysbios_knl_Task_schedule__I)
                  0001e1e4    0000004c     msp432e4_driverlib.a : udma.o (.text:uDMAChannelAssign)
                  0001e230    0000004c                          : udma.o (.text:uDMAChannelModeGet)
                  0001e27c    0000004a     drivers_msp432e4.aem4f : ADCBufMSP432E4.oem4f (.text:ADCBufMSP432E4_convert)
                  0001e2c6    0000004a     netctrl_min_ipv4.aem4f : netsrv.oem4f (.text:ServiceKill)
                  0001e310    0000004a     stk.aem4f : sock.oem4f (.text:SockDisconnect)
                  0001e35a    00000002     --HOLE-- [fill = 0]
                  0001e35c    0000004a               : timer.oem4f (.text:TimerNew)
                  0001e3a6    0000004a     nettool_ipv4.aem4f : config.oem4f (.text:_CfgEntryScan)
                  0001e3f0    00000048                        : config.oem4f (.text:CfgNew)
                  0001e438    00000048     stk.aem4f : lli.oem4f (.text:LLIMsg)
                  0001e480    00000048               : node.oem4f (.text:NodeWalk)
                  0001e4c8    00000048               : rawethsock_pcb.oem4f (.text:RawEthSockPcbDetach)
                  0001e510    00000048     slnetsock_release.a : slnetsock.oem4f (.text:SlNetSock_init)
                  0001e558    00000048     stk.aem4f : sockpcb.oem4f (.text:SockPcbResolveChain)
                  0001e5a0    00000048               : tcpprot.oem4f (.text:TcpDrop)
                  0001e5e8    00000048     Callbacks.obj (.text:Timer0CallBack)
                  0001e630    00000048     drivers_msp432e4.aem4f : UARTMSP432E4.oem4f (.text:UARTMSP432E4_writeCancel)
                  0001e678    00000048     stk.aem4f : lli.oem4f (.text:_LLIExpListInsert)
                  0001e6c0    00000048               : rtable.oem4f (.text:_RtExpListInsert)
                  0001e708    00000048     rtsv7M4_T_le_v4SPD16_eabi.lib : fd_toi_t2.asm.obj (.text)
                  0001e750    00000048     ti_ndk_config.obj (.text:ti_ndk_config_Global_startupFxn)
                  0001e798    00000048     sysbios.aem4f : BIOS.obj (.text:ti_sysbios_family_arm_lm4_Timer_enableTimers__I)
                  0001e7e0    00000048                   : BIOS.obj (.text:ti_sysbios_family_arm_m3_Hwi_disableInterrupt__E)
                  0001e828    00000048                   : BIOS.obj (.text:ti_sysbios_family_arm_m3_Hwi_enableInterrupt__E)
                  0001e870    00000048                   : BIOS.obj (.text:ti_sysbios_knl_Mailbox_Module_startup__E)
                  0001e8b8    00000048                   : BIOS.obj (.text:ti_sysbios_knl_Task_deleteTerminatedTasksFunc__I)
                  0001e900    00000048                   : BIOS.obj (.text:xdc_runtime_Core_assignParams__I)
                  0001e948    00000046     nettool_ipv4.aem4f : ipaddr.oem4f (.text:NtIfIdx2Ip)
                  0001e98e    00000046     stk.aem4f : rawethsock.oem4f (.text:RawEthSockSend)
                  0001e9d4    00000046     drivers_msp432e4.aem4f : RingBuf.oem4f (.text:RingBuf_put)
                  0001ea1a    00000002     --HOLE-- [fill = 0]
                  0001ea1c    00000046     os.aem4f : semaphore.oem4f (.text:SemCreateBinary)
                  0001ea62    00000046     stk.aem4f : tcpprot.oem4f (.text:TcpPrCtlError)
                  0001eaa8    00000046     drivers_msp432e4.aem4f : TimerMSP432E4.oem4f (.text:getPrescaler)
                  0001eaee    00000002     --HOLE-- [fill = 0]
                  0001eaf0    00000044                            : ADCBuf.oem4f (.text:ADCBuf_init)
                  0001eb34    00000044     nettool_ipv4.aem4f : dnspkt.oem4f (.text:DNSBuildRequest)
                  0001eb78    00000044     msp432e4_driverlib.a : gpio.o (.text:GPIOPinConfigure)
                  0001ebbc    00000044     rtsv7M4_T_le_v4SPD16_eabi.lib : hostclose.c.obj (.text:HOSTclose)
                  0001ec00    00000044                                   : hostunlink.c.obj (.text:HOSTunlink)
                  0001ec44    00000044     stk.aem4f : icmp.oem4f (.text:ICMPChecksum)
                  0001ec88    00000044               : ipfrag.oem4f (.text:IPReasmFree)
                  0001eccc    00000044               : lli.oem4f (.text:LLIGetValidTime)
                  0001ed10    00000044               : rtable.oem4f (.text:RouteMsg)
                  0001ed54    00000044               : rtable.oem4f (.text:RtWalkEnd)
                  0001ed98    00000044     drivers_msp432e4.aem4f : SPI.oem4f (.text:SPI_init)
                  0001eddc    00000044     slnetsock_release.a : slnetutils.oem4f (.text:SlNetUtil_strTok)
                  0001ee20    00000044     stk.aem4f : sock.oem4f (.text:SockIntAbort)
                  0001ee64    00000044               : sockpcb.oem4f (.text:SockPcbDetach)
                  0001eea8    00000044     msp432e4_driverlib.a : sysctl.o (.text:SysCtlPeripheralPresent)
                  0001eeec    00000044                          : sysctl.o (.text:SysCtlPeripheralReady)
                  0001ef30    00000044     drivers_msp432e4.aem4f : Timer.oem4f (.text:Timer_init)
                  0001ef74    00000044                            : UART.oem4f (.text:UART_init)
                  0001efb8    00000044     rtsv7M4_T_le_v4SPD16_eabi.lib : getdevice.c.obj (.text:getdevice)
                  0001effc    00000044                                   : fd_tou_t2.asm.obj (.text)
                  0001f040    00000044     ti_net_config.obj (.text:ti_net_SlNet_initConfig)
                  0001f084    00000004     os.aem4f : task.oem4f (.text:TaskSelf)
                  0001f088    00000044     sysbios.aem4f : BIOS.obj (.text:ti_sysbios_family_arm_lm4_Timer_isrStub__E)
                  0001f0cc    00000004     os.aem4f : task.oem4f (.text:TaskSetPri)
                  0001f0d0    00000044     sysbios.aem4f : BIOS.obj (.text:ti_sysbios_family_arm_m3_Hwi_getStackInfo__E)
                  0001f114    00000004     hal_ser_stub.aem4f : llserstb.oem4f (.text:_llSerialInit)
                  0001f118    00000044     sysbios.aem4f : BIOS.obj (.text:ti_sysbios_knl_Mailbox_postInit__I)
                  0001f15c    00000004     rtsv7M4_T_le_v4SPD16_eabi.lib : exit.c.obj (.text:abort:abort)
                  0001f160    00000044     sysbios.aem4f : BIOS.obj (.text:ti_sysbios_knl_Swi_post__E)
                  0001f1a4    00000004     stk.aem4f : listlib.oem4f (.text:list_get_head)
                  0001f1a8    00000044     sysbios.aem4f : BIOS.obj (.text:xdc_runtime_System_atexit__E)
                  0001f1ec    00000042     stk.aem4f : socket.oem4f (.text:NDK_listen)
                  0001f22e    00000042               : rawethsock.oem4f (.text:RawEthSockShutdown)
                  0001f270    00000042               : tcpprot.oem4f (.text:TcpPrSendOOB)
                  0001f2b2    00000042               : fileuser.oem4f (.text:fdCloseSession)
                  0001f2f4    00000040     drivers_msp432e4.aem4f : ADCBuf.oem4f (.text:ADCBuf_open)
                  0001f334    00000040     dpl_msp432e4.aem4f : ClockP_tirtos.oem4f (.text:ClockP_create)
                  0001f374    00000040                        : HwiP_tirtos.oem4f (.text:HwiP_create)
                  0001f3b4    00000040     stk.aem4f : lliin.oem4f (.text:LLIValidateRoute)
                  0001f3f4    00000040               : pbm.oem4f (.text:PBM_copy)
                  0001f434    00000040     drivers_msp432e4.aem4f : RingBuf.oem4f (.text:RingBuf_get)
                  0001f474    00000040                            : SPI.oem4f (.text:SPI_open)
                  0001f4b4    00000040     os.aem4f : semaphore.oem4f (.text:SemCreate)
                  0001f4f4    00000040     slnetsock_release.a : slnetsock.oem4f (.text:SlNetSock_bind)
                  0001f534    00000040     stk.aem4f : sockpcb.oem4f (.text:SockPcbRtChange)
                  0001f574    00000040     msp432e4_driverlib.a : sysctl.o (.text:SysCtlPeripheralDisable)
                  0001f5b4    00000040                          : sysctl.o (.text:SysCtlPeripheralEnable)
                  0001f5f4    00000040                          : sysctl.o (.text:SysCtlPeripheralPowerOff)
                  0001f634    00000040                          : sysctl.o (.text:SysCtlPeripheralPowerOn)
                  0001f674    00000040                          : sysctl.o (.text:SysCtlPeripheralSleepDisable)
                  0001f6b4    00000040                          : sysctl.o (.text:SysCtlPeripheralSleepEnable)
                  0001f6f4    00000040     stk.aem4f : tcpprot.oem4f (.text:TcpPrSend)
                  0001f734    00000040     drivers_msp432e4.aem4f : Timer.oem4f (.text:Timer_open)
                  0001f774    00000040                            : UARTMSP432E4.oem4f (.text:UARTMSP432E4_read)
                  0001f7b4    00000040                            : UART.oem4f (.text:UART_open)
                  0001f7f4    00000040                            : UDMAMSP432E4.oem4f (.text:UDMAMSP432E4_init)
                  0001f834    00000040                            : SPIMSP432E4DMA.oem4f (.text:getPeripheralResetId)
                  0001f874    00000040     rtsv7M4_T_le_v4SPD16_eabi.lib : u_divt2.asm.obj (.text)
                  0001f8b4    00000040                                   : sprintf.c.obj (.text:sprintf)
                  0001f8f4    00000004     stk.aem4f : listlib.oem4f (.text:list_get_next)
                  0001f8f8    00000040     sysbios.aem4f : BIOS.obj (.text:ti_sysbios_family_arm_lm4_Timer_startup__E)
                  0001f938    00000040                   : BIOS.obj (.text:ti_sysbios_heaps_HeapMem_Instance_init__E)
                  0001f978    00000040     msp432e4_driverlib.a : udma.o (.text:uDMAInit)
                  0001f9b8    0000003e     nettool_ipv4.aem4f : dhcpmain.oem4f (.text:DHCPClose)
                  0001f9f6    00000002     --HOLE-- [fill = 0]
                  0001f9f8    0000003e     stk.aem4f : nimu.oem4f (.text:NIMUAllocateName)
                  0001fa36    0000003e     slnetsock_release.a : slnetsock.oem4f (.text:SlNetSock_close)
                  0001fa74    0000003e     stk.aem4f : tcpprot.oem4f (.text:TcpPrDisconnect)
                  0001fab2    0000003e     rtsv7M4_T_le_v4SPD16_eabi.lib : _printfi.c.obj (.text:_fcpy)
                  0001faf0    0000003e     stk.aem4f : file.oem4f (.text:fdint_unlockfd)
                  0001fb2e    0000003c     nettool_ipv4.aem4f : config.oem4f (.text:CfgEntryGetData)
                  0001fb6a    00000002     --HOLE-- [fill = 0]
                  0001fb6c    0000003c     stk.aem4f : exec.oem4f (.text:ExecClose)
                  0001fba8    0000003c               : node.oem4f (.text:NodeUpdatePL)
                  0001fbe4    0000003c               : rtable.oem4f (.text:RtWalkBegin)
                  0001fc20    0000003c     dpl_msp432e4.aem4f : SemaphoreP_tirtos.oem4f (.text:SemaphoreP_create)
                  0001fc5c    0000003c     stk.aem4f : tcpprot.oem4f (.text:TcpPrConnect)
                  0001fc98    0000003c               : tcptime.oem4f (.text:TcpSetPersist)
                  0001fcd4    0000003c               : rtc.oem4f (.text:_RTCSendRtAdv)
                  0001fd10    0000003c               : rtable.oem4f (.text:_RtNodeRemove)
                  0001fd4c    0000003c     hal_timer.aem4f : lltimer.oem4f (.text:_llTimerInit)
                  0001fd88    0000003c     sysbios.aem4f : BIOS.obj (.text:ti_sysbios_family_arm_m3_Hwi_Instance_finalize__E)
                  0001fdc4    0000003c     release_pem4f.oem4f (.text:ti_sysbios_knl_Clock_create)
                  0001fe00    0000003c     sysbios.aem4f : BIOS.obj (.text:ti_sysbios_knl_Swi_restore__E)
                  0001fe3c    00000004     release_pem4f.oem4f (.text:ti_sysbios_BIOS_RtsGateProxy_enter__E)
                  0001fe40    0000003c     sysbios.aem4f : BIOS.obj (.text:timer_delete)
                  0001fe7c    0000003c     msp432e4_driverlib.a : udma.o (.text:uDMAChannelControlSet)
                  0001feb8    0000003c     sysbios.aem4f : BIOS.obj (.text:xdc_runtime_System_processAtExit__E)
                  0001fef4    0000003a     stk.aem4f : ip.oem4f (.text:IPChecksum)
                  0001ff2e    00000002     --HOLE-- [fill = 0]
                  0001ff30    00000038               : ipfrag.oem4f (.text:IPReasmTimeout)
                  0001ff68    00000038               : node.oem4f (.text:NodeGetRt)
                  0001ffa0    00000038               : sb.oem4f (.text:SBSetMax)
                  0001ffd8    00000038     Initializers.obj (.text:SPI_Init)
                  00020010    00000038     slnetsock_release.a : slnetif.oem4f (.text:SlNetIf_configCheck)
                  00020048    00000038                         : slnetutils.oem4f (.text:SlNetUtil_htonl)
                  00020080    00000038     Threads.obj (.text:TaskAAA)
                  000200b8    00000038     stk.aem4f : tcpprot.oem4f (.text:TcpClose)
                  000200f0    00000038               : timer.oem4f (.text:TimerHSTick)
                  00020128    00000038     drivers_msp432e4.aem4f : TimerMSP432E4.oem4f (.text:TimerMSP432E4_hwiIntFunction)
                  00020160    00000038     rtsv7M4_T_le_v4SPD16_eabi.lib : trgmsg.c.obj (.text:__TI_writemsg)
                  00020198    00000038     nettool_ipv4.aem4f : dhcptags.oem4f (.text:dhcpOptionsClear)
                  000201d0    00000038     stk.aem4f : file.oem4f (.text:fdint_waitevent)
                  00020208    00000038     rtsv7M4_T_le_v4SPD16_eabi.lib : fs_tod_t2.asm.obj (.text)
                  00020240    00000038     sysbios.aem4f : BIOS.obj (.text:ti_sysbios_knl_Task_processVitalTaskFlag__I)
                  00020278    00000036     drivers_msp432e4.aem4f : ADCBufMSP432E4.oem4f (.text:ADCBufMSP432E4_convertAdjustedToMicroVolts)
                  000202ae    00000036     msp432e4_driverlib.a : timer.o (.text:TimerControlStall)
                  000202e4    00000036     drivers_msp432e4.aem4f : UARTMSP432E4.oem4f (.text:UARTMSP432E4_readCancel)
                  0002031a    00000036     rtsv7M4_T_le_v4SPD16_eabi.lib : strncpy.c.obj (.text:strncpy)
                  00020350    00000034     nettool_ipv4.aem4f : config.oem4f (.text:CfgSetService)
                  00020384    00000034     drivers_msp432e4.aem4f : EMACMSP432E4.oem4f (.text:EMACMSP432E4_emacPoll)
                  000203b8    00000034     stk.aem4f : nimu.oem4f (.text:NIMUFindByName)
                  000203ec    00000034               : rawethsock.oem4f (.text:RawEthSockClose)
                  00020420    00000034               : rawethsock.oem4f (.text:RawEthSockNotify)
                  00020454    00000034     slnetsock_release.a : slnetutils.oem4f (.text:SlNetUtil_htons)
                  00020488    00000034     stk.aem4f : sockprot.oem4f (.text:SockPrCtlError)
                  000204bc    00000034     drivers_msp432e4.aem4f : TimerMSP432E4.oem4f (.text:TimerMSP432E4_close)
                  000204f0    00000034     Threads.obj (.text:UART_Thread)
                  00020524    00000034     rtsv7M4_T_le_v4SPD16_eabi.lib : fopen.c.obj (.text:__TI_cleanup)
                  00020558    00000034                                   : trgmsg.c.obj (.text:__TI_readmsg)
                  0002058c    00000004     release_pem4f.oem4f (.text:ti_sysbios_BIOS_RtsGateProxy_leave__E)
                  00020590    00000034     sysbios.aem4f : BIOS.obj (.text:_pthread_delete$44)
                  000205c4    00000034     slnetifndk_msp432e4.aem4f : slnetifndk.oem4f (.text:addSktToTable)
                  000205f8    00000034     nettool_ipv4.aem4f : dhcpbild.oem4f (.text:dhcpBuildDiscover)
                  0002062c    00000034     drivers_msp432e4.aem4f : SPIMSP432E4DMA.oem4f (.text:getPowerMgrId)
                  00020660    00000034     os.aem4f : mem.oem4f (.text:mmUnInitPage)
                  00020694    00000034              : ossys.oem4f (.text:stricmp)
                  000206c8    00000034     release_pem4f.oem4f (.text:ti_sysbios_knl_Semaphore_create)
                  000206fc    00000032     nettool_ipv4.aem4f : config.oem4f (.text:CfgGetImmediate)
                  0002072e    00000032     stk.aem4f : pipe.oem4f (.text:PipeCheck)
                  00020760    00000032               : route.oem4f (.text:RtDeRef)
                  00020792    00000032               : route.oem4f (.text:RtSetFailure)
                  000207c4    00000032               : sb.oem4f (.text:SBFlush)
                  000207f6    00000032     nettool_ipv4.aem4f : config.oem4f (.text:_CfgAcquire)
                  00020828    00000032                        : dhcpsm.oem4f (.text:dhcpIPRemove)
                  0002085a    00000006     drivers_msp432e4.aem4f : ADCBufMSP432E4.oem4f (.text:ADCBufMSP432E4_control)
                  00020860    00000032     sysbios.aem4f : BIOS.obj (.text:ti_sysbios_hal_Hwi_initStack)
                  00020892    00000006     drivers_msp432e4.aem4f : SPIMSP432E4DMA.oem4f (.text:SPIMSP432E4DMA_control)
                  00020898    00000032     sysbios.aem4f : BIOS.obj (.text:xdc_runtime_System_putchar__I)
                  000208ca    00000002     --HOLE-- [fill = 0]
                  000208cc    00000030     ti_drivers_config.obj (.text:Board_init)
                  000208fc    00000030     Interface.obj (.text:ClearMsg)
                  0002092c    00000030     drivers_msp432e4.aem4f : EMACMSP432E4.oem4f (.text:EMACMSP432E4_isLinkUp)
                  0002095c    00000030                            : GPIOMSP432E4.oem4f (.text:GPIOMSP432E4_undoPinConfig)
                  0002098c    00000030                            : GPIOMSP432E4.oem4f (.text:GPIO_enableInt)
                  000209bc    00000030                            : GPIOMSP432E4.oem4f (.text:GPIO_read)
                  000209ec    00000030     netctrl_min_ipv4.aem4f : netsrv.oem4f (.text:NS_PreBoot)
                  00020a1c    00000030     slnetsock_release.a : slnetif.oem4f (.text:SlNetIf_getIDByName)
                  00020a4c    00000030     stk.aem4f : sock.oem4f (.text:SockBind)
                  00020a7c    00000030               : sock.oem4f (.text:SockGetName)
                  00020aac    00000030               : sockpcb.oem4f (.text:SockPcbAttach)
                  00020adc    00000030     msp432e4_driverlib.a : uart.o (.text:UARTDisable)
                  00020b0c    00000030     nettool_ipv4.aem4f : dhcpsock.oem4f (.text:dhcpPacketSend)
                  00020b3c    00000030     stk.aem4f : file.oem4f (.text:fdint_setevent)
                  00020b6c    00000030     rtsv7M4_T_le_v4SPD16_eabi.lib : getdevice.c.obj (.text:finddevice)
                  00020b9c    00000030     stk.aem4f : listlib.oem4f (.text:list_remove_node)
                  00020bcc    00000030     release_pem4f.oem4f (.text:ti_sysbios_BIOS_atExitFunc__I)
                  00020bfc    00000030     release_pem4f.oem4f (.text:ti_sysbios_BIOS_startFunc__I)
                  00020c2c    00000004     sysbios.aem4f : BIOS.obj (.text:ti_sysbios_family_arm_lm4_Timer_masterEnable__I)
                  00020c30    00000030                   : BIOS.obj (.text:ti_sysbios_family_arm_lm4_Timer_stop__E)
                  00020c60    00000030                   : BIOS.obj (.text:ti_sysbios_family_arm_m3_TaskSupport_start__E)
                  00020c90    00000030     release_pem4f.oem4f (.text:ti_sysbios_gates_GateHwi_Object__create__S)
                  00020cc0    00000030     release_pem4f.oem4f (.text:ti_sysbios_gates_GateMutex_Object__create__S)
                  00020cf0    00000030     sysbios.aem4f : BIOS.obj (.text:ti_sysbios_gates_GateMutex_enter__E)
                  00020d20    00000030     release_pem4f.oem4f (.text:ti_sysbios_gates_GateSwi_Object__create__S)
                  00020d50    00000030     release_pem4f.oem4f (.text:ti_sysbios_heaps_HeapMem_Object__create__S)
                  00020d80    00000030     release_pem4f.oem4f (.text:ti_sysbios_knl_Clock_construct)
                  00020db0    00000030     release_pem4f.oem4f (.text:ti_sysbios_knl_Semaphore_construct)
                  00020de0    00000030     sysbios.aem4f : BIOS.obj (.text:ti_sysbios_knl_Semaphore_pendTimeout__I)
                  00020e10    00000030                   : BIOS.obj (.text:ti_sysbios_knl_Task_restore__E)
                  00020e40    00000030                   : BIOS.obj (.text:ti_sysbios_knl_Task_unblockI__E)
                  00020e70    0000002e     drivers_msp432e4.aem4f : EMACMSP432E4.oem4f (.text:EMACMSP432E4_emacioctl)
                  00020e9e    0000002e     stk.aem4f : sb.oem4f (.text:SBFree)
                  00020ecc    0000002e     rtsv7M4_T_le_v4SPD16_eabi.lib : i_tofd_t2.asm.obj (.text)
                  00020efa    0000002e                                   : strncat.c.obj (.text:strncat)
                  00020f28    0000002e     release_pem4f.oem4f (.text:ti_sysbios_rts_MemAlloc_alloc)
                  00020f56    0000002c     stk.aem4f : file.oem4f (.text:FdSignalEvent)
                  00020f82    00000002     --HOLE-- [fill = 0]
                  00020f84    0000002c               : igmp.oem4f (.text:IGMPTestGroup)
                  00020fb0    0000002c     os.aem4f : NDK_SemaphoreP_tirtos.oem4f (.text:NDK_SemaphoreP_createBinary)
                  00020fdc    0000002c     stk.aem4f : nimu.oem4f (.text:NIMUPacketServiceCheck)
                  00021008    0000002c               : pipe.oem4f (.text:PipeClose)
                  00021034    0000002c     dpl_msp432e4.aem4f : SemaphoreP_tirtos.oem4f (.text:SemaphoreP_createBinary)
                  00021060    0000002c     msp432e4_driverlib.a : sysctl.o (.text:SysCtlPeripheralClockGating)
                  0002108c    0000002c     stk.aem4f : lli.oem4f (.text:_LLIExpListRemove)
                  000210b8    0000002c               : lli.oem4f (.text:_LLITimeoutFlush)
                  000210e4    0000002c               : rtable.oem4f (.text:_RtExpListRemove)
                  00021110    0000002c     sysbios.aem4f : BIOS.obj (.text:_pthread_cleanupFxn)
                  0002113c    00000004     release_pem4f.oem4f (.text:ti_sysbios_family_arm_m3_Hwi_delete)
                  00021140    0000002c     sysbios.aem4f : BIOS.obj (.text:clockFxn$42)
                  0002116c    0000002c     slnetsock_release.a : slnetutils.oem4f (.text:mergeLists)
                  00021198    0000002c     udpEcho.obj (.text:select)
                  000211c4    0000002c     release_pem4f.oem4f (.text:ti_sysbios_gates_GateHwi_Handle__label__S)
                  000211f0    0000002c     release_pem4f.oem4f (.text:ti_sysbios_gates_GateMutex_Handle__label__S)
                  0002121c    0000002c     release_pem4f.oem4f (.text:ti_sysbios_gates_GateSwi_Handle__label__S)
                  00021248    0000002c     release_pem4f.oem4f (.text:ti_sysbios_heaps_HeapMem_Handle__label__S)
                  00021274    0000002c     release_pem4f.oem4f (.text:ti_sysbios_knl_Clock_doTick__I)
                  000212a0    0000002c     sysbios.aem4f : BIOS.obj (.text:ti_sysbios_knl_Clock_getTimeout__E)
                  000212cc    0000002c     release_pem4f.oem4f (.text:ti_sysbios_knl_Queue_construct)
                  000212f8    0000002c     rtsv7M4_T_le_v4SPD16_eabi.lib : unlink.c.obj (.text:unlink)
                  00021324    0000002a     stk.aem4f : pbm.oem4f (.text:PBMQ_deq)
                  0002134e    0000002a     netctrl_min_ipv4.aem4f : netsrv.oem4f (.text:ServiceCallback)
                  00021378    0000002a     slnetsock_release.a : slnetutils.oem4f (.text:SlNetUtil_inetPton)
                  000213a2    0000002a     stk.aem4f : tcpin.oem4f (.text:TcpEnterTimeWait)
                  000213cc    0000002a     msp432e4_driverlib.a : timer.o (.text:TimerLoadSet)
                  000213f6    0000002a                          : timer.o (.text:TimerPrescaleSet)
                  00021420    0000002a     nettool_ipv4.aem4f : config.oem4f (.text:_CfgRelease)
                  0002144a    0000002a     release_pem4f.oem4f (.text:calloc)
                  00021474    0000002a     ti_ndk_config.obj (.text:configUdp)
                  0002149e    0000002a     nettool_ipv4.aem4f : dhcpsock.oem4f (.text:dhcpPacketReceive)
                  000214c8    0000002a     sysbios.aem4f : BIOS.obj (.text:sem_init)
                  000214f2    00000002     --HOLE-- [fill = 0]
                  000214f4    00000028     stk.aem4f : bind.oem4f (.text:BindFindByNet)
                  0002151c    00000028     msp432e4_driverlib.a : flash.o (.text:FlashUserGet)
                  00021544    00000028     stk.aem4f : lli.oem4f (.text:LLIFree)
                  0002156c    00000028     netctrl_min_ipv4.aem4f : netctrl.oem4f (.text:NC_SystemClose)
                  00021594    00000028     stk.aem4f : socket.oem4f (.text:NDK_registerHook)
                  000215bc    00000028               : nimu.oem4f (.text:NIMUCreatePacket)
                  000215e4    00000028               : nimu.oem4f (.text:NIMUPacketService)
                  0002160c    00000028     slnetsock_release.a : slnetif.oem4f (.text:SlNetIf_getIfByID)
                  00021634    00000028                         : slnetsock.oem4f (.text:SlNetSock_sdsClr)
                  0002165c    00000028                         : slnetsock.oem4f (.text:SlNetSock_sdsIsSet)
                  00021684    00000028                         : slnetsock.oem4f (.text:SlNetSock_sdsSet)
                  000216ac    00000028     stk.aem4f : timer.oem4f (.text:TimerListRemove)
                  000216d4    00000028     Threads.obj (.text:UART7_Thread)
                  000216fc    00000028     stk.aem4f : vlan.oem4f (.text:VLANInit)
                  00021724    00000028     rtsv7M4_T_le_v4SPD16_eabi.lib : lseek.c.obj (.text:lseek)
                  0002174c    00000028                                   : memmov.c.obj (.text:memmove)
                  00021774    00000028     slnetifndk_msp432e4.aem4f : slnetifndk.oem4f (.text:removeSktFromTable)
                  0002179c    00000028     drivers_msp432e4.aem4f : EMACMSP432E4.oem4f (.text:signalLinkChange)
                  000217c4    00000028     sysbios.aem4f : m3_Hwi_asm.obj (.text:ti_sysbios_family_arm_m3_Hwi_excHandlerAsm__I)
                  000217ec    00000004     release_pem4f.oem4f (.text:ti_sysbios_family_arm_m3_TaskSupport_Module__startupDone__S)
[...]
00023e38  ADCBufMSP432E4_fxnTable                                         
00023e5c  UART_defaultParams                                              
00023e80  ti_sysbios_gates_GateHwi_Module__FXNS__C                        
00023ea4  ti_sysbios_gates_GateMutex_Module__FXNS__C                      
00023ec8  ti_sysbios_gates_GateSwi_Module__FXNS__C                        
00023eec  ti_sysbios_heaps_HeapMem_Object__PARAMS__C                      
00023f10  ti_sysbios_knl_Clock_Object__PARAMS__C                          
00023f34  ti_sysbios_knl_Semaphore_Object__PARAMS__C                      
00023f78  SPI_defaultParams                                               
00023f98  TimerMSP432E4_fxnTable                                          
00023fb8  adcbufMSP432E4HWAttrs                                           
00024018  ti_sysbios_family_arm_m3_Hwi_Object__DESC__C                    
00024038  ti_sysbios_gates_GateHwi_Object__DESC__C                        
00024058  ti_sysbios_gates_GateMutex_Object__DESC__C                      
00024078  ti_sysbios_gates_GateSwi_Object__DESC__C                        
00024098  ti_sysbios_heaps_HeapMem_Object__DESC__C                        
000240b8  ti_sysbios_knl_Clock_Object__DESC__C                            
000240d8  ti_sysbios_knl_Queue_Object__DESC__C                            
000240f8  ti_sysbios_knl_Semaphore_Object__DESC__C                        
00024118  ti_sysbios_knl_Task_Object__DESC__C                             
00024138  timerMSP432E4HWAttrs                                            
00024178  xdc_runtime_Startup_sfxnTab__A                                  
00024198  ADCBuf_defaultParams                                            
000241b0  EMACMSP432E4_hwAttrs                                            
000241c8  SPIMSP432E4DMA_fxnTable                                         
000241e0  Timer_config                                                    
000241f8  UART_config                                                     
00024228  ti_ndk_config_Global_rawPageSize                                
0002422c  ti_ndk_config_Global_rawPageCount                               
00024230  ti_ndk_config_Global_smallest                                   
00024234  ti_ndk_config_Global_largest                                    
00024238  ti_ndk_config_Global_numFrameBuf                                
0002423c  ti_ndk_config_Global_sizeFrameBuf                               
00024240  ti_sysbios_gates_GateHwi_Object__PARAMS__C                      
00024258  ti_sysbios_gates_GateMutex_Object__PARAMS__C                    
00024270  ti_sysbios_gates_GateSwi_Object__PARAMS__C                      
00024288  ti_sysbios_knl_Queue_Object__PARAMS__C                          
000242a0  GPIOMSP432E4_config                                             
000242c8  CONFIG_ADCBUF_0_CONST                                           
000242c9  ADCBUF_CHANNEL_0_CONST                                          
000242ca  ADCBuf_count                                                    
000242cb  CONFIG_GPIO_LED0_CONST                                          
000242cc  CONFIG_GPIO_LED1_CONST                                          
000242cd  CONFIG_GPIO_LED2_CONST                                          
000242ce  CONFIG_GPIO_LED3_CONST                                          
000242cf  CONFIG_GPIO_AUDIO_PWR_CONST                                     
000242d0  CONFIG_GPIO_MIC_PWR_CONST                                       
000242d1  CONFIG_GPIO_SW1_CONST                                           
000242d2  CONFIG_GPIO_SW2_CONST                                           
000242d3  CONFIG_SPI_0_CONST                                              
000242d4  SPI_count                                                       
000242d5  CONFIG_TIMER_0_CONST                                            
000242d6  CONFIG_TIMER_1_CONST                                            
000242d7  Timer_count                                                     
000242d8  CONFIG_UART_0_CONST                                             
000242d9  CONFIG_UART_1_CONST                                             
000242da  UART_count                                                      
000242ec  xdc_runtime_Startup_firstFxns__A                                
000242fc  xdc_runtime_Startup_sfxnRts__A                                  
0002430c  ADCBuf_config                                                   
00024318  SPI_config                                                      
00024330  ti_sysbios_knl_Idle_funcList__A                                 
0002433c  udmaMSP432E4HWAttrs                                             
00024348  PowerMSP432E4_config                                            
00024350  UDMAMSP432E4_config                                             
00024380  ti_sysbios_knl_Idle_funcList__C                                 
00024388  ti_sysbios_knl_Task_hooks__C                                    
00024390  xdc_runtime_Startup_firstFxns__C                                
00024398  xdc_runtime_Startup_lastFxns__C                                 
000243c4  ti_sysbios_family_arm_lm4_Timer_enableFunc__C                   
000243c8  ti_sysbios_family_arm_lm4_Timer_numTimerDevices__C              
000243cc  ti_sysbios_family_arm_lm4_Timer_startupNeeded__C                
000243d0  ti_sysbios_family_arm_m3_Hwi_E_alreadyDefined__C                
000243d4  ti_sysbios_family_arm_m3_Hwi_E_badIntNum__C                     
000243d8  ti_sysbios_family_arm_m3_Hwi_NUM_INTERRUPTS__C                  
000243dc  ti_sysbios_family_arm_m3_Hwi_Object__count__C                   
000243e0  ti_sysbios_family_arm_m3_Hwi_ccr__C                             
000243e4  ti_sysbios_family_arm_m3_Hwi_excHandlerFunc__C                  
000243e8  ti_sysbios_family_arm_m3_Hwi_nullIsrFunc__C                     
000243ec  ti_sysbios_family_arm_m3_Hwi_priGroup__C                        
000243f0  ti_sysbios_family_arm_m3_TaskSupport_stackAlignment__C          
000243f4  ti_sysbios_gates_GateMutex_Instance_State_sem__O                
000243f8  ti_sysbios_heaps_HeapMem_E_memory__C                            
000243fc  ti_sysbios_heaps_HeapMem_Module__gateObj__C                     
00024400  ti_sysbios_heaps_HeapMem_Object__count__C                       
00024404  ti_sysbios_heaps_HeapMem_primaryHeapBaseAddr__C                 
00024408  ti_sysbios_heaps_HeapMem_primaryHeapEndAddr__C                  
0002440c  ti_sysbios_heaps_HeapMem_reqAlign__C                            
00024410  ti_sysbios_knl_Clock_Module_State_clockQ__O                     
00024414  ti_sysbios_knl_Clock_tickPeriod__C                              
00024418  ti_sysbios_knl_Mailbox_Instance_State_freeQue__O                
0002441c  ti_sysbios_knl_Mailbox_Object__count__C                         
00024420  ti_sysbios_knl_Mailbox_maxTypeAlign__C                          
00024424  ti_sysbios_knl_Semaphore_Instance_State_pendQ__O                
00024428  ti_sysbios_knl_Swi_Object__count__C                             
0002442c  ti_sysbios_knl_Task_E_deleteNotAllowed__C                       
00024430  ti_sysbios_knl_Task_Module_State_inactiveQ__O                   
00024434  ti_sysbios_knl_Task_Module_State_terminatedQ__O                 
00024438  ti_sysbios_knl_Task_Object__count__C                            
0002443c  ti_sysbios_knl_Task_Object__heap__C                             
00024440  ti_sysbios_knl_Task_allBlockedFunc__C                           
00024444  ti_sysbios_knl_Task_defaultStackHeap__C                         
00024448  ti_sysbios_knl_Task_defaultStackSize__C                         
0002444c  ti_sysbios_knl_Task_numConstructedTasks__C                      
00024450  xdc_runtime_Error_E_memory__C                                   
00024454  xdc_runtime_Error_policyFxn__C                                  
00024458  xdc_runtime_IGateProvider_Interface__BASE__C                    
0002445c  xdc_runtime_IHeap_Interface__BASE__C                            
00024460  xdc_runtime_IModule_Interface__BASE__C                          
00024464  xdc_runtime_Memory_defaultHeapInstance__C                       
00024468  xdc_runtime_Startup_execImpl__C                                 
0002446c  xdc_runtime_Startup_maxPasses__C                                
00024470  xdc_runtime_Startup_sfxnRts__C                                  
00024474  xdc_runtime_Startup_sfxnTab__C                                  
00024478  xdc_runtime_SysCallback_abortFxn__C                             
0002447c  xdc_runtime_SysCallback_exitFxn__C                              
00024480  xdc_runtime_SysCallback_putchFxn__C                             
00024484  xdc_runtime_SysCallback_readyFxn__C                             
00024488  xdc_runtime_System_Module__gateObj__C                           
0002448c  xdc_runtime_System_abortFxn__C                                  
00024490  xdc_runtime_System_exitFxn__C                                   
00024494  xdc_runtime_System_extendFxn__C                                 
00024498  xdc_runtime_System_maxAtexitHandlers__C                         
0002449c  ti_sysbios_heaps_HeapMem_Module__id__C                          
0002449e  ti_sysbios_knl_Task_Module__id__C                               
000244a0  xdc_runtime_Memory_Module__id__C                                
000244a8  __TI_static_base__                                              
00024a9c  __TI_Handler_Table_Base                                         
00024aa8  __TI_Handler_Table_Limit                                        
00024ab0  __TI_CINIT_Base                                                 
00024ac0  __TI_CINIT_Limit                                                
20000000  __start___llvm_prf_cnts                                         
20000000  __stop___llvm_prf_cnts                                          
20000000  ti_sysbios_family_arm_m3_Hwi_ramVectors                         
20000360  __primary_heap_start__                                          
20020360  __primary_heap_end__                                            
20020400  ti_ndk_config_Global_pit                                        
200204a8  ti_ndk_config_Global_pitBuffer                                  
20024ca8  ti_ndk_config_Global_pBufMem                                    
200288a8  ti_ndk_config_Global_pHdrMem                                    
20028c18  ti_sysbios_knl_Task_Instance_State_0_stack__A                   
20029818  ti_sysbios_knl_Task_Instance_State_1_stack__A                   
2002a698  ti_sysbios_knl_Task_Instance_State_2_stack__A                   
2002a898  ti_sysbios_knl_Task_Instance_State_3_stack__A                   
2002aa98  ti_sysbios_knl_Task_Instance_State_4_stack__A                   
2002ae98  ti_sysbios_knl_Task_Instance_State_5_stack__A                   
2002b098  ti_sysbios_family_arm_m3_Hwi_dispatchTable                      
2002b800  __CIOBUF_                                                       
2002ba20  uartMSP432E4Objects                                             
2002bae8  NDK_tcps                                                        
2002bc58  __TI_tmpnams                                                    
2002bcf8  adcbufMSP432E4Objects                                           
2002c024  NDK_ips                                                         
2002c08c  timerMSP432E4Objects                                            
2002c0f4  nimu_mcb                                                        
2002c158  NDK_ICMPIn                                                      
2002c1a4  NDK_ICMPOut                                                     
2002c1f0  spiMSP432E4DMAObjects                                           
2002c29c  ti_ndk_socket_fdtable                                           
2002c2c4  vlan_mcb                                                        
2002c2ec  NDK_udps                                                        
2002c418  stkEvent                                                        
2002c464  NDK_raweths                                                     
2002c474  NDK_raws                                                        
2002c484  PBMQ_free                                                       
2002c490  tpseudo                                                         
2002c49c  upseudo                                                         
2002c4b0  parmbuf                                                         
2002c4b8  ti_sysbios_knl_Task_Instance_State_0_hookEnv__A                 
2002c4c0  ti_sysbios_knl_Task_Instance_State_1_hookEnv__A                 
2002c4c8  ti_sysbios_knl_Task_Instance_State_2_hookEnv__A                 
2002c4d0  ti_sysbios_knl_Task_Instance_State_3_hookEnv__A                 
2002c4d8  ti_sysbios_knl_Task_Instance_State_4_hookEnv__A                 
2002c4e0  ti_sysbios_knl_Task_Instance_State_5_hookEnv__A                 
2002c4e8  udmaMSP432E4Object                                              
2002c504  _IGMPInDiscard                                                  
2002c508  _IGMPInQuery                                                    
2002c50c  _IGMPInQueryGroup                                               
2002c510  _IGMPInResponse                                                 
2002c514  _IGMPOutResponse                                                
2002c518  raweth_pcb                                                      
2002c51c  ti_sysbios_knl_Task_Object__table__V                            
2002c6e4  PowerMSP432E4_module                                            
2002c850  ti_sysbios_knl_Swi_Object__table__V                             
2002c970  _ftable                                                         
2002ca60  _ipcfg                                                          
2002cba0  ti_sysbios_knl_Swi_Module_State_0_readyQ__A                     
2002cc20  ti_sysbios_knl_Task_Module_State_0_readyQ__A                    
2002cca0  _device                                                         
2002cd18  SlNetIfConfigNDK                                                
2002cd70  ti_sysbios_gates_GateMutex_Object__table__V                     
2002cdc4  _stream                                                         
2002ce64  ti_sysbios_knl_Task_Module__state__V                            
2002cf28  ti_sysbios_family_arm_lm4_Timer_Module_State_0_device__A        
2002cf68  ti_sysbios_family_arm_lm4_Timer_Object__table__V                
2002cfdc  ti_sysbios_family_arm_m3_Hwi_Module__state__V                   
2002d040  ti_sysbios_knl_Clock_Module__state__V                           
2002d06c  _oscfg                                                          
2002d094  ti_sysbios_knl_Semaphore_Object__table__V                       
2002d0e0  ti_sysbios_BIOS_Module__state__V                                
2002d104  gpioCallbackFunctions                                           
2002d124  gpioPinConfigs                                                  
2002d144  pstrMsgName                                                     
2002d164  ti_sysbios_family_arm_lm4_Timer_Module_State_0_handles__A       
2002d184  xdc_runtime_Error_IgnoreBlock                                   
2002d1c0  ti_ndk_config_Global_Id2Size                                    
2002d1dc  ti_sysbios_knl_Swi_Module__state__V                             
2002d1f8  ti_sysbios_family_arm_m3_Hwi_Object__table__V                   
2002d210  ti_sysbios_heaps_HeapMem_Object__table__V                       
2002d250  ti_sysbios_family_arm_lm4_Seconds_Module__state__V              
2002d264  adcBuf0MSP432E4Channels                                         
2002d2a4  __TI_ft_end                                                     
2002d2a8  __aeabi_stdin                                                   
2002d2ac  __aeabi_stdout                                                  
2002d2b0  __aeabi_stderr                                                  
2002d2bc  _IGMPForceVersion1                                              
2002d2c4  __TI_cleanup_ptr                                                
2002d2c8  __TI_dtors_ptr                                                  
2002d2cc  __TI_enable_exit_profile_output                                 
2002d2d0  NDK_createSockCtx                                               
2002d2d4  NDK_closeSockCtx                                                
2002d2d8  NDK_netStartError                                               
2002d2dc  ti_sysbios_family_arm_lm4_Timer_Module__state__V                
2002d2f4  _lock                                                           
2002d2f8  _unlock                                                         
2002d2fc  NIMUDeviceTable                                                 
2002d32c  NDK_ICMPInErrors                                                
2002d330  NDK_ICMPOutErrors                                               
2002d334  _IPExecuting                                                    
2002d354  tcp_iss                                                         
2002d358  ptTimeFirst                                                     
2002d364  ti_ndk_socket_max_fd                                            
2002d36c  ti_sysbios_family_arm_m3_Hwi_Module__root__V                    
2002d374  ti_sysbios_gates_GateHwi_Module__root__V                        
2002d37c  ti_sysbios_gates_GateMutex_Module__root__V                      
2002d384  ti_sysbios_gates_GateSwi_Module__root__V                        
2002d38c  ti_sysbios_gates_GateSwi_Object__table__V                       
2002d394  ti_sysbios_heaps_HeapMem_Module__root__V                        
2002d39c  ti_sysbios_knl_Clock_Module__root__V                            
2002d3a4  ti_sysbios_knl_Queue_Module__root__V                            
2002d3ac  ti_sysbios_knl_Semaphore_Module__root__V                        
2002d3b4  ti_sysbios_knl_Task_Module__root__V                             
2002d3bc  xdc_runtime_Startup_Module__state__V                            
2002d3c4  xdc_runtime_System_Module_State_0_atexitHandlers__A             
2002d3cc  xdc_runtime_System_Module__state__V                             
2002d3f8  main_func_sp                                                    
2002d408  _IPReasmPtr                                                     
2002d41c  ti_sysbios_family_arm_m3_Hwi_Module_State_0_excContext__A       
2002d420  ti_sysbios_family_arm_m3_Hwi_Module_State_0_excStack__A         
2002d424  ti_sysbios_gates_GateHwi_Object__table__V                       
2002d428  ti_sysbios_knl_Task_Module_State_0_idleTask__A                  
2002d42c  ti_sysbios_rts_ti_ReentSupport_Module__state__V                 
2002d434  xdc_runtime_Memory_Module__state__V                             
2002d43c  ti_sysbios_family_arm_m3_Hwi_Module_State_0_excActive__A        
2003fc00  __stack                                                         
20040000  __STACK_END                                                     
e000e000  ti_sysbios_family_arm_m3_Hwi_nvic                               
ffffffff  __TI_pprof_out_hndl                                             
ffffffff  __TI_prof_data_size                                             
ffffffff  __TI_prof_data_start                                            
ffffffff  __binit__                                                       
ffffffff  __c_args__                                                      
ffffffff  binit                                                           
UNDEFED   SHT$$INIT_ARRAY$$Base                                           
UNDEFED   SHT$$INIT_ARRAY$$Limit                                          
UNDEFED   global                                                          

[1366 symbols]
