******************************************************************************
                  TI ARM Linker PC v20.2.7                     
******************************************************************************
>> Linked Fri Sep  6 20:32:52 2024

OUTPUT FILE NAME:   <uartecho_MSP_EXP432E401Y_tirtos_ccs.out>
ENTRY POINT SYMBOL: "_c_int00"  address: 0000687d


MEMORY CONFIGURATION

         name            origin    length      used     unused   attr    fill
----------------------  --------  ---------  --------  --------  ----  --------
  FLASH                 00000000   00100000  00009a18  000f65e8  R  X
  SRAM                  20000000   00040000  0002155c  0001eaa4  RW X


SEGMENT ALLOCATION MAP

run origin  load origin   length   init length attrs members
----------  ----------- ---------- ----------- ----- -------
00000000    00000000    00009a20   00009a20    r-x
  00000000    00000000    0000003c   0000003c    r-- .resetVecs
  00000040    00000040    00008d62   00008d62    r-x .text
  00008da4    00008da4    0000098a   0000098a    r-- .const
  00009730    00009730    000002f0   000002f0    r-- .cinit
20000360    20000360    00020000   00000000    r--
  20000360    20000360    00020000   00000000    r-- .priheap
20020360    20020360    00000dfc   00000000    rw-
  20020360    20020360    00000790   00000000    rw- .bss
  20020af0    20020af0    0000066c   00000000    rw- .data
2003fc00    2003fc00    00000400   00000000    rw-
  2003fc00    2003fc00    00000400   00000000    rw- .stack


SECTION ALLOCATION MAP

 output                                  attributes/
section   page    origin      length       input sections
--------  ----  ----------  ----------   ----------------
.text      0    00000040    00008d62     
                  00000040    00000a4e     rtsv7M4_T_le_v4SPD16_eabi.lib : _printfi.c.obj (.text:__TI_printfi)
                  00000a8e    00000002     ti_drivers_config.obj (.text:Board_initHook)
                  00000a90    00000940     CommandTerminal.obj (.text:GPIOParse)
                  000013d0    000004bf     CommandTerminal.obj (.text:HelpParse)
                  0000188f    00000001     --HOLE-- [fill = 0]
                  00001890    00000339     CommandTerminal.obj (.text:HelpGPIOMsg)
                  00001bc9    00000001     --HOLE-- [fill = 0]
                  00001bca    00000002     drivers_msp432e4.aem4f : UARTMSP432E4.oem4f (.text:UARTMSP432E4_init)
                  00001bcc    000002f0                            : UARTMSP432E4.oem4f (.text:UARTMSP432E4_open)
                  00001ebc    00000004     dpl_msp432e4.aem4f : ClockP_tirtos.oem4f (.text:ClockP_getCpuFreq)
                  00001ec0    000002a0     sysbios.aem4f : BIOS.obj (.text:ti_sysbios_family_arm_msp432e4_init_Boot_sysCtlClockFreqSetI__I)
                  00002160    00000270     rtsv7M4_T_le_v4SPD16_eabi.lib : _printfi.c.obj (.text:_pconv_a)
                  000023d0    0000023a     msp432e4_driverlib.a : gpio.o (.text:GPIOPadConfigSet)
                  0000260a    00000002     rtsv7M4_T_le_v4SPD16_eabi.lib : _lock.c.obj (.text:_nop)
                  0000260c    000001d5     CommandTerminal.obj (.text:HelpMemrMsg)
                  000027e1    00000001     --HOLE-- [fill = 0]
                  000027e2    00000002     rtsv7M4_T_le_v4SPD16_eabi.lib : div0.asm.obj (.text)
                  000027e4    000001d0                                   : _printfi.c.obj (.text:_pconv_g)
                  000029b4    000001cc     CommandTerminal.obj (.text:MemRead)
                  00002b80    000001b6     rtsv7M4_T_le_v4SPD16_eabi.lib : fd_add_t2.asm.obj (.text)
                  00002d36    00000002     release_pem4f.oem4f (.text:ti_sysbios_BIOS_nullFunc__I)
                  00002d38    0000018e     CommandTerminal.obj (.text:HelpErrorMsg)
                  00002ec6    00000002     --HOLE-- [fill = 0]
                  00002ec8    00000184     drivers_msp432e4.aem4f : GPIOMSP432E4.oem4f (.text:GPIO_setConfig)
                  0000304c    00000179     CommandTerminal.obj (.text:HelpAboutMsg)
                  000031c5    00000003     --HOLE-- [fill = 0]
                  000031c8    00000179     CommandTerminal.obj (.text:HelpHelpMsg)
                  00003341    00000003     --HOLE-- [fill = 0]
                  00003344    00000171     CommandTerminal.obj (.text:HelpPrintMsg)
                  000034b5    00000003     --HOLE-- [fill = 0]
                  000034b8    00000169     CommandTerminal.obj (.text:HelpClearMsg)
                  00003621    00000003     --HOLE-- [fill = 0]
                  00003624    0000015c     CommandTerminal.obj (.text:ErrorMsg)
                  00003780    00000154     sysbios.aem4f : BIOS.obj (.text:ti_sysbios_knl_Task_Instance_finalize__E)
                  000038d4    00000140     CommandTerminal.obj (.text:AboutMsg)
                  00003a14    0000013c     rtsv7M4_T_le_v4SPD16_eabi.lib : _printfi.c.obj (.text:_pconv_e)
                  00003b50    00000136                                   : fd_div_t2.asm.obj (.text)
                  00003c86    00000002     --HOLE-- [fill = 0]
                  00003c88    00000130     sysbios.aem4f : BIOS.obj (.text:ti_sysbios_knl_Semaphore_pend__E)
                  00003db8    00000124     rtsv7M4_T_le_v4SPD16_eabi.lib : _printfi.c.obj (.text:fcvt)
                  00003edc    00000004     dpl_msp432e4.aem4f : ClockP_tirtos.oem4f (.text:ClockP_setTimeout)
                  00003ee0    00000120     sysbios.aem4f : BIOS.obj (.text:xdc_runtime_Startup_startMods__I)
                  00004000    00000118     Infrastructure.obj (.text:UART_Input_Handler)
                  00004118    00000110     rtsv7M4_T_le_v4SPD16_eabi.lib : s_scalbn.c.obj (.text:scalbn)
                  00004228    00000110                                   : strtoul.c.obj (.text:strtoul)
                  00004338    00000110     sysbios.aem4f : BIOS.obj (.text:ti_sysbios_knl_Task_postInit__I)
                  00004448    0000010c                   : BIOS.obj (.text:ti_sysbios_family_arm_lm4_Timer_start__E)
                  00004554    000000fc     rtsv7M4_T_le_v4SPD16_eabi.lib : fd_mul_t2.asm.obj (.text)
                  00004650    000000f0     sysbios.aem4f : BIOS.obj (.text:pthread_create)
                  00004740    000000f0                   : m3_Hwi_asm.obj (.text:ti_sysbios_family_arm_m3_Hwi_dispatch__I)
                  00004830    000000e8                   : BIOS.obj (.text:ti_sysbios_knl_Task_Instance_init__E)
                  00004918    000000d0                   : BIOS.obj (.text:ti_sysbios_heaps_HeapMem_alloc__E)
                  000049e8    000000be     drivers_msp432e4.aem4f : UARTMSP432E4.oem4f (.text:UARTMSP432E4_close)
                  00004aa6    00000002     --HOLE-- [fill = 0]
                  00004aa8    000000bc     sysbios.aem4f : BIOS.obj (.text:ti_sysbios_knl_Task_exit__E)
                  00004b64    00000004     dpl_msp432e4.aem4f : ClockP_tirtos.oem4f (.text:ClockP_start)
                  00004b68    000000bc     sysbios.aem4f : BIOS.obj (.text:xdc_runtime_Core_createObject__I)
                  00004c24    00000004     dpl_msp432e4.aem4f : ClockP_tirtos.oem4f (.text:ClockP_stop)
                  00004c28    000000b8     sysbios.aem4f : BIOS.obj (.text:ti_sysbios_family_arm_m3_Hwi_Instance_init__E)
                  00004ce0    000000b6     drivers_msp432e4.aem4f : UARTMSP432E4.oem4f (.text:readTaskCallback)
                  00004d96    00000002     --HOLE-- [fill = 0]
                  00004d98    000000b4     CommandTerminal.obj (.text:MsgParser)
                  00004e4c    000000b1     rtsv7M4_T_le_v4SPD16_eabi.lib : _printfi.c.obj (.text:_ltostr)
                  00004efd    00000001     --HOLE-- [fill = 0]
                  00004efe    000000b0     drivers_msp432e4.aem4f : UARTMSP432E4.oem4f (.text:readTaskBlocking)
                  00004fae    00000002     --HOLE-- [fill = 0]
                  00004fb0    000000b0     sysbios.aem4f : BIOS.obj (.text:ti_sysbios_family_arm_lm4_Timer_enableTiva__I)
                  00005060    000000ac     drivers_msp432e4.aem4f : GPIOMSP432E4.oem4f (.text:GPIO_init)
                  0000510c    000000a4     msp432e4_driverlib.a : gpio.o (.text:GPIOIntTypeSet)
                  000051b0    000000a4     sysbios.aem4f : BIOS.obj (.text:ti_sysbios_knl_Task_setPri__E)
                  00005254    000000a0     auto_init.aem4f : auto_init.oem4f (.text)
                  000052f4    0000009e     drivers_msp432e4.aem4f : UARTMSP432E4.oem4f (.text:UARTMSP432E4_readPolling)
                  00005392    00000004     dpl_msp432e4.aem4f : HwiP_tirtos.oem4f (.text:HwiP_disable)
                  00005396    00000002     --HOLE-- [fill = 0]
                  00005398    0000009c     sysbios.aem4f : BIOS.obj (.text:_pthread_removeThreadKeys)
                  00005434    0000009c     rtsv7M4_T_le_v4SPD16_eabi.lib : memcpy_t2.asm.obj (.text)
                  000054d0    00000098     drivers_msp432e4.aem4f : UARTMSP432E4.oem4f (.text:UARTMSP432E4_write)
                  00005568    00000096     rtsv7M4_T_le_v4SPD16_eabi.lib : ull_div_t2.asm.obj (.text)
                  000055fe    00000094     drivers_msp432e4.aem4f : UARTMSP432E4.oem4f (.text:readIsrTextBlocking)
                  00005692    00000004     dpl_msp432e4.aem4f : SemaphoreP_tirtos.oem4f (.text:SemaphoreP_post)
                  00005696    00000002     --HOLE-- [fill = 0]
                  00005698    00000094     sysbios.aem4f : BIOS.obj (.text:ti_sysbios_family_arm_m3_Hwi_initNVIC__E)
                  0000572c    00000090     drivers_msp432e4.aem4f : UARTMSP432E4.oem4f (.text:UARTMSP432E4_control)
                  000057bc    00000004     release_pem4f.oem4f (.text:ti_sysbios_BIOS_RtsGateProxy_enter__E)
                  000057c0    00000090     sysbios.aem4f : BIOS.obj (.text:ti_sysbios_knl_Task_Module_startup__E)
                  00005850    0000008c                   : m3_TaskSupport_asm.obj (.text:ti_sysbios_family_arm_m3_TaskSupport_buildTaskStack)
                  000058dc    00000004     release_pem4f.oem4f (.text:ti_sysbios_BIOS_RtsGateProxy_leave__E)
                  000058e0    0000008c     sysbios.aem4f : BIOS.obj (.text:xdc_runtime_Memory_alloc__E)
                  0000596c    00000088     drivers_msp432e4.aem4f : UARTMSP432E4.oem4f (.text:readIsrTextCallback)
                  000059f4    00000086     rtsv7M4_T_le_v4SPD16_eabi.lib : fd_cmp_t2.asm.obj (.text:__aeabi_cdcmple)
                  00005a7a    00000086                                   : fd_cmp_t2.asm.obj (.text:__aeabi_cdrcmple)
                  00005b00    00000086     sysbios.aem4f : BIOS.obj (.text:xdc_runtime_Core_constructObject__I)
                  00005b86    00000002     --HOLE-- [fill = 0]
                  00005b88    00000084                   : BIOS.obj (.text:ti_sysbios_family_arm_m3_Hwi_postInit__I)
                  00005c0c    00000004                   : BIOS.obj (.text:ti_sysbios_family_arm_lm4_Timer_masterEnable__I)
                  00005c10    00000084                   : BIOS.obj (.text:ti_sysbios_heaps_HeapMem_free__E)
                  00005c94    00000004     release_pem4f.oem4f (.text:ti_sysbios_family_arm_m3_Hwi_delete)
                  00005c98    00000080     sysbios.aem4f : BIOS.obj (.text:ti_sysbios_knl_Clock_workFunc__E)
                  00005d18    0000007c     drivers_msp432e4.aem4f : UARTMSP432E4.oem4f (.text:writeData)
                  00005d94    0000007a     rtsv7M4_T_le_v4SPD16_eabi.lib : memset_t2.asm.obj (.text)
                  00005e0e    00000076     msp432e4_driverlib.a : uart.o (.text:UARTConfigSetExpClk)
                  00005e84    00000004     release_pem4f.oem4f (.text:ti_sysbios_family_arm_m3_TaskSupport_Module__startupDone__S)
                  00005e88    00000074     sysbios.aem4f : BIOS.obj (.text:xdc_runtime_Core_deleteObject__I)
                  00005efc    00000004     release_pem4f.oem4f (.text:ti_sysbios_heaps_HeapMem_Module_GateProxy_enter__E)
                  00005f00    00000070     sysbios.aem4f : BIOS.obj (.text:ti_sysbios_heaps_HeapMem_initPrimary__I)
                  00005f70    0000006e     rtsv7M4_T_le_v4SPD16_eabi.lib : _printfi.c.obj (.text:_mcpy)
                  00005fde    00000002     --HOLE-- [fill = 0]
                  00005fe0    0000006c     drivers_msp432e4.aem4f : PowerMSP432E4.oem4f (.text:Power_releaseDependency)
                  0000604c    00000004     release_pem4f.oem4f (.text:ti_sysbios_heaps_HeapMem_Module_GateProxy_leave__E)
                  00006050    0000006c     sysbios.aem4f : BIOS.obj (.text:ti_sysbios_knl_Swi_restoreHwi__E)
                  000060bc    00000068     drivers_msp432e4.aem4f : GPIOMSP432E4.oem4f (.text:GPIO_hwiIntFxn)
                  00006124    00000068                            : PowerMSP432E4.oem4f (.text:Power_setDependency)
                  0000618c    00000068     rtsv7M4_T_le_v4SPD16_eabi.lib : copy_decompress_lzss.c.obj (.text:decompress:lzss:__TI_decompress_lzss)
                  000061f4    00000004     release_pem4f.oem4f (.text:ti_sysbios_knl_Clock_TimerProxy_getMaxTicks__E)
                  000061f8    00000068     sysbios.aem4f : BIOS.obj (.text:pthread_exit)
                  00006260    00000068     drivers_msp432e4.aem4f : UARTMSP432E4.oem4f (.text:readIsrBinaryBlocking)
                  000062c8    00000064     CommandTerminal.obj (.text:InvalidMsg)
                  0000632c    00000064     drivers_msp432e4.aem4f : PowerMSP432E4.oem4f (.text:Power_init)
                  00006390    00000064     rtsv7M4_T_le_v4SPD16_eabi.lib : s_frexp.c.obj (.text:frexp)
                  000063f4    00000064     main_tirtos.obj (.text:main)
                  00006458    00000064     drivers_msp432e4.aem4f : UARTMSP432E4.oem4f (.text:readIsrBinaryCallback)
                  000064bc    00000004     release_pem4f.oem4f (.text:ti_sysbios_knl_Clock_delete)
                  000064c0    00000064     sysbios.aem4f : BIOS.obj (.text:ti_sysbios_family_arm_lm4_Timer_Module_startup__E)
                  00006524    00000004     release_pem4f.oem4f (.text:ti_sysbios_knl_Semaphore_delete)
                  00006528    00000064     sysbios.aem4f : BIOS.obj (.text:ti_sysbios_family_arm_m3_Hwi_dispatchC__I)
                  0000658c    00000004     release_pem4f.oem4f (.text:ti_sysbios_knl_Task_delete)
                  00006590    00000060     sysbios.aem4f : BIOS.obj (.text:ti_sysbios_knl_Semaphore_post__E)
                  000065f0    00000060                   : BIOS.obj (.text:ti_sysbios_knl_Swi_run__I)
                  00006650    0000005c     msp432e4_driverlib.a : gpio.o (.text:GPIODirModeSet)
                  000066ac    0000005c     drivers_msp432e4.aem4f : UARTMSP432E4.oem4f (.text:getPowerResourceId)
                  00006708    0000005c     sysbios.aem4f : BIOS.obj (.text:ti_sysbios_knl_Swi_schedule__I)
                  00006764    00000004     release_pem4f.oem4f (.text:xdc_runtime_System_Module_GateProxy_enter__E)
                  00006768    0000005c     sysbios.aem4f : BIOS.obj (.text:ti_sysbios_knl_Task_startCore__E)
                  000067c4    00000004     release_pem4f.oem4f (.text:xdc_runtime_System_Module_GateProxy_leave__E)
                  000067c8    0000005c     sysbios.aem4f : BIOS.obj (.text:xdc_runtime_Startup_exec__E)
                  00006824    00000058     drivers_msp432e4.aem4f : GPIOMSP432E4.oem4f (.text:GPIO_setCallback)
                  0000687c    00000058     boot.aem4f : boot.oem4f (.text)
                  000068d4    00000058     CommandTerminal.obj (.text:mainThread)
                  0000692c    00000058     sysbios.aem4f : m3_Hwi_asm_switch.obj (.text:ti_sysbios_family_arm_m3_Hwi_initStacks__E)
                  00006984    00000056     CommandTerminal.obj (.text:MatchSubString)
                  000069da    00000056     CommandTerminal.obj (.text:NextSubString)
                  00006a30    00000056     rtsv7M4_T_le_v4SPD16_eabi.lib : _printfi.c.obj (.text:_pconv_f)
                  00006a86    00000002     --HOLE-- [fill = 0]
                  00006a88    00000054     drivers_msp432e4.aem4f : GPIOMSP432E4.oem4f (.text:GPIO_write)
                  00006adc    00000054     rtsv7M4_T_le_v4SPD16_eabi.lib : _ltoa.c.obj (.text:__TI_ltoa)
                  00006b30    00000054     sysbios.aem4f : BIOS.obj (.text:ti_sysbios_family_arm_lm4_Timer_initDevice__I)
                  00006b84    00000054     release_pem4f.oem4f (.text:ti_sysbios_family_arm_m3_Hwi_create)
                  00006bd8    00000052     rtsv7M4_T_le_v4SPD16_eabi.lib : _printfi.c.obj (.text:_ecpy)
                  00006c2a    00000050     drivers_msp432e4.aem4f : UARTMSP432E4.oem4f (.text:UARTMSP432E4_hwiIntFxn)
                  00006c7a    00000002     --HOLE-- [fill = 0]
                  00006c7c    00000050     Infrastructure.obj (.text:UART_Init)
                  00006ccc    00000004     --HOLE-- [fill = 0]
                  00006cd0    00000050     sysbios.aem4f : BIOS.obj (.text:ti_sysbios_family_arm_m3_Hwi_Module_startup__E)
                  00006d20    00000050                   : BIOS.obj (.text:ti_sysbios_knl_Clock_Instance_init__E)
                  00006d70    00000050     release_pem4f.oem4f (.text:ti_sysbios_knl_Task_create)
                  00006dc0    0000004c     drivers_msp432e4.aem4f : UARTMSP432E4.oem4f (.text:UARTMSP432E4_writePolling)
                  00006e0c    0000004c     rtsv7M4_T_le_v4SPD16_eabi.lib : atoi.c.obj (.text:atoi)
                  00006e58    0000004c                                   : cpy_tbl.c.obj (.text:copy_in)
                  00006ea4    0000004c     drivers_msp432e4.aem4f : UARTMSP432E4.oem4f (.text:ringBufGet)
                  00006ef0    0000004c     sysbios.aem4f : BIOS.obj (.text:ti_sysbios_heaps_HeapMem_getStats__E)
                  00006f3c    00000004     --HOLE-- [fill = 0]
                  00006f40    0000004c                   : BIOS.obj (.text:ti_sysbios_knl_Swi_runLoop__I)
                  00006f8c    00000004     --HOLE-- [fill = 0]
                  00006f90    0000004c                   : BIOS.obj (.text:ti_sysbios_knl_Task_allBlockedFunction__I)
                  00006fdc    00000004     --HOLE-- [fill = 0]
                  00006fe0    0000004c                   : BIOS.obj (.text:ti_sysbios_knl_Task_schedule__I)
                  0000702c    00000048     drivers_msp432e4.aem4f : UARTMSP432E4.oem4f (.text:UARTMSP432E4_writeCancel)
                  00007074    00000048     rtsv7M4_T_le_v4SPD16_eabi.lib : fd_toi_t2.asm.obj (.text)
                  000070bc    00000004     --HOLE-- [fill = 0]
                  000070c0    00000048     sysbios.aem4f : BIOS.obj (.text:ti_sysbios_family_arm_lm4_Timer_enableTimers__I)
                  00007108    00000048                   : BIOS.obj (.text:ti_sysbios_family_arm_m3_Hwi_disableInterrupt__E)
                  00007150    00000048                   : BIOS.obj (.text:ti_sysbios_family_arm_m3_Hwi_enableInterrupt__E)
                  00007198    00000048                   : BIOS.obj (.text:ti_sysbios_knl_Mailbox_Module_startup__E)
                  000071e0    00000048                   : BIOS.obj (.text:ti_sysbios_knl_Task_deleteTerminatedTasksFunc__I)
                  00007228    00000048                   : BIOS.obj (.text:xdc_runtime_Core_assignParams__I)
                  00007270    00000046     drivers_msp432e4.aem4f : RingBuf.oem4f (.text:RingBuf_put)
                  000072b6    00000002     --HOLE-- [fill = 0]
                  000072b8    00000044     msp432e4_driverlib.a : gpio.o (.text:GPIOPinConfigure)
                  000072fc    00000044     CommandTerminal.obj (.text:PrintMsg)
                  00007340    00000044     msp432e4_driverlib.a : sysctl.o (.text:SysCtlPeripheralPresent)
                  00007384    00000044                          : sysctl.o (.text:SysCtlPeripheralReady)
                  000073c8    00000044     drivers_msp432e4.aem4f : UART.oem4f (.text:UART_init)
                  0000740c    00000004     --HOLE-- [fill = 0]
                  00007410    00000044     sysbios.aem4f : BIOS.obj (.text:ti_sysbios_family_arm_lm4_Timer_isrStub__E)
                  00007454    00000004     --HOLE-- [fill = 0]
                  00007458    00000044                   : BIOS.obj (.text:ti_sysbios_family_arm_m3_Hwi_getStackInfo__E)
                  0000749c    00000004     --HOLE-- [fill = 0]
                  000074a0    00000044                   : BIOS.obj (.text:ti_sysbios_knl_Mailbox_postInit__I)
                  000074e4    00000004     --HOLE-- [fill = 0]
                  000074e8    00000044                   : BIOS.obj (.text:ti_sysbios_knl_Swi_post__E)
                  0000752c    00000004     --HOLE-- [fill = 0]
                  00007530    00000044                   : BIOS.obj (.text:xdc_runtime_System_atexit__E)
                  00007574    00000040     dpl_msp432e4.aem4f : ClockP_tirtos.oem4f (.text:ClockP_create)
                  000075b4    00000040                        : HwiP_tirtos.oem4f (.text:HwiP_create)
                  000075f4    00000040     drivers_msp432e4.aem4f : RingBuf.oem4f (.text:RingBuf_get)
                  00007634    00000040     msp432e4_driverlib.a : sysctl.o (.text:SysCtlPeripheralDisable)
                  00007674    00000040                          : sysctl.o (.text:SysCtlPeripheralEnable)
                  000076b4    00000040                          : sysctl.o (.text:SysCtlPeripheralPowerOff)
                  000076f4    00000040                          : sysctl.o (.text:SysCtlPeripheralPowerOn)
                  00007734    00000040                          : sysctl.o (.text:SysCtlPeripheralSleepDisable)
                  00007774    00000040                          : sysctl.o (.text:SysCtlPeripheralSleepEnable)
                  000077b4    00000040     drivers_msp432e4.aem4f : UARTMSP432E4.oem4f (.text:UARTMSP432E4_read)
                  000077f4    00000040                            : UART.oem4f (.text:UART_open)
                  00007834    00000040     rtsv7M4_T_le_v4SPD16_eabi.lib : sprintf.c.obj (.text:sprintf)
                  00007874    00000004     --HOLE-- [fill = 0]
                  00007878    00000040     sysbios.aem4f : BIOS.obj (.text:ti_sysbios_family_arm_lm4_Timer_startup__E)
                  000078b8    00000040                   : BIOS.obj (.text:ti_sysbios_heaps_HeapMem_Instance_init__E)
                  000078f8    0000003e     rtsv7M4_T_le_v4SPD16_eabi.lib : _printfi.c.obj (.text:_fcpy)
                  00007936    00000002     --HOLE-- [fill = 0]
                  00007938    0000003c     sysbios.aem4f : BIOS.obj (.text:ti_sysbios_family_arm_m3_Hwi_Instance_finalize__E)
                  00007974    0000003c     release_pem4f.oem4f (.text:ti_sysbios_knl_Clock_create)
                  000079b0    0000003c     sysbios.aem4f : BIOS.obj (.text:ti_sysbios_knl_Swi_restore__E)
                  000079ec    00000004     --HOLE-- [fill = 0]
                  000079f0    0000003c                   : BIOS.obj (.text:xdc_runtime_System_processAtExit__E)
                  00007a2c    00000004     --HOLE-- [fill = 0]
                  00007a30    00000038                   : BIOS.obj (.text:ti_sysbios_knl_Task_processVitalTaskFlag__I)
                  00007a68    00000036     drivers_msp432e4.aem4f : UARTMSP432E4.oem4f (.text:UARTMSP432E4_readCancel)
                  00007a9e    00000002     --HOLE-- [fill = 0]
                  00007aa0    00000034     Infrastructure.obj (.text:Error_Init)
                  00007ad4    00000034     Infrastructure.obj (.text:GlobInit)
                  00007b08    00000034     sysbios.aem4f : BIOS.obj (.text:_pthread_delete$43)
                  00007b3c    00000034     release_pem4f.oem4f (.text:ti_sysbios_knl_Semaphore_create)
                  00007b70    00000032     sysbios.aem4f : BIOS.obj (.text:ti_sysbios_hal_Hwi_initStack)
                  00007ba2    00000002     --HOLE-- [fill = 0]
                  00007ba4    00000030     ti_drivers_config.obj (.text:Board_init)
                  00007bd4    00000030     CommandTerminal.obj (.text:ClearMsg)
                  00007c04    00000030     drivers_msp432e4.aem4f : GPIOMSP432E4.oem4f (.text:GPIOMSP432E4_undoPinConfig)
                  00007c34    00000030                            : GPIOMSP432E4.oem4f (.text:GPIO_read)
                  00007c64    00000030     msp432e4_driverlib.a : uart.o (.text:UARTDisable)
                  00007c94    00000030     release_pem4f.oem4f (.text:ti_sysbios_BIOS_atExitFunc__I)
                  00007cc4    00000030     release_pem4f.oem4f (.text:ti_sysbios_BIOS_startFunc__I)
                  00007cf4    00000004     --HOLE-- [fill = 0]
                  00007cf8    00000030     sysbios.aem4f : BIOS.obj (.text:ti_sysbios_family_arm_lm4_Timer_stop__E)
                  00007d28    00000030                   : BIOS.obj (.text:ti_sysbios_family_arm_m3_TaskSupport_start__E)
                  00007d58    00000030     release_pem4f.oem4f (.text:ti_sysbios_gates_GateHwi_Object__create__S)
                  00007d88    00000030     release_pem4f.oem4f (.text:ti_sysbios_gates_GateMutex_Object__create__S)
                  00007db8    00000030     sysbios.aem4f : BIOS.obj (.text:ti_sysbios_gates_GateMutex_enter__E)
                  00007de8    00000030     release_pem4f.oem4f (.text:ti_sysbios_heaps_HeapMem_Object__create__S)
                  00007e18    00000030     release_pem4f.oem4f (.text:ti_sysbios_knl_Semaphore_construct)
                  00007e48    00000030     sysbios.aem4f : BIOS.obj (.text:ti_sysbios_knl_Semaphore_pendTimeout__I)
                  00007e78    00000030                   : BIOS.obj (.text:ti_sysbios_knl_Task_restore__E)
                  00007ea8    00000030                   : BIOS.obj (.text:ti_sysbios_knl_Task_unblockI__E)
                  00007ed8    0000002e     rtsv7M4_T_le_v4SPD16_eabi.lib : i_tofd_t2.asm.obj (.text)
                  00007f06    00000002     --HOLE-- [fill = 0]
                  00007f08    0000002c     dpl_msp432e4.aem4f : SemaphoreP_tirtos.oem4f (.text:SemaphoreP_createBinary)
                  00007f34    0000002c     msp432e4_driverlib.a : sysctl.o (.text:SysCtlPeripheralClockGating)
                  00007f60    0000002c     sysbios.aem4f : BIOS.obj (.text:_pthread_cleanupFxn)
                  00007f8c    0000002c     release_pem4f.oem4f (.text:ti_sysbios_gates_GateHwi_Handle__label__S)
                  00007fb8    0000002c     release_pem4f.oem4f (.text:ti_sysbios_gates_GateMutex_Handle__label__S)
                  00007fe4    0000002c     release_pem4f.oem4f (.text:ti_sysbios_heaps_HeapMem_Handle__label__S)
                  00008010    0000002c     release_pem4f.oem4f (.text:ti_sysbios_knl_Clock_doTick__I)
                  0000803c    0000002c     release_pem4f.oem4f (.text:ti_sysbios_knl_Queue_construct)
                  00008068    00000028     sysbios.aem4f : m3_Hwi_asm.obj (.text:ti_sysbios_family_arm_m3_Hwi_excHandlerAsm__I)
                  00008090    00000028                   : BIOS.obj (.text:ti_sysbios_knl_Clock_addI__E)
                  000080b8    00000028                   : BIOS.obj (.text:ti_sysbios_knl_Swi_Module_startup__E)
                  000080e0    00000026                   : m3_Hwi_asm.obj (.text:ti_sysbios_family_arm_m3_Hwi_pendSV__I)
                  00008106    00000024     msp432e4_driverlib.a : gpio.o (.text:GPIOPinTypeUART)
                  0000812a    00000024                          : uart.o (.text:UARTCharPutNonBlocking)
                  0000814e    00000024                          : uart.o (.text:UARTEnable)
                  00008172    00000002     --HOLE-- [fill = 0]
                  00008174    00000024     Infrastructure.obj (.text:UART_Write_Protected)
                  00008198    00000024     sysbios.aem4f : BIOS.obj (.text:pthread_attr_init)
                  000081bc    00000024     release_pem4f.oem4f (.text:ti_sysbios_BIOS_registerRTSLock__I)
                  000081e0    00000024     release_pem4f.oem4f (.text:ti_sysbios_BIOS_removeRTSLock__I)
                  00008204    00000024     release_pem4f.oem4f (.text:ti_sysbios_gates_GateMutex_Object__delete__S)
                  00008228    00000024     sysbios.aem4f : BIOS.obj (.text:ti_sysbios_knl_Clock_Module_startup__E)
                  0000824c    00000024     release_pem4f.oem4f (.text:ti_sysbios_knl_Clock_Object__delete__S)
                  00008270    00000024     sysbios.aem4f : BIOS.obj (.text:ti_sysbios_knl_Clock_start__E)
                  00008294    00000004     --HOLE-- [fill = 0]
                  00008298    00000024                   : BIOS.obj (.text:ti_sysbios_knl_Semaphore_Instance_init__E)
                  000082bc    00000024     release_pem4f.oem4f (.text:ti_sysbios_knl_Semaphore_Object__delete__S)
                  000082e0    00000024     sysbios.aem4f : BIOS.obj (.text:ti_sysbios_knl_Task_restoreHwi__E)
                  00008304    00000004     --HOLE-- [fill = 0]
                  00008308    00000024                   : BIOS.obj (.text:xdc_runtime_Error_policyMin__E)
                  0000832c    00000022     msp432e4_driverlib.a : gpio.o (.text:GPIOIntStatus)
                  0000834e    00000002     --HOLE-- [fill = 0]
                  00008350    00000022     sysbios.aem4f : BIOS.obj (.text:ti_sysbios_family_arm_lm4_Timer_write__I)
                  00008372    00000020     msp432e4_driverlib.a : gpio.o (.text:GPIOPinWrite)
                  00008392    00000020     drivers_msp432e4.aem4f : RingBuf.oem4f (.text:RingBuf_peek)
                  000083b2    00000020                            : GPIOMSP432E4.oem4f (.text:getGpioIntIndex)
                  000083d2    00000002     --HOLE-- [fill = 0]
                  000083d4    00000020     release_pem4f.oem4f (.text:ti_sysbios_BIOS_rtsLock__I)
                  000083f4    00000020     release_pem4f.oem4f (.text:ti_sysbios_family_arm_m3_Hwi_Object__delete__S)
                  00008414    00000020     release_pem4f.oem4f (.text:ti_sysbios_gates_GateHwi_Object__delete__S)
                  00008434    00000020     release_pem4f.oem4f (.text:ti_sysbios_heaps_HeapMem_Object__delete__S)
                  00008454    00000004     --HOLE-- [fill = 0]
                  00008458    00000020     sysbios.aem4f : BIOS.obj (.text:ti_sysbios_knl_Idle_run__E)
                  00008478    00000020     release_pem4f.oem4f (.text:ti_sysbios_knl_Semaphore_destruct)
                  00008498    00000020     release_pem4f.oem4f (.text:ti_sysbios_knl_Task_Object__delete__S)
                  000084b8    0000001e     msp432e4_driverlib.a : uart.o (.text:UARTBusy)
                  000084d6    0000001e                          : uart.o (.text:UARTCharPut)
                  000084f4    0000001e                          : uart.o (.text:UARTCharsAvail)
                  00008512    0000001e                          : uart.o (.text:UARTIntStatus)
                  00008530    0000001e     rtsv7M4_T_le_v4SPD16_eabi.lib : strcat.c.obj (.text:strcat)
                  0000854e    0000001e     sysbios.aem4f : m3_Hwi_asm_switch.obj (.text:ti_sysbios_family_xxx_Hwi_switchAndRunFunc)
                  0000856c    0000001c     msp432e4_driverlib.a : uart.o (.text:UARTCharGetNonBlocking)
                  00008588    0000001c                          : uart.o (.text:UARTFlowControlSet)
                  000085a4    0000001c                          : uart.o (.text:UARTTxIntModeSet)
                  000085c0    0000001c     rtsv7M4_T_le_v4SPD16_eabi.lib : memccpy.c.obj (.text:memccpy)
                  000085dc    00000004     --HOLE-- [fill = 0]
                  000085e0    0000001c     sysbios.aem4f : BIOS.obj (.text:ti_sysbios_family_arm_m3_Hwi_excHandler__I)
                  000085fc    00000004     --HOLE-- [fill = 0]
                  00008600    0000001c                   : BIOS.obj (.text:ti_sysbios_gates_GateMutex_Instance_init__E)
                  0000861c    00000004     --HOLE-- [fill = 0]
                  00008620    0000001c                   : BIOS.obj (.text:ti_sysbios_knl_Clock_Instance_finalize__E)
                  0000863c    0000001c     release_pem4f.oem4f (.text:ti_sysbios_knl_Queue_destruct)
                  00008658    0000001c     sysbios.aem4f : BIOS.obj (.text:ti_sysbios_knl_Queue_put__E)
                  00008674    00000004     --HOLE-- [fill = 0]
                  00008678    0000001c                   : BIOS.obj (.text:ti_sysbios_knl_Task_enter__I)
                  00008694    00000004     --HOLE-- [fill = 0]
                  00008698    0000001c                   : BIOS.obj (.text:ti_sysbios_rts_ti_ReentSupport_getReent__F)
                  000086b4    0000001a     rtsv7M4_T_le_v4SPD16_eabi.lib : s_copysign.c.obj (.text:copysign)
                  000086ce    00000018     msp432e4_driverlib.a : gpio.o (.text:GPIOPinRead)
                  000086e6    00000002     --HOLE-- [fill = 0]
                  000086e8    00000018     drivers_msp432e4.aem4f : PowerMSP432E4.oem4f (.text:Power_idleFunc)
                  00008700    00000018     msp432e4_driverlib.a : uart.o (.text:UARTFIFOLevelSet)
                  00008718    00000018                          : uart.o (.text:UARTIntDisable)
                  00008730    00000018                          : uart.o (.text:UARTIntEnable)
                  00008748    00000018     drivers_msp432e4.aem4f : UART.oem4f (.text:UART_Params_init)
                  00008760    00000018     rtsv7M4_T_le_v4SPD16_eabi.lib : args_main.c.obj (.text:_args_main)
                  00008778    00000018                                   : sprintf.c.obj (.text:_outs)
                  00008790    00000018     release_pem4f.oem4f (.text:ti_sysbios_BIOS_rtsUnlock__I)
                  000087a8    00000018     release_pem4f.oem4f (.text:ti_sysbios_family_arm_lm4_Timer_Module__startupDone__F)
                  000087c0    00000018     release_pem4f.oem4f (.text:ti_sysbios_family_arm_m3_Hwi_Module__startupDone__F)
                  000087d8    00000018     sysbios.aem4f : m3_TaskSupport_asm.obj (.text:ti_sysbios_family_arm_m3_TaskSupport_swap__E)
                  000087f0    00000018                   : BIOS.obj (.text:ti_sysbios_gates_GateMutex_leave__E)
                  00008808    00000018     release_pem4f.oem4f (.text:ti_sysbios_rts_ti_ReentSupport_getTlsAddr__I)
                  00008820    00000018     sysbios.aem4f : BIOS.obj (.text:xdc_runtime_Error_init__E)
                  00008838    00000018                   : BIOS.obj (.text:xdc_runtime_System_exit__E)
                  00008850    00000016     msp432e4_driverlib.a : uart.o (.text:UARTCharGet)
                  00008866    00000016     rtsv7M4_T_le_v4SPD16_eabi.lib : strchr.c.obj (.text:strchr)
                  0000887c    00000016     release_pem4f.oem4f (.text:ti_sysbios_BIOS_exitFunc__I)
                  00008892    00000014     msp432e4_driverlib.a : gpio.o (.text:GPIOIntClear)
                  000088a6    00000002     --HOLE-- [fill = 0]
                  000088a8    00000014     drivers_msp432e4.aem4f : GPIOMSP432E4.oem4f (.text:GPIOMSP432E4_getGpioBaseAddr)
                  000088bc    00000014                            : GPIOMSP432E4.oem4f (.text:GPIOMSP432E4_getPowerResourceId)
                  000088d0    00000014     sysbios.aem4f : BIOS.obj (.text:pthread_attr_setschedparam)
                  000088e4    00000014     rtsv7M4_T_le_v4SPD16_eabi.lib : strcpy.c.obj (.text:strcpy)
                  000088f8    00000014                                   : strlen.c.obj (.text:strlen)
                  0000890c    00000014     release_pem4f.oem4f (.text:ti_sysbios_family_arm_m3_Hwi_Object__get__S)
                  00008920    00000014     sysbios.aem4f : BIOS.obj (.text:ti_sysbios_family_arm_m3_Hwi_switchFromBootStack__E)
                  00008934    00000014     release_pem4f.oem4f (.text:ti_sysbios_heaps_HeapMem_Object__get__S)
                  00008948    00000014     release_pem4f.oem4f (.text:ti_sysbios_knl_Swi_Object__get__S)
                  0000895c    00000014     release_pem4f.oem4f (.text:ti_sysbios_knl_Task_Object__first__S)
                  00008970    00000014     release_pem4f.oem4f (.text:ti_sysbios_knl_Task_Object__next__S)
                  00008984    00000012     drivers_msp432e4.aem4f : RingBuf.oem4f (.text:RingBuf_construct)
                  00008996    00000012     dpl_msp432e4.aem4f : SemaphoreP_tirtos.oem4f (.text:SemaphoreP_pend)
                  000089a8    00000012     msp432e4_driverlib.a : uart.o (.text:UARTIntClear)
                  000089ba    00000012                          : uart.o (.text:UARTRxErrorGet)
                  000089cc    00000004     --HOLE-- [fill = 0]
                  000089d0    00000012     sysbios.aem4f : BIOS.obj (.text:_pthread_runStub$43)
                  000089e2    00000006     --HOLE-- [fill = 0]
                  000089e8    00000012                   : BIOS.obj (.text:ti_sysbios_hal_Hwi_Module_startup__E)
                  000089fa    00000012     rtsv7M4_T_le_v4SPD16_eabi.lib : wcslen.c.obj (.text:wcslen)
                  00008a0c    00000012     release_pem4f.oem4f (.text:xdc_runtime_Startup_exec__I)
                  00008a1e    00000002     --HOLE-- [fill = 0]
                  00008a20    00000010     release_pem4f.oem4f (.text:.bootCodeSection:ti_sysbios_family_arm_msp432e4_init_Boot_init__I)
                  00008a30    00000010     dpl_msp432e4.aem4f : HwiP_tirtos.oem4f (.text:HwiP_Params_init)
                  00008a40    00000010                        : PowerMSP432E4_tirtos.oem4f (.text:PowerMSP432E4_sleepPolicy)
                  00008a50    00000010     msp432e4_driverlib.a : uart.o (.text:UARTRxErrorClear)
                  00008a60    00000010     rtsv7M4_T_le_v4SPD16_eabi.lib : isdigit.c.obj (.text:isdigit)
                  00008a70    00000010     drivers_msp432e4.aem4f : UARTMSP432E4.oem4f (.text:readBlockingTimeout)
                  00008a80    00000010     sysbios.aem4f : BIOS.obj (.text:ti_sysbios_BIOS_getCpuFreq__E)
                  00008a90    00000010                   : BIOS.obj (.text:ti_sysbios_BIOS_setThreadType__E)
                  00008aa0    00000010                   : BIOS.obj (.text:ti_sysbios_BIOS_start__E)
                  00008ab0    00000010                   : m3_TaskSupport_asm.obj (.text:ti_sysbios_family_arm_m3_TaskSupport_glue)
                  00008ac0    00000010                   : BIOS.obj (.text:ti_sysbios_gates_GateMutex_Instance_finalize__E)
                  00008ad0    00000010     release_pem4f.oem4f (.text:ti_sysbios_knl_Mailbox_Object__get__S)
                  00008ae0    00000010     sysbios.aem4f : BIOS.obj (.text:ti_sysbios_knl_Semaphore_Instance_finalize__E)
                  00008af0    00000010                   : BIOS.obj (.text:ti_sysbios_knl_Swi_disable__E)
                  00008b00    00000010     release_pem4f.oem4f (.text:ti_sysbios_knl_Task_Object__get__S)
                  00008b10    00000010     sysbios.aem4f : BIOS.obj (.text:ti_sysbios_knl_Task_disable__E)
                  00008b20    00000010                   : BIOS.obj (.text:xdc_runtime_Memory_free__E)
                  00008b30    00000010                   : BIOS.obj (.text:xdc_runtime_SysCallback_abort__E)
                  00008b40    00000010                   : BIOS.obj (.text:xdc_runtime_SysCallback_exit__E)
                  00008b50    0000000e     drivers_msp432e4.aem4f : RingBuf.oem4f (.text:RingBuf_isFull)
                  00008b5e    0000000e     rtsv7M4_T_le_v4SPD16_eabi.lib : copy_decompress_none.c.obj (.text:decompress:none:__TI_decompress_none)
                  00008b6c    00000004     --HOLE-- [fill = 0]
                  00008b70    0000000e     sysbios.aem4f : BIOS.obj (.text:pthread_attr_setdetachstate)
                  00008b7e    00000002     --HOLE-- [fill = 0]
                  00008b80    0000000e                   : BIOS.obj (.text:ti_sysbios_knl_Idle_loop__E)
                  00008b8e    00000002     --HOLE-- [fill = 0]
                  00008b90    0000000e                   : BIOS.obj (.text:ti_sysbios_knl_Queue_empty__E)
                  00008b9e    0000000c     dpl_msp432e4.aem4f : ClockP_tirtos.oem4f (.text:ClockP_delete)
                  00008baa    0000000c                        : HwiP_tirtos.oem4f (.text:HwiP_delete)
                  00008bb6    0000000c                        : SemaphoreP_tirtos.oem4f (.text:SemaphoreP_delete)
                  00008bc2    00000002     --HOLE-- [fill = 0]
                  00008bc4    0000000c     rtsv7M4_T_le_v4SPD16_eabi.lib : _lock.c.obj (.text:_register_lock)
                  00008bd0    0000000c                                   : _lock.c.obj (.text:_register_unlock)
                  00008bdc    0000000c                                   : copy_zero_init.c.obj (.text:decompress:ZI:__TI_zero_init)
                  00008be8    0000000c     sysbios.aem4f : BIOS.obj (.text:ti_sysbios_family_arm_lm4_Timer_getMaxTicks__E)
                  00008bf4    0000000c     release_pem4f.oem4f (.text:ti_sysbios_family_arm_m3_Hwi_Params__init__S)
                  00008c00    0000000c     sysbios.aem4f : BIOS.obj (.text:ti_sysbios_family_arm_m3_Hwi_disableFxn__E)
                  00008c0c    00000004     --HOLE-- [fill = 0]
                  00008c10    0000000c                   : BIOS.obj (.text:ti_sysbios_family_arm_m3_TaskSupport_getStackAlignment__E)
                  00008c1c    00000004     --HOLE-- [fill = 0]
                  00008c20    0000000c                   : BIOS.obj (.text:ti_sysbios_gates_GateHwi_enter__E)
                  00008c2c    0000000c     release_pem4f.oem4f (.text:ti_sysbios_knl_Clock_Params__init__S)
                  00008c38    0000000c     release_pem4f.oem4f (.text:ti_sysbios_knl_Queue_Object__get__S)
                  00008c44    0000000c     release_pem4f.oem4f (.text:ti_sysbios_knl_Semaphore_Params__init__S)
                  00008c50    0000000c     release_pem4f.oem4f (.text:ti_sysbios_knl_Task_Params__init__S)
                  00008c5c    00000004     --HOLE-- [fill = 0]
                  00008c60    0000000c     sysbios.aem4f : BIOS.obj (.text:ti_sysbios_knl_Task_self__E)
                  00008c6c    00000004     --HOLE-- [fill = 0]
                  00008c70    0000000c                   : BIOS.obj (.text:ti_sysbios_rts_ti_ReentSupport_taskRegHook__I)
                  00008c7c    00000004     --HOLE-- [fill = 0]
                  00008c80    0000000c                   : BIOS.obj (.text:xdc_runtime_Startup_rtsDone__E)
                  00008c8c    0000000a     dpl_msp432e4.aem4f : ClockP_tirtos.oem4f (.text:ClockP_Params_init)
                  00008c96    0000000a     main_tirtos.obj (.text:NDK_hookInit)
                  00008ca0    0000000a     drivers_msp432e4.aem4f : UART.oem4f (.text:UART_read)
                  00008caa    0000000a                            : UART.oem4f (.text:UART_write)
                  00008cb4    0000000a     rtsv7M4_T_le_v4SPD16_eabi.lib : sprintf.c.obj (.text:_outc)
                  00008cbe    0000000a     release_pem4f.oem4f (.text:xdc_runtime_IHeap_alloc)
                  00008cc8    0000000a     release_pem4f.oem4f (.text:xdc_runtime_IHeap_free)
                  00008cd2    00000006     --HOLE-- [fill = 0]
                  00008cd8    00000008     sysbios.aem4f : BIOS.obj (.text:pthread_attr_setstacksize)
                  00008ce0    00000008     drivers_msp432e4.aem4f : UARTMSP432E4.oem4f (.text:readSemCallback)
                  00008ce8    00000008     sysbios.aem4f : BIOS.obj (.text:ti_sysbios_family_arm_lm4_Timer_masterDisable__I)
                  00008cf0    00000008                   : BIOS.obj (.text:ti_sysbios_family_arm_m3_Hwi_doSwiRestore__I)
                  00008cf8    00000008                   : BIOS.obj (.text:ti_sysbios_family_arm_m3_Hwi_startup__E)
                  00008d00    00000008     drivers_msp432e4.aem4f : UARTMSP432E4.oem4f (.text:writeSemCallback)
                  00008d08    00000006     sysbios.aem4f : BIOS.obj (.text:ti_sysbios_family_arm_m3_Hwi_doTaskRestore__I)
                  00008d0e    00000002     --HOLE-- [fill = 0]
                  00008d10    00000006                   : BIOS.obj (.text:ti_sysbios_family_arm_m3_Hwi_restoreFxn__E)
                  00008d16    00000002     --HOLE-- [fill = 0]
                  00008d18    00000006                   : BIOS.obj (.text:ti_sysbios_gates_GateHwi_leave__E)
                  00008d1e    00000002     --HOLE-- [fill = 0]
                  00008d20    00000006                   : BIOS.obj (.text:ti_sysbios_heaps_HeapMem_isBlocking__E)
                  00008d26    00000002     --HOLE-- [fill = 0]
                  00008d28    00000006                   : BIOS.obj (.text:ti_sysbios_knl_Clock_stop__E)
                  00008d2e    00000002     --HOLE-- [fill = 0]
                  00008d30    00000006                   : BIOS.obj (.text:ti_sysbios_knl_Queue_Instance_init__E)
                  00008d36    00000002     --HOLE-- [fill = 0]
                  00008d38    00000006                   : BIOS.obj (.text:ti_sysbios_knl_Swi_startup__E)
                  00008d3e    00000002     --HOLE-- [fill = 0]
                  00008d40    00000006                   : BIOS.obj (.text:xdc_runtime_System_Module_startup__E)
                  00008d46    00000002     --HOLE-- [fill = 0]
                  00008d48    00000004                   : BIOS.obj (.text:__aeabi_errno_addr)
                  00008d4c    00000004     --HOLE-- [fill = 0]
                  00008d50    00000004                   : BIOS.obj (.text:ti_sysbios_gates_GateHwi_query__E)
                  00008d54    00000004     --HOLE-- [fill = 0]
                  00008d58    00000004                   : BIOS.obj (.text:ti_sysbios_gates_GateMutex_query__E)
                  00008d5c    00000004     --HOLE-- [fill = 0]
                  00008d60    00000004                   : BIOS.obj (.text:ti_sysbios_knl_Clock_setTimeout__E)
                  00008d64    00000004     --HOLE-- [fill = 0]
                  00008d68    00000004                   : BIOS.obj (.text:ti_sysbios_knl_Task_startup__E)
                  00008d6c    00000004     --HOLE-- [fill = 0]
                  00008d70    00000002                   : BIOS.obj (.text:ti_sysbios_BIOS_linkedWithIncorrectBootLibrary__E)
                  00008d72    00000006     --HOLE-- [fill = 0]
                  00008d78    00000002                   : BIOS.obj (.text:ti_sysbios_gates_GateHwi_Instance_init__E)
                  00008d7a    00000006     --HOLE-- [fill = 0]
                  00008d80    00000002                   : BIOS.obj (.text:ti_sysbios_knl_Clock_logTick__E)
                  00008d82    00000006     --HOLE-- [fill = 0]
                  00008d88    00000002                   : BIOS.obj (.text:xdc_runtime_SysCallback_defaultAbort)
                  00008d8a    00000006     --HOLE-- [fill = 0]
                  00008d90    00000002                   : BIOS.obj (.text:xdc_runtime_SysCallback_defaultExit)
                  00008d92    00000006     --HOLE-- [fill = 0]
                  00008d98    00000002                   : BIOS.obj (.text:xdc_runtime_System_abortSpin__E)
                  00008d9a    00000006     --HOLE-- [fill = 0]
                  00008da0    00000002                   : BIOS.obj (.text:xdc_runtime_System_exitSpin__E)

.const     0    00008da4    0000098a     
                  00008da4    00000210     sysbios.aem4f : BIOS.obj (.const:$O2$$)
                  00008fb4    00000101     rtsv7M4_T_le_v4SPD16_eabi.lib : ctype.c.obj (.const:.string:_ctypes_)
                  000090b5    00000003     drivers_msp432e4.aem4f : GPIOMSP432E4.oem4f (.const:.string:inPinTypes)
                  000090b8    00000058     ti_drivers_config.obj (.const:uartMSP432E4HWAttrs)
                  00009110    00000048     msp432e4_driverlib.a : gpio.o (.const:g_pui32GPIOBaseAddrs)
                  00009158    00000048     drivers_msp432e4.aem4f : GPIOMSP432E4.oem4f (.const:gpioBaseAddresses)
                  000091a0    00000048                            : GPIOMSP432E4.oem4f (.const:powerMgrIds)
                  000091e8    00000040     Infrastructure.obj (.const:.string:$P$T0$1)
                  00009228    0000003c     release_pem4f.oem4f (.const:ti_sysbios_knl_Task_Object__PARAMS__C)
                  00009264    00000030     release_pem4f.oem4f (.const:ti_sysbios_family_arm_m3_Hwi_Object__PARAMS__C)
                  00009294    00000030     release_pem4f.oem4f (.const:ti_sysbios_knl_Task_hooks__A)
                  000092c4    00000028     drivers_msp432e4.aem4f : UARTMSP432E4.oem4f (.const:UARTMSP432E4_fxnTable)
                  000092ec    00000028     release_pem4f.oem4f (.const:ti_sysbios_heaps_HeapMem_Module__FXNS__C)
                  00009314    00000024     drivers_msp432e4.aem4f : UART.oem4f (.const:UART_defaultParams)
                  00009338    00000024     release_pem4f.oem4f (.const:ti_sysbios_gates_GateHwi_Module__FXNS__C)
                  0000935c    00000024     release_pem4f.oem4f (.const:ti_sysbios_gates_GateMutex_Module__FXNS__C)
                  00009380    00000024     release_pem4f.oem4f (.const:ti_sysbios_heaps_HeapMem_Object__PARAMS__C)
                  000093a4    00000024     release_pem4f.oem4f (.const:ti_sysbios_knl_Clock_Object__PARAMS__C)
                  000093c8    00000024     release_pem4f.oem4f (.const:ti_sysbios_knl_Semaphore_Object__PARAMS__C)
                  000093ec    00000020     drivers_msp432e4.aem4f : GPIOMSP432E4.oem4f (.const:.string:gpioInterruptVectors)
                  0000940c    00000020                            : UARTMSP432E4.oem4f (.const:staticFxnTable)
                  0000942c    00000020     release_pem4f.oem4f (.const:ti_sysbios_family_arm_m3_Hwi_Object__DESC__C)
                  0000944c    00000020     release_pem4f.oem4f (.const:ti_sysbios_gates_GateHwi_Object__DESC__C)
                  0000946c    00000020     release_pem4f.oem4f (.const:ti_sysbios_gates_GateMutex_Object__DESC__C)
                  0000948c    00000020     release_pem4f.oem4f (.const:ti_sysbios_heaps_HeapMem_Object__DESC__C)
                  000094ac    00000020     release_pem4f.oem4f (.const:ti_sysbios_knl_Clock_Object__DESC__C)
                  000094cc    00000020     release_pem4f.oem4f (.const:ti_sysbios_knl_Queue_Object__DESC__C)
                  000094ec    00000020     release_pem4f.oem4f (.const:ti_sysbios_knl_Semaphore_Object__DESC__C)
                  0000950c    00000020     release_pem4f.oem4f (.const:ti_sysbios_knl_Task_Object__DESC__C)
                  0000952c    00000020     release_pem4f.oem4f (.const:xdc_runtime_Startup_sfxnTab__A)
                  0000954c    00000018     ti_drivers_config.obj (.const:UART_config)
                  00009564    00000018     release_pem4f.oem4f (.const:ti_sysbios_gates_GateHwi_Object__PARAMS__C)
                  0000957c    00000018     release_pem4f.oem4f (.const:ti_sysbios_gates_GateMutex_Object__PARAMS__C)
                  00009594    00000018     release_pem4f.oem4f (.const:ti_sysbios_knl_Queue_Object__PARAMS__C)
                  000095ac    00000014     ti_drivers_config.obj (.const:GPIOMSP432E4_config)
                  000095c0    00000014     drivers_msp432e4.aem4f : UARTMSP432E4.oem4f (.const:parityType)
                  000095d4    00000010                            : UARTMSP432E4.oem4f (.const:dataLength)
                  000095e4    00000010     release_pem4f.oem4f (.const:xdc_runtime_Startup_firstFxns__A)
                  000095f4    00000010     release_pem4f.oem4f (.const:xdc_runtime_Startup_sfxnRts__A)
                  00009604    0000000c     release_pem4f.oem4f (.const:ti_sysbios_knl_Idle_funcList__A)
                  00009610    0000000b     ti_drivers_config.obj (.const)
                  0000961b    00000001     release_pem4f.oem4f (.const:xdc_runtime_Error_policy__C)
                  0000961c    00000008     ti_drivers_config.obj (.const:PowerMSP432E4_config)
                  00009624    00000008     drivers_msp432e4.aem4f : UARTMSP432E4.oem4f (.const:stopBits)
                  0000962c    00000008     release_pem4f.oem4f (.const:ti_sysbios_knl_Idle_funcList__C)
                  00009634    00000008     release_pem4f.oem4f (.const:ti_sysbios_knl_Task_hooks__C)
                  0000963c    00000008     release_pem4f.oem4f (.const:xdc_runtime_Startup_firstFxns__C)
                  00009644    00000008     release_pem4f.oem4f (.const:xdc_runtime_Startup_lastFxns__C)
                  0000964c    00000007     drivers_msp432e4.aem4f : GPIOMSP432E4.oem4f (.const:.string:outPinStrengths)
                  00009653    00000006                            : GPIOMSP432E4.oem4f (.const:.string:interruptType)
                  00009659    00000004                            : GPIOMSP432E4.oem4f (.const:.string:outPinTypes)
                  0000965d    00000001     --HOLE-- [fill = 0]
                  0000965e    00000002     release_pem4f.oem4f (.const:ti_sysbios_family_arm_m3_Hwi_Module__id__C)
                  00009660    00000004     release_pem4f.oem4f (.const:ti_sysbios_family_arm_lm4_Timer_enableFunc__C)
                  00009664    00000004     release_pem4f.oem4f (.const:ti_sysbios_family_arm_lm4_Timer_numTimerDevices__C)
                  00009668    00000004     release_pem4f.oem4f (.const:ti_sysbios_family_arm_lm4_Timer_startupNeeded__C)
                  0000966c    00000004     release_pem4f.oem4f (.const:ti_sysbios_family_arm_m3_Hwi_E_alreadyDefined__C)
                  00009670    00000004     release_pem4f.oem4f (.const:ti_sysbios_family_arm_m3_Hwi_E_badIntNum__C)
                  00009674    00000004     release_pem4f.oem4f (.const:ti_sysbios_family_arm_m3_Hwi_NUM_INTERRUPTS__C)
                  00009678    00000004     release_pem4f.oem4f (.const:ti_sysbios_family_arm_m3_Hwi_Object__count__C)
                  0000967c    00000004     release_pem4f.oem4f (.const:ti_sysbios_family_arm_m3_Hwi_ccr__C)
                  00009680    00000004     release_pem4f.oem4f (.const:ti_sysbios_family_arm_m3_Hwi_excHandlerFunc__C)
                  00009684    00000004     release_pem4f.oem4f (.const:ti_sysbios_family_arm_m3_Hwi_nullIsrFunc__C)
                  00009688    00000004     release_pem4f.oem4f (.const:ti_sysbios_family_arm_m3_Hwi_priGroup__C)
                  0000968c    00000004     release_pem4f.oem4f (.const:ti_sysbios_family_arm_m3_TaskSupport_stackAlignment__C)
                  00009690    00000004     release_pem4f.oem4f (.const:ti_sysbios_gates_GateMutex_Instance_State_sem__O)
                  00009694    00000004     release_pem4f.oem4f (.const:ti_sysbios_heaps_HeapMem_E_memory__C)
                  00009698    00000004     release_pem4f.oem4f (.const:ti_sysbios_heaps_HeapMem_Module__gateObj__C)
                  0000969c    00000004     release_pem4f.oem4f (.const:ti_sysbios_heaps_HeapMem_Object__count__C)
                  000096a0    00000004     release_pem4f.oem4f (.const:ti_sysbios_heaps_HeapMem_primaryHeapBaseAddr__C)
                  000096a4    00000004     release_pem4f.oem4f (.const:ti_sysbios_heaps_HeapMem_primaryHeapEndAddr__C)
                  000096a8    00000004     release_pem4f.oem4f (.const:ti_sysbios_heaps_HeapMem_reqAlign__C)
                  000096ac    00000004     release_pem4f.oem4f (.const:ti_sysbios_knl_Clock_Module_State_clockQ__O)
                  000096b0    00000004     release_pem4f.oem4f (.const:ti_sysbios_knl_Mailbox_Instance_State_freeQue__O)
                  000096b4    00000004     release_pem4f.oem4f (.const:ti_sysbios_knl_Mailbox_Object__count__C)
                  000096b8    00000004     release_pem4f.oem4f (.const:ti_sysbios_knl_Mailbox_maxTypeAlign__C)
                  000096bc    00000004     release_pem4f.oem4f (.const:ti_sysbios_knl_Semaphore_Instance_State_pendQ__O)
                  000096c0    00000004     release_pem4f.oem4f (.const:ti_sysbios_knl_Swi_Object__count__C)
                  000096c4    00000004     release_pem4f.oem4f (.const:ti_sysbios_knl_Task_E_deleteNotAllowed__C)
                  000096c8    00000004     release_pem4f.oem4f (.const:ti_sysbios_knl_Task_Module_State_inactiveQ__O)
                  000096cc    00000004     release_pem4f.oem4f (.const:ti_sysbios_knl_Task_Module_State_terminatedQ__O)
                  000096d0    00000004     release_pem4f.oem4f (.const:ti_sysbios_knl_Task_Object__count__C)
                  000096d4    00000004     release_pem4f.oem4f (.const:ti_sysbios_knl_Task_Object__heap__C)
                  000096d8    00000004     release_pem4f.oem4f (.const:ti_sysbios_knl_Task_allBlockedFunc__C)
                  000096dc    00000004     release_pem4f.oem4f (.const:ti_sysbios_knl_Task_defaultStackHeap__C)
                  000096e0    00000004     release_pem4f.oem4f (.const:ti_sysbios_knl_Task_defaultStackSize__C)
                  000096e4    00000004     release_pem4f.oem4f (.const:ti_sysbios_knl_Task_numConstructedTasks__C)
                  000096e8    00000004     release_pem4f.oem4f (.const:xdc_runtime_Error_E_memory__C)
                  000096ec    00000004     release_pem4f.oem4f (.const:xdc_runtime_Error_policyFxn__C)
                  000096f0    00000004     release_pem4f.oem4f (.const:xdc_runtime_IGateProvider_Interface__BASE__C)
                  000096f4    00000004     release_pem4f.oem4f (.const:xdc_runtime_IHeap_Interface__BASE__C)
                  000096f8    00000004     release_pem4f.oem4f (.const:xdc_runtime_IModule_Interface__BASE__C)
                  000096fc    00000004     release_pem4f.oem4f (.const:xdc_runtime_Memory_defaultHeapInstance__C)
                  00009700    00000004     release_pem4f.oem4f (.const:xdc_runtime_Startup_execImpl__C)
                  00009704    00000004     release_pem4f.oem4f (.const:xdc_runtime_Startup_maxPasses__C)
                  00009708    00000004     release_pem4f.oem4f (.const:xdc_runtime_Startup_sfxnRts__C)
                  0000970c    00000004     release_pem4f.oem4f (.const:xdc_runtime_Startup_sfxnTab__C)
                  00009710    00000004     release_pem4f.oem4f (.const:xdc_runtime_SysCallback_abortFxn__C)
                  00009714    00000004     release_pem4f.oem4f (.const:xdc_runtime_SysCallback_exitFxn__C)
                  00009718    00000004     release_pem4f.oem4f (.const:xdc_runtime_System_Module__gateObj__C)
                  0000971c    00000004     release_pem4f.oem4f (.const:xdc_runtime_System_abortFxn__C)
                  00009720    00000004     release_pem4f.oem4f (.const:xdc_runtime_System_exitFxn__C)
                  00009724    00000004     release_pem4f.oem4f (.const:xdc_runtime_System_maxAtexitHandlers__C)
                  00009728    00000002     release_pem4f.oem4f (.const:ti_sysbios_heaps_HeapMem_Module__id__C)
                  0000972a    00000002     release_pem4f.oem4f (.const:ti_sysbios_knl_Task_Module__id__C)
                  0000972c    00000002     release_pem4f.oem4f (.const:xdc_runtime_Memory_Module__id__C)

.cinit     0    00009730    000002f0     
                  00009730    000002c6     (.cinit..data.load) [load image, compression = lzss]
                  000099f6    00000002     --HOLE-- [fill = 0]
                  000099f8    0000000c     (__TI_handler_table)
                  00009a04    00000004     --HOLE-- [fill = 0]
                  00009a08    00000008     (.cinit..bss.load) [load image, compression = zero_init]
                  00009a10    00000010     (__TI_cinit_table)

.init_array 
*          0    00000000    00000000     UNINITIALIZED

.bss       0    20020360    00000790     UNINITIALIZED
                  20020360    00000360     (.common:ti_sysbios_family_arm_m3_Hwi_dispatchTable)
                  200206c0    00000200     release_pem4f.oem4f (.bss:taskStackSection)
                  200208c0    000000c8     (.common:uartMSP432E4Objects)
                  20020988    00000090     drivers_msp432e4.aem4f : GPIOMSP432E4.oem4f (.bss:gpioCallbackInfo)
                  20020a18    0000008c     (.common:global)
                  20020aa4    00000020     ti_drivers_config.obj (.bss:uartMSP432E4RingBuffer0)
                  20020ac4    00000020     ti_drivers_config.obj (.bss:uartMSP432E4RingBuffer1)
                  20020ae4    00000008     (.common:ti_sysbios_knl_Task_Instance_State_0_hookEnv__A)
                  20020aec    00000004     drivers_msp432e4.aem4f : GPIOMSP432E4.oem4f (.bss)

.data      0    20020af0    0000066c     UNINITIALIZED
                  20020af0    0000016c     drivers_msp432e4.aem4f : PowerMSP432E4.oem4f (.data:PowerMSP432E4_module)
                  20020c5c    0000008c     sysbios.aem4f : BIOS.obj (.data:$O1$$)
                  20020ce8    00000080     release_pem4f.oem4f (.data:ti_sysbios_knl_Swi_Module_State_0_readyQ__A)
                  20020d68    00000080     release_pem4f.oem4f (.data:ti_sysbios_knl_Task_Module_State_0_readyQ__A)
                  20020de8    00000054     release_pem4f.oem4f (.data:ti_sysbios_gates_GateMutex_Object__table__V)
                  20020e3c    0000004c     release_pem4f.oem4f (.data:ti_sysbios_knl_Task_Object__table__V)
                  20020e88    00000044     release_pem4f.oem4f (.data:ti_sysbios_knl_Task_Module__state__V)
                  20020ecc    00000040     release_pem4f.oem4f (.data:ti_sysbios_family_arm_lm4_Timer_Module_State_0_device__A)
                  20020f0c    00000040     release_pem4f.oem4f (.data:ti_sysbios_family_arm_lm4_Timer_Object__table__V)
                  20020f4c    00000034     release_pem4f.oem4f (.data:ti_sysbios_family_arm_m3_Hwi_Module__state__V)
                  20020f80    00000030     release_pem4f.oem4f (.data:ti_sysbios_knl_Swi_Object__table__V)
                  20020fb0    0000002c     release_pem4f.oem4f (.data:ti_sysbios_knl_Clock_Module__state__V)
                  20020fdc    00000024     release_pem4f.oem4f (.data:ti_sysbios_BIOS_Module__state__V)
                  20021000    00000020     ti_drivers_config.obj (.data:gpioCallbackFunctions)
                  20021020    00000020     ti_drivers_config.obj (.data:gpioPinConfigs)
                  20021040    00000020     release_pem4f.oem4f (.data:ti_sysbios_family_arm_lm4_Timer_Module_State_0_handles__A)
                  20021060    00000020     release_pem4f.oem4f (.data:xdc_runtime_Error_IgnoreBlock)
                  20021080    0000001c     release_pem4f.oem4f (.data:ti_sysbios_knl_Swi_Module__state__V)
                  2002109c    00000018     release_pem4f.oem4f (.data:ti_sysbios_family_arm_m3_Hwi_Object__table__V)
                  200210b4    00000018     release_pem4f.oem4f (.data:ti_sysbios_heaps_HeapMem_Object__table__V)
                  200210cc    0000000c     release_pem4f.oem4f (.data:ti_sysbios_family_arm_lm4_Timer_Module__state__V)
                  200210d8    00000008     rtsv7M4_T_le_v4SPD16_eabi.lib : _lock.c.obj (.data:$O1$$)
                  200210e0    00000008     release_pem4f.oem4f (.data:ti_sysbios_family_arm_m3_Hwi_Module__root__V)
                  200210e8    00000008     release_pem4f.oem4f (.data:ti_sysbios_gates_GateHwi_Module__root__V)
                  200210f0    00000008     release_pem4f.oem4f (.data:ti_sysbios_gates_GateMutex_Module__root__V)
                  200210f8    00000008     release_pem4f.oem4f (.data:ti_sysbios_heaps_HeapMem_Module__root__V)
                  20021100    00000008     release_pem4f.oem4f (.data:ti_sysbios_knl_Clock_Module__root__V)
                  20021108    00000008     release_pem4f.oem4f (.data:ti_sysbios_knl_Queue_Module__root__V)
                  20021110    00000008     release_pem4f.oem4f (.data:ti_sysbios_knl_Semaphore_Module__root__V)
                  20021118    00000008     release_pem4f.oem4f (.data:ti_sysbios_knl_Task_Module__root__V)
                  20021120    00000008     release_pem4f.oem4f (.data:xdc_runtime_Startup_Module__state__V)
                  20021128    00000008     release_pem4f.oem4f (.data:xdc_runtime_System_Module_State_0_atexitHandlers__A)
                  20021130    00000008     release_pem4f.oem4f (.data:xdc_runtime_System_Module__state__V)
                  20021138    00000005     drivers_msp432e4.aem4f : GPIOMSP432E4.oem4f (.data)
                  2002113d    00000001                            : UART.oem4f (.data)
                  2002113e    00000002     release_pem4f.oem4f (.data:ti_sysbios_family_arm_m3_Hwi_Module_State_0_excActive__A)
                  20021140    00000004     rtsv7M4_T_le_v4SPD16_eabi.lib : stkdepth_vars.c.obj (.data)
                  20021144    00000004     release_pem4f.oem4f (.data:ti_sysbios_family_arm_m3_Hwi_Module_State_0_excContext__A)
                  20021148    00000004     release_pem4f.oem4f (.data:ti_sysbios_family_arm_m3_Hwi_Module_State_0_excStack__A)
                  2002114c    00000004     release_pem4f.oem4f (.data:ti_sysbios_gates_GateHwi_Object__table__V)
                  20021150    00000004     release_pem4f.oem4f (.data:ti_sysbios_knl_Task_Module_State_0_idleTask__A)
                  20021154    00000004     release_pem4f.oem4f (.data:ti_sysbios_rts_ti_ReentSupport_Module__state__V)
                  20021158    00000004     release_pem4f.oem4f (.data:xdc_runtime_Memory_Module__state__V)

.priheap   0    20000360    00020000     UNINITIALIZED
                  20000360    00020000     --HOLE--

.stack     0    2003fc00    00000400     UNINITIALIZED
                  2003fc00    00000400     --HOLE--

.bootVecs 
*          0    00000000    00000008     DSECT
                  00000000    00000008     boot.aem4f : boot.oem4f (.bootVecs)

.resetVecs 
*          0    00000000    0000003c     
                  00000000    0000003c     release_pem4f.oem4f (.resetVecs)

.vecs      0    20000000    00000360     NOLOAD SECTION
                  20000000    00000360     release_pem4f.oem4f (.vecs)

xdc.meta   0    00000000    00000118     COPY SECTION
                  00000000    00000118     release_pem4f.oem4f (xdc.meta)

xdc.noload 
*          0    00000000    00000000     COPY SECTION

__llvm_prf_cnts 
*          0    20000000    00000000     UNINITIALIZED

.binit     0    00000000    00000000     

MODULE SUMMARY

       Module                       code    ro data   rw data
       ------                       ----    -------   -------
    .\
       CommandTerminal.obj          8543    0         0      
       Infrastructure.obj           500     64        0      
       main_tirtos.obj              110     0         140    
    +--+----------------------------+-------+---------+---------+
       Total:                       9153    64        140    
                                                             
    .\syscfg\
       ti_drivers_config.obj        50      151       328    
    +--+----------------------------+-------+---------+---------+
       Total:                       50      151       328    
                                                             
    C:\Users\NickRethans\Desktop\EmbeddedSystems\Homework3\tirtos_builds_MSP_EXP432E401Y_release_ccs\Debug\configPkg\package\cfg\
       release_pem4f.oem4f          1598    1081      3306   
    +--+----------------------------+-------+---------+---------+
       Total:                       1598    1081      3306   
                                                             
    C:/ti/simplelink_msp432e4_sdk_4_20_00_12/kernel/tirtos/packages/ti/dpl/lib/dpl_msp432e4.aem4f
       ClockP_tirtos.oem4f          102     0         0      
       HwiP_tirtos.oem4f            96      0         0      
       SemaphoreP_tirtos.oem4f      78      0         0      
       PowerMSP432E4_tirtos.oem4f   16      0         0      
    +--+----------------------------+-------+---------+---------+
       Total:                       292     0         0      
                                                             
    C:/ti/simplelink_msp432e4_sdk_4_20_00_12/source/ti/devices/msp432e4/driverlib/lib/ccs/m4f/msp432e4_driverlib.a
       gpio.o                       1040    72        0      
       uart.o                       588     0         0      
       sysctl.o                     564     0         0      
    +--+----------------------------+-------+---------+---------+
       Total:                       2192    72        0      
                                                             
    C:/ti/simplelink_msp432e4_sdk_4_20_00_12/source/ti/drivers/lib/drivers_msp432e4.aem4f
       UARTMSP432E4.oem4f           2914    116       0      
       GPIOMSP432E4.oem4f           1004    196       153    
       PowerMSP432E4.oem4f          336     0         364    
       UART.oem4f                   176     36        1      
       RingBuf.oem4f                198     0         0      
    +--+----------------------------+-------+---------+---------+
       Total:                       4628    348       518    
                                                             
    C:\Users\NickRethans\Desktop\EmbeddedSystems\Homework3\tirtos_builds_MSP_EXP432E401Y_release_ccs\src\sysbios\sysbios.aem4f
       BIOS.obj                     9146    528       140    
       m3_Hwi_asm.obj               318     0         0      
       m3_TaskSupport_asm.obj       180     0         0      
       m3_Hwi_asm_switch.obj        118     0         0      
    +--+----------------------------+-------+---------+---------+
       Total:                       9762    528       140    
                                                             
    C:\ti\ccs1280\ccs\tools\compiler\ti-cgt-arm_20.2.7.LTS\lib\rtsv7M4_T_le_v4SPD16_eabi.lib
       _printfi.c.obj               4851    0         0      
       fd_add_t2.asm.obj            438     0         0      
       fd_div_t2.asm.obj            310     0         0      
       s_scalbn.c.obj               272     0         0      
       strtoul.c.obj                272     0         0      
       fd_cmp_t2.asm.obj            268     0         0      
       ctype.c.obj                  0       257       0      
       fd_mul_t2.asm.obj            252     0         0      
       memcpy_t2.asm.obj            156     0         0      
       ull_div_t2.asm.obj           150     0         0      
       memset_t2.asm.obj            122     0         0      
       copy_decompress_lzss.c.obj   104     0         0      
       s_frexp.c.obj                100     0         0      
       sprintf.c.obj                98      0         0      
       _ltoa.c.obj                  84      0         0      
       atoi.c.obj                   76      0         0      
       cpy_tbl.c.obj                76      0         0      
       fd_toi_t2.asm.obj            72      0         0      
       i_tofd_t2.asm.obj            46      0         0      
       _lock.c.obj                  26      0         8      
       strcat.c.obj                 30      0         0      
       memccpy.c.obj                28      0         0      
       s_copysign.c.obj             26      0         0      
       args_main.c.obj              24      0         0      
       strchr.c.obj                 22      0         0      
       strcpy.c.obj                 20      0         0      
       strlen.c.obj                 20      0         0      
       wcslen.c.obj                 18      0         0      
       isdigit.c.obj                16      0         0      
       copy_decompress_none.c.obj   14      0         0      
       copy_zero_init.c.obj         12      0         0      
       stkdepth_vars.c.obj          0       0         4      
       div0.asm.obj                 2       0         0      
    +--+----------------------------+-------+---------+---------+
       Total:                       8005    257       12     
                                                             
    C:\ti\simplelink_msp432e4_sdk_4_20_00_12\kernel\tirtos\packages\ti\targets\arm\rtsarm\lib\auto_init.aem4f
       auto_init.oem4f              160     0         0      
    +--+----------------------------+-------+---------+---------+
       Total:                       160     0         0      
                                                             
    C:\ti\simplelink_msp432e4_sdk_4_20_00_12\kernel\tirtos\packages\ti\targets\arm\rtsarm\lib\boot.aem4f
       boot.oem4f                   88      0         0      
    +--+----------------------------+-------+---------+---------+
       Total:                       88      0         0      
                                                             
       Stack:                       0       0         1024   
       Linker Generated:            0       746       0      
    +--+----------------------------+-------+---------+---------+
       Grand Total:                 35928   3247      5468   


LINKER GENERATED COPY TABLES

__TI_cinit_table @ 00009a10 records: 2, size/record: 8, table size: 16
	.data: load addr=00009730, load size=000002c6 bytes, run addr=20020af0, run size=0000066c bytes, compression=lzss
	.bss: load addr=00009a08, load size=00000008 bytes, run addr=20020360, run size=00000790 bytes, compression=zero_init


LINKER GENERATED HANDLER TABLE

__TI_handler_table @ 000099f8 records: 3, size/record: 4, table size: 12
	index: 0, handler: __TI_decompress_lzss
	index: 1, handler: __TI_decompress_none
	index: 2, handler: __TI_zero_init


GLOBAL SYMBOLS: SORTED ALPHABETICALLY BY Name 

address   name                                                            
-------   ----                                                            
000038d5  AboutMsg                                                        
00007ba5  Board_init                                                      
00000a8f  Board_initHook                                                  
00009614  CONFIG_GPIO_AUDIO_PWR_CONST                                     
00009610  CONFIG_GPIO_LED0_CONST                                          
00009611  CONFIG_GPIO_LED1_CONST                                          
00009612  CONFIG_GPIO_LED2_CONST                                          
00009613  CONFIG_GPIO_LED3_CONST                                          
00009615  CONFIG_GPIO_MIC_PWR_CONST                                       
00009616  CONFIG_GPIO_SW1_CONST                                           
00009617  CONFIG_GPIO_SW2_CONST                                           
00009618  CONFIG_UART_0_CONST                                             
00009619  CONFIG_UART_1_CONST                                             
00007bd5  ClearMsg                                                        
00008c8d  ClockP_Params_init                                              
00007575  ClockP_create                                                   
00008b9f  ClockP_delete                                                   
00001ebd  ClockP_getCpuFreq                                               
00003edd  ClockP_setTimeout                                               
00004b65  ClockP_start                                                    
00004c25  ClockP_stop                                                     
00003625  ErrorMsg                                                        
00007aa1  Error_Init                                                      
00006651  GPIODirModeSet                                                  
00008893  GPIOIntClear                                                    
0000832d  GPIOIntStatus                                                   
0000510d  GPIOIntTypeSet                                                  
000095ac  GPIOMSP432E4_config                                             
000088a9  GPIOMSP432E4_getGpioBaseAddr                                    
000088bd  GPIOMSP432E4_getPowerResourceId                                 
00007c05  GPIOMSP432E4_undoPinConfig                                      
000023d1  GPIOPadConfigSet                                                
00000a91  GPIOParse                                                       
000072b9  GPIOPinConfigure                                                
000086cf  GPIOPinRead                                                     
00008107  GPIOPinTypeUART                                                 
00008373  GPIOPinWrite                                                    
000060bd  GPIO_hwiIntFxn                                                  
00005061  GPIO_init                                                       
00007c35  GPIO_read                                                       
00006825  GPIO_setCallback                                                
00002ec9  GPIO_setConfig                                                  
00006a89  GPIO_write                                                      
00007ad5  GlobInit                                                        
00020000  HEAPSIZE                                                        
0000304d  HelpAboutMsg                                                    
000034b9  HelpClearMsg                                                    
00002d39  HelpErrorMsg                                                    
00001891  HelpGPIOMsg                                                     
000031c9  HelpHelpMsg                                                     
0000260d  HelpMemrMsg                                                     
000013d1  HelpParse                                                       
00003345  HelpPrintMsg                                                    
00008a31  HwiP_Params_init                                                
000075b5  HwiP_create                                                     
00008bab  HwiP_delete                                                     
00005393  HwiP_disable                                                    
00008d11  HwiP_restore                                                    
000062c9  InvalidMsg                                                      
00006985  MatchSubString                                                  
000029b5  MemRead                                                         
00004d99  MsgParser                                                       
00008c97  NDK_hookInit                                                    
000069db  NextSubString                                                   
0000961c  PowerMSP432E4_config                                            
20020af0  PowerMSP432E4_module                                            
00008a41  PowerMSP432E4_sleepPolicy                                       
000086e9  Power_idleFunc                                                  
0000632d  Power_init                                                      
00005fe1  Power_releaseDependency                                         
00006125  Power_setDependency                                             
000072fd  PrintMsg                                                        
00008985  RingBuf_construct                                               
000075f5  RingBuf_get                                                     
00008b51  RingBuf_isFull                                                  
00008393  RingBuf_peek                                                    
00007271  RingBuf_put                                                     
UNDEFED   SHT$$INIT_ARRAY$$Base                                           
UNDEFED   SHT$$INIT_ARRAY$$Limit                                          
00007f09  SemaphoreP_createBinary                                         
00008bb7  SemaphoreP_delete                                               
00008997  SemaphoreP_pend                                                 
[...]
00008921  ti_sysbios_hal_Hwi_HwiProxy_switchFromBootStack__E              
00008921  ti_sysbios_hal_Hwi_switchFromBootStack__E                       
00008935  ti_sysbios_heaps_HeapMem_Object__get__S                         
00008949  ti_sysbios_knl_Swi_Object__get__S                               
0000895d  ti_sysbios_knl_Task_Object__first__S                            
00008971  ti_sysbios_knl_Task_Object__next__S                             
00008985  RingBuf_construct                                               
00008997  SemaphoreP_pend                                                 
000089a9  UARTIntClear                                                    
000089bb  UARTRxErrorGet                                                  
000089e9  ti_sysbios_hal_Hwi_Module_startup__E                            
000089fb  wcslen                                                          
00008a0d  xdc_runtime_Startup_exec__I                                     
00008a21  ti_sysbios_family_arm_msp432e4_init_Boot_init__I                
00008a21  xdc_runtime_Startup_reset__I                                    
00008a31  HwiP_Params_init                                                
00008a41  PowerMSP432E4_sleepPolicy                                       
00008a51  UARTRxErrorClear                                                
00008a61  isdigit                                                         
00008a81  ti_sysbios_BIOS_getCpuFreq__E                                   
00008a91  ti_sysbios_BIOS_setThreadType__E                                
00008aa1  ti_sysbios_BIOS_start__E                                        
00008ab1  ti_sysbios_family_arm_m3_TaskSupport_glue                       
00008ac1  ti_sysbios_gates_GateMutex_Instance_finalize__E                 
00008ad1  ti_sysbios_knl_Mailbox_Object__get__S                           
00008ae1  ti_sysbios_knl_Semaphore_Instance_finalize__E                   
00008af1  ti_sysbios_knl_Swi_disable__E                                   
00008b01  ti_sysbios_knl_Task_Object__get__S                              
00008b11  ti_sysbios_knl_Task_disable__E                                  
00008b21  xdc_runtime_Memory_free__E                                      
00008b31  xdc_runtime_SysCallback_abort__E                                
00008b31  xdc_runtime_System_SupportProxy_abort__E                        
00008b41  xdc_runtime_SysCallback_exit__E                                 
00008b41  xdc_runtime_System_SupportProxy_exit__E                         
00008b51  RingBuf_isFull                                                  
00008b5f  __TI_decompress_none                                            
00008b71  pthread_attr_setdetachstate                                     
00008b81  ti_sysbios_knl_Idle_loop__E                                     
00008b91  ti_sysbios_knl_Queue_empty__E                                   
00008b9f  ClockP_delete                                                   
00008bab  HwiP_delete                                                     
00008bb7  SemaphoreP_delete                                               
00008bc5  _register_lock                                                  
00008bd1  _register_unlock                                                
00008bdd  __TI_zero_init                                                  
00008be9  ti_sysbios_family_arm_lm4_Timer_getMaxTicks__E                  
00008bf5  ti_sysbios_family_arm_m3_Hwi_Params__init__S                    
00008bf5  ti_sysbios_hal_Hwi_HwiProxy_Params__init__S                     
00008c01  ti_sysbios_family_arm_m3_Hwi_disableFxn__E                      
00008c01  ti_sysbios_hal_Hwi_HwiProxy_disable__E                          
00008c11  ti_sysbios_family_arm_m3_TaskSupport_getStackAlignment__E       
00008c11  ti_sysbios_knl_Task_SupportProxy_getStackAlignment__E           
00008c21  ti_sysbios_gates_GateHwi_enter__E                               
00008c2d  ti_sysbios_knl_Clock_Params__init__S                            
00008c39  ti_sysbios_knl_Queue_Object__get__S                             
00008c45  ti_sysbios_knl_Semaphore_Params__init__S                        
00008c51  ti_sysbios_knl_Task_Params__init__S                             
00008c61  ti_sysbios_knl_Task_self__E                                     
00008c71  ti_sysbios_rts_ti_ReentSupport_taskRegHook__I                   
00008c81  xdc_runtime_Startup_rtsDone__E                                  
00008c8d  ClockP_Params_init                                              
00008c97  NDK_hookInit                                                    
00008ca1  UART_read                                                       
00008cab  UART_write                                                      
00008cbf  xdc_runtime_Memory_HeapProxy_alloc__E                           
00008cc9  xdc_runtime_Memory_HeapProxy_free__E                            
00008cd9  pthread_attr_setstacksize                                       
00008ce9  ti_sysbios_family_arm_lm4_Timer_masterDisable__I                
00008cf1  ti_sysbios_family_arm_m3_Hwi_doSwiRestore__I                    
00008cf9  ti_sysbios_family_arm_m3_Hwi_startup__E                         
00008cf9  ti_sysbios_hal_Hwi_HwiProxy_startup__E                          
00008cf9  ti_sysbios_hal_Hwi_startup__E                                   
00008d09  ti_sysbios_family_arm_m3_Hwi_doTaskRestore__I                   
00008d11  HwiP_restore                                                    
00008d11  ti_sysbios_family_arm_m3_Hwi_restoreFxn__E                      
00008d11  ti_sysbios_hal_Hwi_HwiProxy_restore__E                          
00008d19  ti_sysbios_gates_GateHwi_leave__E                               
00008d21  ti_sysbios_heaps_HeapMem_isBlocking__E                          
00008d29  ti_sysbios_knl_Clock_stop__E                                    
00008d31  ti_sysbios_knl_Queue_Instance_init__E                           
00008d39  ti_sysbios_knl_Swi_startup__E                                   
00008d41  xdc_runtime_System_Module_startup__E                            
00008d49  __aeabi_errno_addr                                              
00008d51  ti_sysbios_gates_GateHwi_query__E                               
00008d51  xdc_runtime_Main_Module_GateProxy_query__E                      
00008d51  xdc_runtime_System_Module_GateProxy_query__E                    
00008d59  ti_sysbios_BIOS_RtsGateProxy_query__E                           
00008d59  ti_sysbios_gates_GateMutex_query__E                             
00008d59  ti_sysbios_heaps_HeapMem_Module_GateProxy_query__E              
00008d61  ti_sysbios_knl_Clock_setTimeout__E                              
00008d69  ti_sysbios_knl_Task_startup__E                                  
00008d71  ti_sysbios_BIOS_linkedWithIncorrectBootLibrary__E               
00008d79  ti_sysbios_gates_GateHwi_Instance_init__E                       
00008d81  ti_sysbios_knl_Clock_logTick__E                                 
00008d89  xdc_runtime_SysCallback_defaultAbort                            
00008d91  xdc_runtime_SysCallback_defaultExit                             
00008d99  xdc_runtime_System_abortSpin__E                                 
00008da1  xdc_runtime_System_exitSpin__E                                  
00008fb4  _ctypes_                                                        
00009228  ti_sysbios_knl_Task_Object__PARAMS__C                           
00009264  ti_sysbios_family_arm_m3_Hwi_Object__PARAMS__C                  
00009294  ti_sysbios_knl_Task_hooks__A                                    
000092c4  UARTMSP432E4_fxnTable                                           
000092ec  ti_sysbios_heaps_HeapMem_Module__FXNS__C                        
00009314  UART_defaultParams                                              
00009338  ti_sysbios_gates_GateHwi_Module__FXNS__C                        
0000935c  ti_sysbios_gates_GateMutex_Module__FXNS__C                      
00009380  ti_sysbios_heaps_HeapMem_Object__PARAMS__C                      
000093a4  ti_sysbios_knl_Clock_Object__PARAMS__C                          
000093c8  ti_sysbios_knl_Semaphore_Object__PARAMS__C                      
0000942c  ti_sysbios_family_arm_m3_Hwi_Object__DESC__C                    
0000944c  ti_sysbios_gates_GateHwi_Object__DESC__C                        
0000946c  ti_sysbios_gates_GateMutex_Object__DESC__C                      
0000948c  ti_sysbios_heaps_HeapMem_Object__DESC__C                        
000094ac  ti_sysbios_knl_Clock_Object__DESC__C                            
000094cc  ti_sysbios_knl_Queue_Object__DESC__C                            
000094ec  ti_sysbios_knl_Semaphore_Object__DESC__C                        
0000950c  ti_sysbios_knl_Task_Object__DESC__C                             
0000952c  xdc_runtime_Startup_sfxnTab__A                                  
0000954c  UART_config                                                     
00009564  ti_sysbios_gates_GateHwi_Object__PARAMS__C                      
0000957c  ti_sysbios_gates_GateMutex_Object__PARAMS__C                    
00009594  ti_sysbios_knl_Queue_Object__PARAMS__C                          
000095ac  GPIOMSP432E4_config                                             
000095e4  xdc_runtime_Startup_firstFxns__A                                
000095f4  xdc_runtime_Startup_sfxnRts__A                                  
00009604  ti_sysbios_knl_Idle_funcList__A                                 
00009610  CONFIG_GPIO_LED0_CONST                                          
00009611  CONFIG_GPIO_LED1_CONST                                          
00009612  CONFIG_GPIO_LED2_CONST                                          
00009613  CONFIG_GPIO_LED3_CONST                                          
00009614  CONFIG_GPIO_AUDIO_PWR_CONST                                     
00009615  CONFIG_GPIO_MIC_PWR_CONST                                       
00009616  CONFIG_GPIO_SW1_CONST                                           
00009617  CONFIG_GPIO_SW2_CONST                                           
00009618  CONFIG_UART_0_CONST                                             
00009619  CONFIG_UART_1_CONST                                             
0000961a  UART_count                                                      
0000961b  xdc_runtime_Error_policy__C                                     
0000961c  PowerMSP432E4_config                                            
0000962c  ti_sysbios_knl_Idle_funcList__C                                 
00009634  ti_sysbios_knl_Task_hooks__C                                    
0000963c  xdc_runtime_Startup_firstFxns__C                                
00009644  xdc_runtime_Startup_lastFxns__C                                 
0000965e  ti_sysbios_family_arm_m3_Hwi_Module__id__C                      
00009660  ti_sysbios_family_arm_lm4_Timer_enableFunc__C                   
00009664  ti_sysbios_family_arm_lm4_Timer_numTimerDevices__C              
00009668  ti_sysbios_family_arm_lm4_Timer_startupNeeded__C                
0000966c  ti_sysbios_family_arm_m3_Hwi_E_alreadyDefined__C                
00009670  ti_sysbios_family_arm_m3_Hwi_E_badIntNum__C                     
00009674  ti_sysbios_family_arm_m3_Hwi_NUM_INTERRUPTS__C                  
00009678  ti_sysbios_family_arm_m3_Hwi_Object__count__C                   
0000967c  ti_sysbios_family_arm_m3_Hwi_ccr__C                             
00009680  ti_sysbios_family_arm_m3_Hwi_excHandlerFunc__C                  
00009684  ti_sysbios_family_arm_m3_Hwi_nullIsrFunc__C                     
00009688  ti_sysbios_family_arm_m3_Hwi_priGroup__C                        
0000968c  ti_sysbios_family_arm_m3_TaskSupport_stackAlignment__C          
00009690  ti_sysbios_gates_GateMutex_Instance_State_sem__O                
00009694  ti_sysbios_heaps_HeapMem_E_memory__C                            
00009698  ti_sysbios_heaps_HeapMem_Module__gateObj__C                     
0000969c  ti_sysbios_heaps_HeapMem_Object__count__C                       
000096a0  ti_sysbios_heaps_HeapMem_primaryHeapBaseAddr__C                 
000096a4  ti_sysbios_heaps_HeapMem_primaryHeapEndAddr__C                  
000096a8  ti_sysbios_heaps_HeapMem_reqAlign__C                            
000096ac  ti_sysbios_knl_Clock_Module_State_clockQ__O                     
000096b0  ti_sysbios_knl_Mailbox_Instance_State_freeQue__O                
000096b4  ti_sysbios_knl_Mailbox_Object__count__C                         
000096b8  ti_sysbios_knl_Mailbox_maxTypeAlign__C                          
000096bc  ti_sysbios_knl_Semaphore_Instance_State_pendQ__O                
000096c0  ti_sysbios_knl_Swi_Object__count__C                             
000096c4  ti_sysbios_knl_Task_E_deleteNotAllowed__C                       
000096c8  ti_sysbios_knl_Task_Module_State_inactiveQ__O                   
000096cc  ti_sysbios_knl_Task_Module_State_terminatedQ__O                 
000096d0  ti_sysbios_knl_Task_Object__count__C                            
000096d4  ti_sysbios_knl_Task_Object__heap__C                             
000096d8  ti_sysbios_knl_Task_allBlockedFunc__C                           
000096dc  ti_sysbios_knl_Task_defaultStackHeap__C                         
000096e0  ti_sysbios_knl_Task_defaultStackSize__C                         
000096e4  ti_sysbios_knl_Task_numConstructedTasks__C                      
000096e8  xdc_runtime_Error_E_memory__C                                   
000096ec  xdc_runtime_Error_policyFxn__C                                  
000096f0  xdc_runtime_IGateProvider_Interface__BASE__C                    
000096f4  xdc_runtime_IHeap_Interface__BASE__C                            
000096f8  xdc_runtime_IModule_Interface__BASE__C                          
000096fc  xdc_runtime_Memory_defaultHeapInstance__C                       
00009700  xdc_runtime_Startup_execImpl__C                                 
00009704  xdc_runtime_Startup_maxPasses__C                                
00009708  xdc_runtime_Startup_sfxnRts__C                                  
0000970c  xdc_runtime_Startup_sfxnTab__C                                  
00009710  xdc_runtime_SysCallback_abortFxn__C                             
00009714  xdc_runtime_SysCallback_exitFxn__C                              
00009718  xdc_runtime_System_Module__gateObj__C                           
0000971c  xdc_runtime_System_abortFxn__C                                  
00009720  xdc_runtime_System_exitFxn__C                                   
00009724  xdc_runtime_System_maxAtexitHandlers__C                         
00009728  ti_sysbios_heaps_HeapMem_Module__id__C                          
0000972a  ti_sysbios_knl_Task_Module__id__C                               
0000972c  xdc_runtime_Memory_Module__id__C                                
00009730  __TI_static_base__                                              
000099f8  __TI_Handler_Table_Base                                         
00009a04  __TI_Handler_Table_Limit                                        
00009a10  __TI_CINIT_Base                                                 
00009a20  __TI_CINIT_Limit                                                
00020000  HEAPSIZE                                                        
20000000  __start___llvm_prf_cnts                                         
20000000  __stop___llvm_prf_cnts                                          
20000000  ti_sysbios_family_arm_m3_Hwi_ramVectors                         
20000360  __primary_heap_start__                                          
20020360  __primary_heap_end__                                            
20020360  ti_sysbios_family_arm_m3_Hwi_dispatchTable                      
200206c0  ti_sysbios_knl_Task_Instance_State_0_stack__A                   
200208c0  uartMSP432E4Objects                                             
20020a18  global                                                          
20020ae4  ti_sysbios_knl_Task_Instance_State_0_hookEnv__A                 
20020af0  PowerMSP432E4_module                                            
20020ce8  ti_sysbios_knl_Swi_Module_State_0_readyQ__A                     
20020d68  ti_sysbios_knl_Task_Module_State_0_readyQ__A                    
20020de8  ti_sysbios_gates_GateMutex_Object__table__V                     
20020e3c  ti_sysbios_knl_Task_Object__table__V                            
20020e88  ti_sysbios_knl_Task_Module__state__V                            
20020ecc  ti_sysbios_family_arm_lm4_Timer_Module_State_0_device__A        
20020f0c  ti_sysbios_family_arm_lm4_Timer_Object__table__V                
20020f4c  ti_sysbios_family_arm_m3_Hwi_Module__state__V                   
20020f80  ti_sysbios_knl_Swi_Object__table__V                             
20020fb0  ti_sysbios_knl_Clock_Module__state__V                           
20020fdc  ti_sysbios_BIOS_Module__state__V                                
20021000  gpioCallbackFunctions                                           
20021020  gpioPinConfigs                                                  
20021040  ti_sysbios_family_arm_lm4_Timer_Module_State_0_handles__A       
20021060  xdc_runtime_Error_IgnoreBlock                                   
20021080  ti_sysbios_knl_Swi_Module__state__V                             
2002109c  ti_sysbios_family_arm_m3_Hwi_Object__table__V                   
200210b4  ti_sysbios_heaps_HeapMem_Object__table__V                       
200210cc  ti_sysbios_family_arm_lm4_Timer_Module__state__V                
200210d8  _lock                                                           
200210dc  _unlock                                                         
200210e0  ti_sysbios_family_arm_m3_Hwi_Module__root__V                    
200210e8  ti_sysbios_gates_GateHwi_Module__root__V                        
200210f0  ti_sysbios_gates_GateMutex_Module__root__V                      
200210f8  ti_sysbios_heaps_HeapMem_Module__root__V                        
20021100  ti_sysbios_knl_Clock_Module__root__V                            
20021108  ti_sysbios_knl_Queue_Module__root__V                            
20021110  ti_sysbios_knl_Semaphore_Module__root__V                        
20021118  ti_sysbios_knl_Task_Module__root__V                             
20021120  xdc_runtime_Startup_Module__state__V                            
20021128  xdc_runtime_System_Module_State_0_atexitHandlers__A             
20021130  xdc_runtime_System_Module__state__V                             
2002113e  ti_sysbios_family_arm_m3_Hwi_Module_State_0_excActive__A        
20021140  main_func_sp                                                    
20021144  ti_sysbios_family_arm_m3_Hwi_Module_State_0_excContext__A       
20021148  ti_sysbios_family_arm_m3_Hwi_Module_State_0_excStack__A         
2002114c  ti_sysbios_gates_GateHwi_Object__table__V                       
20021150  ti_sysbios_knl_Task_Module_State_0_idleTask__A                  
20021154  ti_sysbios_rts_ti_ReentSupport_Module__state__V                 
20021158  xdc_runtime_Memory_Module__state__V                             
2003fc00  __stack                                                         
20040000  __STACK_END                                                     
e000e000  ti_sysbios_family_arm_m3_Hwi_nvic                               
ffffffff  __TI_pprof_out_hndl                                             
ffffffff  __TI_prof_data_size                                             
ffffffff  __TI_prof_data_start                                            
ffffffff  __binit__                                                       
ffffffff  __c_args__                                                      
ffffffff  binit                                                           
UNDEFED   SHT$$INIT_ARRAY$$Base                                           
UNDEFED   SHT$$INIT_ARRAY$$Limit                                          

[586 symbols]
